<html>
<body>
<pre>
<h1>礦ision Build Log</h1>
<h2>Tool Versions:</h2>
IDE-Version: μVision V5.14.0.0
Copyright (C) 2015 ARM Ltd and ARM Germany GmbH. All rights reserved.
License Information: Newland Newland, Newland, LIC=MPPLD-8IE7X-9UP4U-SSVRZ-SY4SR-EMVXW
 
Tool Versions:
Toolchain:       MDK-ARM Standard  Version: 5.14.0.0
Toolchain Path:  C:\Keil_v5\ARM\ARMCC\Bin
C Compiler:      Armcc.exe V5.05 update 1 (build 106)
Assembler:       Armasm.exe V5.05 update 1 (build 106)
Linker/Locator:  ArmLink.exe V5.05 update 1 (build 106)
Library Manager: ArmAr.exe V5.05 update 1 (build 106)
Hex Converter:   FromElf.exe V5.05 update 1 (build 106)
CPU DLL:         SARMCM3.DLL V5.14.0.0
Dialog DLL:      DCM.DLL V1.13.1.0
Target DLL:      STLink\ST-LINKIII-KEIL_SWO.dll V2.0.14.0_KEIL
Dialog DLL:      TCM.DLL V1.14.4.0
 
<h2>Project:</h2>
d:\LoRa通用库\project\LoraNode.uvprojx
Project File Date:  05/13/2021

<h2>Output:</h2>
Build target 'LoraNode-433-lora'
compiling main.c...
..\source\apps\main.c(106): warning:  #167-D: argument of type "uint8_t *" is incompatible with parameter of type "char *"
      OLED_ShowCHineseArray(x,y,arr[0]);
..\source\apps\main.c(107): warning:  #167-D: argument of type "uint8_t *" is incompatible with parameter of type "char *"
      OLED_ShowCHineseArray(x+16,y,arr[1]);
..\source\apps\main.c(108): warning:  #167-D: argument of type "uint8_t *" is incompatible with parameter of type "char *"
      OLED_ShowCHineseArray(x+32,y,arr[2]);
..\source\apps\main.c(109): warning:  #167-D: argument of type "uint8_t *" is incompatible with parameter of type "char *"
      OLED_ShowCHineseArray(x+48,y,arr[3]);
..\source\apps\main.c(134): warning:  #167-D: argument of type "uint8_t *" is incompatible with parameter of type "char *"
              OLED_ShowCHineseArray(127-16-i,j,arr[0]);
..\source\apps\main.c(136): warning:  #167-D: argument of type "uint8_t *" is incompatible with parameter of type "char *"
                  OLED_ShowCHineseArray(127-16-i+16,j,arr[1]);
..\source\apps\main.c(139): warning:  #167-D: argument of type "uint8_t *" is incompatible with parameter of type "char *"
                  OLED_ShowCHineseArray(127-16-i+32,j,arr[2]);
..\source\apps\main.c(142): warning:  #167-D: argument of type "uint8_t *" is incompatible with parameter of type "char *"
                  OLED_ShowCHineseArray(127-16-i+48,j,arr[3]);
..\source\apps\main.c(206): warning:  #1-D: last line of file ends without a newline
  }
..\source\apps\main.c(118): warning:  #177-D: variable "F" was declared but never referenced
      uint8_t i = 0,F;
..\source\apps\main.c(119): warning:  #177-D: variable "t" was declared but never referenced
      uint32_t t = 0;
..\source\apps\main.c: 11 warnings, 0 errors
linking...
Program Size: Code=13612 RO-data=328 RW-data=208 ZI-data=2216  
FromELF: creating hex file...
".\Objects\LoraNode.axf" - 0 Error(s), 11 Warning(s).

<h2>Collection of Component include folders:</h2>
  d:\LoRa通用库\project\RTE
  C:\Keil_v5\ARM\PACK\Keil\STM32L1xx_DFP\1.2.0

<h2>Collection of Component Files used:</h2>
</pre>
</body>
</html>
