<html>
<body>
<pre>
<h1>礦ision Build Log</h1>
<h2>Tool Versions:</h2>
IDE-Version: μVision V5.14.0.0
Copyright (C) 2015 ARM Ltd and ARM Germany GmbH. All rights reserved.
License Information: Newland Newland, Newland, LIC=MPPLD-8IE7X-9UP4U-SSVRZ-SY4SR-EMVXW
 
Tool Versions:
Toolchain:       MDK-ARM Standard  Version: 5.14.0.0
Toolchain Path:  C:\Keil_v5\ARM\ARMCC\Bin
C Compiler:      Armcc.exe V5.05 update 1 (build 106)
Assembler:       Armasm.exe V5.05 update 1 (build 106)
Linker/Locator:  ArmLink.exe V5.05 update 1 (build 106)
Library Manager: ArmAr.exe V5.05 update 1 (build 106)
Hex Converter:   FromElf.exe V5.05 update 1 (build 106)
CPU DLL:         SARMCM3.DLL V5.14.0.0
Dialog DLL:      DCM.DLL V1.13.1.0
Target DLL:      STLink\ST-LINKIII-KEIL_SWO.dll V2.0.14.0_KEIL
Dialog DLL:      TCM.DLL V1.14.4.0
 
<h2>Project:</h2>
D:\github\STM32Learn\2021山东省省赛高职组Lora点对点\A\project\LoraNode.uvprojx
Project File Date:  10/16/2022

<h2>Output:</h2>
Build target 'LoraNode-433-lora'
compiling main.c...
..\source\apps\main.c(133): warning:  #167-D: argument of type "uint8_t *" is incompatible with parameter of type "char *"
        OLED_ShowCHineseArray(48,0,KG[0]);
..\source\apps\main.c(134): warning:  #167-D: argument of type "uint8_t *" is incompatible with parameter of type "char *"
        OLED_ShowCHineseArray(80,0,KG[1]);
..\source\apps\main.c(136): warning:  #167-D: argument of type "uint8_t *" is incompatible with parameter of type "char *"
        OLED_ShowCHineseArray(48,4,KG[0]);
..\source\apps\main.c(137): warning:  #167-D: argument of type "uint8_t *" is incompatible with parameter of type "char *"
        OLED_ShowCHineseArray(80,4,KG[1]);
..\source\apps\main.c: 4 warnings, 0 errors
linking...
Program Size: Code=20664 RO-data=5492 RW-data=200 ZI-data=2496  
FromELF: creating hex file...
".\Objects\LoraNode.axf" - 0 Error(s), 4 Warning(s).

<h2>Collection of Component include folders:</h2>
  D:\github\STM32Learn\2021山东省省赛高职组Lora点对点\A\project\RTE
  C:\Keil_v5\ARM\PACK\Keil\STM32L1xx_DFP\1.2.0

<h2>Collection of Component Files used:</h2>
</pre>
</body>
</html>
