Component: ARM Compiler 5.05 update 1 (build 106) Tool: armlink [4d0efa]

==============================================================================

Section Cross References

    main.o(i.DATATIME) refers to main.o(.data) for .data
    main.o(i.Init) refers to board.o(i.BoardInitMcu) for BoardInitMcu
    main.o(i.Init) refers to board.o(i.BoardInitPeriph) for BoardInitPeriph
    main.o(i.Init) refers to hal_key.o(i.keys_init) for keys_init
    main.o(i.Init) refers to tim-board.o(i.setTimer2Callback) for setTimer2Callback
    main.o(i.Init) refers to tim-board.o(i.Tim2McuInit) for Tim2McuInit
    main.o(i.Init) refers to timer_handles.o(i.Time2Handler) for Time2Handler
    main.o(i.KeyDownHandler) refers to hal_key.o(i.isKey2Pressed) for isKey2Pressed
    main.o(i.KeyDownHandler) refers to hal_oled.o(i.OLED_Clear) for OLED_Clear
    main.o(i.KeyDownHandler) refers to hal_key.o(i.resetKey2) for resetKey2
    main.o(i.KeyDownHandler) refers to main.o(i.DATATIME) for DATATIME
    main.o(i.KeyDownHandler) refers to hal_oled.o(i.OLED_ShowNum) for OLED_ShowNum
    main.o(i.KeyDownHandler) refers to hal_key.o(i.isKey3Pressed) for isKey3Pressed
    main.o(i.KeyDownHandler) refers to hal_key.o(i.resetKey3) for resetKey3
    main.o(i.KeyDownHandler) refers to hal_key.o(i.isKey4Pressed) for isKey4Pressed
    main.o(i.KeyDownHandler) refers to hal_key.o(i.resetKey4) for resetKey4
    main.o(i.KeyDownHandler) refers to flash.o(i.STMFLASH_Write) for STMFLASH_Write
    main.o(i.KeyDownHandler) refers to main.o(.data) for .data
    main.o(i.ShowPage1) refers to hal_oled.o(i.OLED_ShowCHineseArray) for OLED_ShowCHineseArray
    main.o(i.ShowPage1) refers to hal_oled.o(i.OLED_ShowChar) for OLED_ShowChar
    main.o(i.ShowPage1) refers to hal_oled.o(i.OLED_ShowNum) for OLED_ShowNum
    main.o(i.ShowPage1) refers to main.o(.data) for .data
    main.o(i.ShowPage2) refers to hal_oled.o(i.OLED_ShowCHineseArray) for OLED_ShowCHineseArray
    main.o(i.ShowPage2) refers to hal_oled.o(i.OLED_ShowChar) for OLED_ShowChar
    main.o(i.ShowPage2) refers to hal_oled.o(i.OLED_ShowNum) for OLED_ShowNum
    main.o(i.ShowPage2) refers to hal_oled.o(i.OLED_DrawBMP) for OLED_DrawBMP
    main.o(i.ShowPage2) refers to main.o(.data) for .data
    main.o(i.handlerPre10Ms) refers to stm32l1xx_hal.o(i.HAL_Delay) for HAL_Delay
    main.o(i.main) refers to main.o(i.Init) for Init
    main.o(i.main) refers to hal_oled.o(i.OLED_Init) for OLED_Init
    main.o(i.main) refers to hal_oled.o(i.OLED_Clear) for OLED_Clear
    main.o(i.main) refers to flash.o(i.STMFLASH_Read) for STMFLASH_Read
    main.o(i.main) refers to main.o(i.ShowPage1) for ShowPage1
    main.o(i.main) refers to main.o(i.KeyDownHandler) for KeyDownHandler
    main.o(i.main) refers to main.o(i.ShowPage2) for ShowPage2
    main.o(i.main) refers to main.o(.data) for .data
    timer_handles.o(i.Time2Handler) refers to key_scaner.o(i.keyScanner) for keyScanner
    adc_reader.o(i.ADCS_Init) refers to adc.o(i.AdcInit) for AdcInit
    adc_reader.o(i.ADCS_Init) refers to adc_reader.o(.bss) for .bss
    adc_reader.o(i.AdcReadCh0) refers to adc_reader.o(.data) for .data
    adc_reader.o(i.AdcReadCh2) refers to adc_reader.o(.data) for .data
    adc_reader.o(i.AdcScanChannel) refers to adc.o(i.AdcReadChannel) for AdcReadChannel
    adc_reader.o(i.AdcScanChannel) refers to dfltui.o(.text) for __aeabi_ui2d
    adc_reader.o(i.AdcScanChannel) refers to dscalb.o(.text) for __ARM_scalbn
    adc_reader.o(i.AdcScanChannel) refers to dmul.o(.text) for __aeabi_dmul
    adc_reader.o(i.AdcScanChannel) refers to d2f.o(.text) for __aeabi_d2f
    adc_reader.o(i.AdcScanChannel) refers to adc_reader.o(.bss) for .bss
    adc_reader.o(i.AdcScanChannel) refers to adc_reader.o(.data) for .data
    configs.o(i.ReadFlashCfg) refers to flash.o(i.STMFLASH_ReadWord) for STMFLASH_ReadWord
    configs.o(i.ReadFlashCfg) refers to printf1.o(i.__0printf$1) for __2printf
    configs.o(i.ReadFlashCfg) refers to configs.o(.data) for .data
    configs.o(i.channelNumPP) refers to configs.o(.data) for .data
    configs.o(i.channelNumSS) refers to configs.o(.data) for .data
    configs.o(i.getChannelNum) refers to configs.o(.data) for .data
    configs.o(i.getCurrentPage) refers to configs.o(.data) for .data
    configs.o(i.getRfFrequency) refers to configs.o(.data) for .data
    configs.o(i.getSensorType) refers to configs.o(.data) for .data
    configs.o(i.setChannelNum) refers to configs.o(.data) for .data
    configs.o(i.setCurrentPage) refers to configs.o(.data) for .data
    configs.o(i.setRfFrequency) refers to configs.o(.data) for .data
    configs.o(i.setSensorType) refers to configs.o(.data) for .data
    ns_radio.o(i.NS_RadioEventsInit) refers to ns_radio.o(i.OnTxDone) for OnTxDone
    ns_radio.o(i.NS_RadioEventsInit) refers to ns_radio.o(.bss) for .bss
    ns_radio.o(i.NS_RadioEventsInit) refers to ns_radio.o(i.OnRxDone) for OnRxDone
    ns_radio.o(i.NS_RadioEventsInit) refers to ns_radio.o(i.OnTxTimeout) for OnTxTimeout
[...]
    ..\source\boards\hardware\sx1276-board.c 0x00000000   Number         0  sx1276-board.o ABSOLUTE
    ..\source\boards\hardware\tim-board.c    0x00000000   Number         0  tim-board.o ABSOLUTE
    ..\source\boards\hardware\uart-board.c   0x00000000   Number         0  uart-board.o ABSOLUTE
    ..\source\boards\hardware\usart1-board.c 0x00000000   Number         0  usart1-board.o ABSOLUTE
    ..\source\boards\mcu\STM32L1xx_HAL_Driver\Src\stm32l1xx_hal.c 0x00000000   Number         0  stm32l1xx_hal.o ABSOLUTE
    ..\source\boards\mcu\STM32L1xx_HAL_Driver\Src\stm32l1xx_hal_adc.c 0x00000000   Number         0  stm32l1xx_hal_adc.o ABSOLUTE
    ..\source\boards\mcu\STM32L1xx_HAL_Driver\Src\stm32l1xx_hal_adc_ex.c 0x00000000   Number         0  stm32l1xx_hal_adc_ex.o ABSOLUTE
    ..\source\boards\mcu\STM32L1xx_HAL_Driver\Src\stm32l1xx_hal_cortex.c 0x00000000   Number         0  stm32l1xx_hal_cortex.o ABSOLUTE
    ..\source\boards\mcu\STM32L1xx_HAL_Driver\Src\stm32l1xx_hal_dma.c 0x00000000   Number         0  stm32l1xx_hal_dma.o ABSOLUTE
    ..\source\boards\mcu\STM32L1xx_HAL_Driver\Src\stm32l1xx_hal_flash.c 0x00000000   Number         0  stm32l1xx_hal_flash.o ABSOLUTE
    ..\source\boards\mcu\STM32L1xx_HAL_Driver\Src\stm32l1xx_hal_flash_ex.c 0x00000000   Number         0  stm32l1xx_hal_flash_ex.o ABSOLUTE
    ..\source\boards\mcu\STM32L1xx_HAL_Driver\Src\stm32l1xx_hal_flash_ramfunc.c 0x00000000   Number         0  stm32l1xx_hal_flash_ramfunc.o ABSOLUTE
    ..\source\boards\mcu\STM32L1xx_HAL_Driver\Src\stm32l1xx_hal_gpio.c 0x00000000   Number         0  stm32l1xx_hal_gpio.o ABSOLUTE
    ..\source\boards\mcu\STM32L1xx_HAL_Driver\Src\stm32l1xx_hal_i2c.c 0x00000000   Number         0  stm32l1xx_hal_i2c.o ABSOLUTE
    ..\source\boards\mcu\STM32L1xx_HAL_Driver\Src\stm32l1xx_hal_iwdg.c 0x00000000   Number         0  stm32l1xx_hal_iwdg.o ABSOLUTE
    ..\source\boards\mcu\STM32L1xx_HAL_Driver\Src\stm32l1xx_hal_pwr.c 0x00000000   Number         0  stm32l1xx_hal_pwr.o ABSOLUTE
    ..\source\boards\mcu\STM32L1xx_HAL_Driver\Src\stm32l1xx_hal_pwr_ex.c 0x00000000   Number         0  stm32l1xx_hal_pwr_ex.o ABSOLUTE
    ..\source\boards\mcu\STM32L1xx_HAL_Driver\Src\stm32l1xx_hal_rcc.c 0x00000000   Number         0  stm32l1xx_hal_rcc.o ABSOLUTE
    ..\source\boards\mcu\STM32L1xx_HAL_Driver\Src\stm32l1xx_hal_rcc_ex.c 0x00000000   Number         0  stm32l1xx_hal_rcc_ex.o ABSOLUTE
    ..\source\boards\mcu\STM32L1xx_HAL_Driver\Src\stm32l1xx_hal_rtc.c 0x00000000   Number         0  stm32l1xx_hal_rtc.o ABSOLUTE
    ..\source\boards\mcu\STM32L1xx_HAL_Driver\Src\stm32l1xx_hal_rtc_ex.c 0x00000000   Number         0  stm32l1xx_hal_rtc_ex.o ABSOLUTE
    ..\source\boards\mcu\STM32L1xx_HAL_Driver\Src\stm32l1xx_hal_spi.c 0x00000000   Number         0  stm32l1xx_hal_spi.o ABSOLUTE
    ..\source\boards\mcu\STM32L1xx_HAL_Driver\Src\stm32l1xx_hal_spi_ex.c 0x00000000   Number         0  stm32l1xx_hal_spi_ex.o ABSOLUTE
    ..\source\boards\mcu\STM32L1xx_HAL_Driver\Src\stm32l1xx_hal_tim.c 0x00000000   Number         0  stm32l1xx_hal_tim.o ABSOLUTE
    ..\source\boards\mcu\STM32L1xx_HAL_Driver\Src\stm32l1xx_hal_tim_ex.c 0x00000000   Number         0  stm32l1xx_hal_tim_ex.o ABSOLUTE
    ..\source\boards\mcu\STM32L1xx_HAL_Driver\Src\stm32l1xx_hal_uart.c 0x00000000   Number         0  stm32l1xx_hal_uart.o ABSOLUTE
    ..\source\boards\mcu\STM32L1xx_HAL_Driver\Src\stm32l1xx_hal_usart.c 0x00000000   Number         0  stm32l1xx_hal_usart.o ABSOLUTE
    ..\source\boards\mcu\sysIrqHandlers.c    0x00000000   Number         0  sysirqhandlers.o ABSOLUTE
    ..\source\boards\mcu\utilities.c         0x00000000   Number         0  utilities.o ABSOLUTE
    ..\source\peripherals\hal_TempRh\hal_temHum.c 0x00000000   Number         0  hal_temhum.o ABSOLUTE
    ..\source\peripherals\hal_interupt\hal_it.c 0x00000000   Number         0  hal_it.o ABSOLUTE
    ..\source\peripherals\hal_key\hal_key.c  0x00000000   Number         0  hal_key.o ABSOLUTE
    ..\source\peripherals\hal_oled\hal_oled.c 0x00000000   Number         0  hal_oled.o ABSOLUTE
    ..\source\radio\sx1276\sx1276.c          0x00000000   Number         0  sx1276.o ABSOLUTE
    ..\source\system\adc.c                   0x00000000   Number         0  adc.o ABSOLUTE
    ..\source\system\delay.c                 0x00000000   Number         0  delay.o ABSOLUTE
    ..\source\system\fifo.c                  0x00000000   Number         0  fifo.o ABSOLUTE
    ..\source\system\flash.c                 0x00000000   Number         0  flash.o ABSOLUTE
    ..\source\system\gpio.c                  0x00000000   Number         0  gpio.o ABSOLUTE
    ..\source\system\iwdg.c                  0x00000000   Number         0  iwdg.o ABSOLUTE
    ..\source\system\timer.c                 0x00000000   Number         0  timer.o ABSOLUTE
    ..\source\system\uart.c                  0x00000000   Number         0  uart.o ABSOLUTE
    cdcmple.s                                0x00000000   Number         0  cdcmple.o ABSOLUTE
    cdrcmple.s                               0x00000000   Number         0  cdrcmple.o ABSOLUTE
    dc.s                                     0x00000000   Number         0  dc.o ABSOLUTE
    handlers.s                               0x00000000   Number         0  handlers.o ABSOLUTE
    init.s                                   0x00000000   Number         0  init.o ABSOLUTE
    RESET                                    0x08000000   Section      244  startup_stm32l151xb.o(RESET)
    .ARM.Collect$$$$00000000                 0x080000f4   Section        0  entry.o(.ARM.Collect$$$$00000000)
    .ARM.Collect$$$$00000001                 0x080000f4   Section        4  entry2.o(.ARM.Collect$$$$00000001)
    .ARM.Collect$$$$00000004                 0x080000f8   Section        4  entry5.o(.ARM.Collect$$$$00000004)
    .ARM.Collect$$$$00000008                 0x080000fc   Section        0  entry7b.o(.ARM.Collect$$$$00000008)
    .ARM.Collect$$$$0000000A                 0x080000fc   Section        0  entry8b.o(.ARM.Collect$$$$0000000A)
    .ARM.Collect$$$$0000000B                 0x080000fc   Section        8  entry9a.o(.ARM.Collect$$$$0000000B)
    .ARM.Collect$$$$0000000D                 0x08000104   Section        0  entry10a.o(.ARM.Collect$$$$0000000D)
    .ARM.Collect$$$$0000000F                 0x08000104   Section        0  entry11a.o(.ARM.Collect$$$$0000000F)
    .ARM.Collect$$$$00002712                 0x08000104   Section        4  entry2.o(.ARM.Collect$$$$00002712)
    __lit__00000000                          0x08000104   Data           4  entry2.o(.ARM.Collect$$$$00002712)
    .text                                    0x08000108   Section       36  startup_stm32l151xb.o(.text)
    .text                                    0x0800012c   Section        0  memcpya.o(.text)
    .text                                    0x08000150   Section        0  dadd.o(.text)
    .text                                    0x0800029e   Section        0  dmul.o(.text)
    .text                                    0x08000382   Section        0  dflti.o(.text)
    .text                                    0x080003a4   Section        0  dfltui.o(.text)
    .text                                    0x080003be   Section        0  dfixi.o(.text)
    .text                                    0x080003fc   Section        0  dfixui.o(.text)
    .text                                    0x08000430   Section       48  cdcmple.o(.text)
    .text                                    0x08000460   Section       48  cdrcmple.o(.text)
    .text                                    0x08000490   Section        0  uidiv.o(.text)
    .text                                    0x080004bc   Section        0  llshl.o(.text)
    .text                                    0x080004da   Section        0  llushr.o(.text)
    .text                                    0x080004fa   Section        0  llsshr.o(.text)
    .text                                    0x0800051e   Section        0  iusefp.o(.text)
    .text                                    0x0800051e   Section        0  depilogue.o(.text)
    .text                                    0x080005d8   Section        0  drnd.o(.text)
    .text                                    0x08000660   Section       36  init.o(.text)
    .text                                    0x08000684   Section        0  __dczerorl2.o(.text)
    i.BlockLowPowerDuringTask                0x080006dc   Section        0  rtc-board.o(i.BlockLowPowerDuringTask)
    i.BoardDisableIrq                        0x080006f0   Section        0  board.o(i.BoardDisableIrq)
    i.BoardEnableIrq                         0x08000700   Section        0  board.o(i.BoardEnableIrq)
    i.BoardInitMcu                           0x08000718   Section        0  board.o(i.BoardInitMcu)
    i.BoardInitPeriph                        0x08000790   Section        0  board.o(i.BoardInitPeriph)
    i.BusFault_Handler                       0x080007f0   Section        0  sysirqhandlers.o(i.BusFault_Handler)
    i.DATATIME                               0x080007f4   Section        0  main.o(i.DATATIME)
    i.DebugMon_Handler                       0x0800082c   Section        0  sysirqhandlers.o(i.DebugMon_Handler)
    i.EXTI0_IRQHandler                       0x0800082e   Section        0  gpio-board.o(i.EXTI0_IRQHandler)
    i.EXTI15_10_IRQHandler                   0x0800083e   Section        0  gpio-board.o(i.EXTI15_10_IRQHandler)
    i.EXTI1_IRQHandler                       0x08000878   Section        0  gpio-board.o(i.EXTI1_IRQHandler)
    i.EXTI2_IRQHandler                       0x08000888   Section        0  gpio-board.o(i.EXTI2_IRQHandler)
    i.EXTI3_IRQHandler                       0x08000898   Section        0  gpio-board.o(i.EXTI3_IRQHandler)
    i.EXTI4_IRQHandler                       0x080008a8   Section        0  gpio-board.o(i.EXTI4_IRQHandler)
    i.EXTI9_5_IRQHandler                     0x080008b8   Section        0  gpio-board.o(i.EXTI9_5_IRQHandler)
    i.FLASH_DATAEEPROM_FastProgramByte       0x080008e4   Section        0  stm32l1xx_hal_flash_ex.o(i.FLASH_DATAEEPROM_FastProgramByte)
    FLASH_DATAEEPROM_FastProgramByte         0x080008e5   Thumb Code   100  stm32l1xx_hal_flash_ex.o(i.FLASH_DATAEEPROM_FastProgramByte)
    i.FLASH_DATAEEPROM_FastProgramHalfWord   0x08000950   Section        0  stm32l1xx_hal_flash_ex.o(i.FLASH_DATAEEPROM_FastProgramHalfWord)
    FLASH_DATAEEPROM_FastProgramHalfWord     0x08000951   Thumb Code   138  stm32l1xx_hal_flash_ex.o(i.FLASH_DATAEEPROM_FastProgramHalfWord)
    i.FLASH_DATAEEPROM_ProgramByte           0x080009e4   Section        0  stm32l1xx_hal_flash_ex.o(i.FLASH_DATAEEPROM_ProgramByte)
    FLASH_DATAEEPROM_ProgramByte             0x080009e5   Thumb Code    90  stm32l1xx_hal_flash_ex.o(i.FLASH_DATAEEPROM_ProgramByte)
    i.FLASH_DATAEEPROM_ProgramHalfWord       0x08000a44   Section        0  stm32l1xx_hal_flash_ex.o(i.FLASH_DATAEEPROM_ProgramHalfWord)
    FLASH_DATAEEPROM_ProgramHalfWord         0x08000a45   Thumb Code   128  stm32l1xx_hal_flash_ex.o(i.FLASH_DATAEEPROM_ProgramHalfWord)
    i.FLASH_PageErase                        0x08000ac8   Section        0  stm32l1xx_hal_flash_ex.o(i.FLASH_PageErase)
    i.FLASH_SetErrorCode                     0x08000af0   Section        0  stm32l1xx_hal_flash.o(i.FLASH_SetErrorCode)
    FLASH_SetErrorCode                       0x08000af1   Thumb Code    62  stm32l1xx_hal_flash.o(i.FLASH_SetErrorCode)
    i.FLASH_WaitForLastOperation             0x08000b38   Section        0  stm32l1xx_hal_flash.o(i.FLASH_WaitForLastOperation)
    i.GpioInit                               0x08000b8c   Section        0  gpio.o(i.GpioInit)
    i.GpioMcuInit                            0x08000b9c   Section        0  gpio-board.o(i.GpioMcuInit)
    i.GpioMcuWrite                           0x08000ca0   Section        0  gpio-board.o(i.GpioMcuWrite)
    i.GpioWrite                              0x08000cb4   Section        0  gpio.o(i.GpioWrite)
    i.HAL_DBGMCU_EnableDBGSleepMode          0x08000cb8   Section        0  stm32l1xx_hal.o(i.HAL_DBGMCU_EnableDBGSleepMode)
    i.HAL_DBGMCU_EnableDBGStandbyMode        0x08000cc8   Section        0  stm32l1xx_hal.o(i.HAL_DBGMCU_EnableDBGStandbyMode)
    i.HAL_DBGMCU_EnableDBGStopMode           0x08000cd8   Section        0  stm32l1xx_hal.o(i.HAL_DBGMCU_EnableDBGStopMode)
    i.HAL_FLASHEx_DATAEEPROM_Erase           0x08000ce8   Section        0  stm32l1xx_hal_flash_ex.o(i.HAL_FLASHEx_DATAEEPROM_Erase)
    i.HAL_FLASHEx_DATAEEPROM_Lock            0x08000d28   Section        0  stm32l1xx_hal_flash_ex.o(i.HAL_FLASHEx_DATAEEPROM_Lock)
    i.HAL_FLASHEx_DATAEEPROM_Program         0x08000d3c   Section        0  stm32l1xx_hal_flash_ex.o(i.HAL_FLASHEx_DATAEEPROM_Program)
    i.HAL_FLASHEx_DATAEEPROM_Unlock          0x08000de4   Section        0  stm32l1xx_hal_flash_ex.o(i.HAL_FLASHEx_DATAEEPROM_Unlock)
    i.HAL_FLASHEx_Erase                      0x08000e0c   Section        0  stm32l1xx_hal_flash_ex.o(i.HAL_FLASHEx_Erase)
    i.HAL_FLASH_Lock                         0x08000e8c   Section        0  stm32l1xx_hal_flash.o(i.HAL_FLASH_Lock)
    i.HAL_FLASH_Unlock                       0x08000ea0   Section        0  stm32l1xx_hal_flash.o(i.HAL_FLASH_Unlock)
    i.HAL_GPIO_EXTI_Callback                 0x08000ee4   Section        0  gpio-board.o(i.HAL_GPIO_EXTI_Callback)
    i.HAL_GPIO_EXTI_IRQHandler               0x08000f08   Section        0  stm32l1xx_hal_gpio.o(i.HAL_GPIO_EXTI_IRQHandler)
    i.HAL_GPIO_Init                          0x08000f20   Section        0  stm32l1xx_hal_gpio.o(i.HAL_GPIO_Init)
    i.HAL_GPIO_ReadPin                       0x080010ac   Section        0  stm32l1xx_hal_gpio.o(i.HAL_GPIO_ReadPin)
    i.HAL_GPIO_WritePin                      0x080010b6   Section        0  stm32l1xx_hal_gpio.o(i.HAL_GPIO_WritePin)
    i.HAL_GetTick                            0x080010c0   Section        0  stm32l1xx_hal.o(i.HAL_GetTick)
    i.HAL_IncTick                            0x080010cc   Section        0  stm32l1xx_hal.o(i.HAL_IncTick)
    i.HAL_Init                               0x080010dc   Section        0  stm32l1xx_hal.o(i.HAL_Init)
    i.HAL_InitTick                           0x080010f4   Section        0  stm32l1xx_hal.o(i.HAL_InitTick)
    i.HAL_MspInit                            0x0800111c   Section        0  stm32l1xx_hal.o(i.HAL_MspInit)
    i.HAL_NVIC_EnableIRQ                     0x0800111e   Section        0  stm32l1xx_hal_cortex.o(i.HAL_NVIC_EnableIRQ)
    i.HAL_NVIC_SetPriority                   0x08001134   Section        0  stm32l1xx_hal_cortex.o(i.HAL_NVIC_SetPriority)
    i.HAL_NVIC_SetPriorityGrouping           0x08001174   Section        0  stm32l1xx_hal_cortex.o(i.HAL_NVIC_SetPriorityGrouping)
    i.HAL_PWREx_GetVoltageRange              0x08001198   Section        0  stm32l1xx_hal_pwr_ex.o(i.HAL_PWREx_GetVoltageRange)
    i.HAL_RCCEx_PeriphCLKConfig              0x080011a8   Section        0  stm32l1xx_hal_rcc_ex.o(i.HAL_RCCEx_PeriphCLKConfig)
    i.HAL_RCC_ClockConfig                    0x08001310   Section        0  stm32l1xx_hal_rcc.o(i.HAL_RCC_ClockConfig)
    i.HAL_RCC_GetHCLKFreq                    0x080014e4   Section        0  stm32l1xx_hal_rcc.o(i.HAL_RCC_GetHCLKFreq)
    i.HAL_RCC_GetSysClockFreq                0x080014f0   Section        0  stm32l1xx_hal_rcc.o(i.HAL_RCC_GetSysClockFreq)
    i.HAL_RCC_OscConfig                      0x0800157c   Section        0  stm32l1xx_hal_rcc.o(i.HAL_RCC_OscConfig)
    i.HAL_RTCEx_AlarmBEventCallback          0x08001ccc   Section        0  stm32l1xx_hal_rtc_ex.o(i.HAL_RTCEx_AlarmBEventCallback)
    i.HAL_RTCEx_DeactivateWakeUpTimer        0x08001cce   Section        0  stm32l1xx_hal_rtc_ex.o(i.HAL_RTCEx_DeactivateWakeUpTimer)
    i.HAL_RTC_AlarmAEventCallback            0x08001d48   Section        0  stm32l1xx_hal_rtc.o(i.HAL_RTC_AlarmAEventCallback)
    i.HAL_RTC_AlarmIRQHandler                0x08001d4c   Section        0  stm32l1xx_hal_rtc.o(i.HAL_RTC_AlarmIRQHandler)
    i.HAL_RTC_DeactivateAlarm                0x08001da8   Section        0  stm32l1xx_hal_rtc.o(i.HAL_RTC_DeactivateAlarm)
    i.HAL_RTC_GetAlarm                       0x08001e5a   Section        0  stm32l1xx_hal_rtc_ex.o(i.HAL_RTC_GetAlarm)
    i.HAL_RTC_GetDate                        0x08001ec8   Section        0  stm32l1xx_hal_rtc.o(i.HAL_RTC_GetDate)
    i.HAL_RTC_GetTime                        0x08001f0c   Section        0  stm32l1xx_hal_rtc_ex.o(i.HAL_RTC_GetTime)
    i.HAL_RTC_Init                           0x08001f54   Section        0  stm32l1xx_hal_rtc.o(i.HAL_RTC_Init)
    i.HAL_RTC_MspInit                        0x08001ff0   Section        0  stm32l1xx_hal_rtc.o(i.HAL_RTC_MspInit)
    i.HAL_RTC_SetAlarm_IT                    0x08001ff4   Section        0  stm32l1xx_hal_rtc_ex.o(i.HAL_RTC_SetAlarm_IT)
    i.HAL_RTC_SetDate                        0x08002174   Section        0  stm32l1xx_hal_rtc.o(i.HAL_RTC_SetDate)
    i.HAL_RTC_SetTime                        0x0800223c   Section        0  stm32l1xx_hal_rtc.o(i.HAL_RTC_SetTime)
    i.HAL_RTC_WaitForSynchro                 0x08002324   Section        0  stm32l1xx_hal_rtc_ex.o(i.HAL_RTC_WaitForSynchro)
    i.HAL_SPI_Init                           0x0800235a   Section        0  stm32l1xx_hal_spi_ex.o(i.HAL_SPI_Init)
    i.HAL_SPI_MspInit                        0x080023d4   Section        0  stm32l1xx_hal_spi.o(i.HAL_SPI_MspInit)
    i.HAL_SYSTICK_CLKSourceConfig            0x080023d6   Section        0  stm32l1xx_hal_cortex.o(i.HAL_SYSTICK_CLKSourceConfig)
    i.HAL_SYSTICK_Callback                   0x080023ee   Section        0  stm32l1xx_hal_cortex.o(i.HAL_SYSTICK_Callback)
    i.HAL_SYSTICK_Config                     0x080023f0   Section        0  stm32l1xx_hal_cortex.o(i.HAL_SYSTICK_Config)
    i.HAL_SYSTICK_IRQHandler                 0x08002418   Section        0  stm32l1xx_hal_cortex.o(i.HAL_SYSTICK_IRQHandler)
    i.HAL_TIM_Base_Init                      0x08002420   Section        0  stm32l1xx_hal_tim.o(i.HAL_TIM_Base_Init)
    i.HAL_TIM_Base_MspInit                   0x08002458   Section        0  tim-board.o(i.HAL_TIM_Base_MspInit)
    i.HAL_TIM_Base_Start_IT                  0x080024b8   Section        0  stm32l1xx_hal_tim.o(i.HAL_TIM_Base_Start_IT)
    i.HAL_TIM_IC_CaptureCallback             0x080024d0   Section        0  stm32l1xx_hal_tim.o(i.HAL_TIM_IC_CaptureCallback)
    i.HAL_TIM_IRQHandler                     0x080024d2   Section        0  stm32l1xx_hal_tim.o(i.HAL_TIM_IRQHandler)
    i.HAL_TIM_OC_DelayElapsedCallback        0x080025f8   Section        0  stm32l1xx_hal_tim.o(i.HAL_TIM_OC_DelayElapsedCallback)
    i.HAL_TIM_PWM_PulseFinishedCallback      0x080025fa   Section        0  stm32l1xx_hal_tim.o(i.HAL_TIM_PWM_PulseFinishedCallback)
    i.HAL_TIM_PeriodElapsedCallback          0x080025fc   Section        0  tim-board.o(i.HAL_TIM_PeriodElapsedCallback)
    i.HAL_TIM_TriggerCallback                0x08002624   Section        0  stm32l1xx_hal_tim.o(i.HAL_TIM_TriggerCallback)
    i.Init                                   0x08002628   Section        0  main.o(i.Init)
    i.KeyDownHandler                         0x0800264c   Section        0  main.o(i.KeyDownHandler)
    i.MemManage_Handler                      0x08002790   Section        0  sysirqhandlers.o(i.MemManage_Handler)
    i.NMI_Handler                            0x08002792   Section        0  sysirqhandlers.o(i.NMI_Handler)
    i.NVIC_SetPriority                       0x08002794   Section        0  stm32l1xx_hal_cortex.o(i.NVIC_SetPriority)
    NVIC_SetPriority                         0x08002795   Thumb Code    32  stm32l1xx_hal_cortex.o(i.NVIC_SetPriority)
    i.OLED_Clear                             0x080027b4   Section        0  hal_oled.o(i.OLED_Clear)
    i.OLED_DrawBMP                           0x080027f0   Section        0  hal_oled.o(i.OLED_DrawBMP)
    i.OLED_DrawBMP2                          0x08002806   Section        0  hal_oled.o(i.OLED_DrawBMP2)
    i.OLED_Init                              0x08002846   Section        0  hal_oled.o(i.OLED_Init)
    i.OLED_Init_Set_Inverse                  0x0800284c   Section        0  hal_oled.o(i.OLED_Init_Set_Inverse)
    i.OLED_Set_Pos                           0x08002994   Section        0  hal_oled.o(i.OLED_Set_Pos)
    i.OLED_ShowCHineseArray                  0x080029c0   Section        0  hal_oled.o(i.OLED_ShowCHineseArray)
    i.OLED_ShowChar                          0x08002a00   Section        0  hal_oled.o(i.OLED_ShowChar)
    i.OLED_ShowNum                           0x08002a64   Section        0  hal_oled.o(i.OLED_ShowNum)
    i.OLED_WR_Byte                           0x08002ac8   Section        0  hal_oled.o(i.OLED_WR_Byte)
    i.RCC_SetFlashLatencyFromMSIRange        0x08002b30   Section        0  stm32l1xx_hal_rcc.o(i.RCC_SetFlashLatencyFromMSIRange)
    RCC_SetFlashLatencyFromMSIRange          0x08002b31   Thumb Code   112  stm32l1xx_hal_rcc.o(i.RCC_SetFlashLatencyFromMSIRange)
    i.RTC_Alarm_IRQHandler                   0x08002ba8   Section        0  rtc-board.o(i.RTC_Alarm_IRQHandler)
    i.RTC_Bcd2ToByte                         0x08002bd4   Section        0  stm32l1xx_hal_rtc.o(i.RTC_Bcd2ToByte)
    i.RTC_ByteToBcd2                         0x08002be6   Section        0  stm32l1xx_hal_rtc.o(i.RTC_ByteToBcd2)
    i.RTC_EnterInitMode                      0x08002bfc   Section        0  stm32l1xx_hal_rtc.o(i.RTC_EnterInitMode)
    i.RtcComputeTimerTimeToAlarmTick         0x08002c38   Section        0  rtc-board.o(i.RtcComputeTimerTimeToAlarmTick)
    RtcComputeTimerTimeToAlarmTick           0x08002c39   Thumb Code   436  rtc-board.o(i.RtcComputeTimerTimeToAlarmTick)
    i.RtcComputeWakeUpTime                   0x08002e14   Section        0  rtc-board.o(i.RtcComputeWakeUpTime)
    RtcComputeWakeUpTime                     0x08002e15   Thumb Code   138  rtc-board.o(i.RtcComputeWakeUpTime)
    i.RtcConvertCalendarTickToTimerTime      0x08002eac   Section        0  rtc-board.o(i.RtcConvertCalendarTickToTimerTime)
    RtcConvertCalendarTickToTimerTime        0x08002ead   Thumb Code   280  rtc-board.o(i.RtcConvertCalendarTickToTimerTime)
    i.RtcGetAdjustedTimeoutValue             0x08002fd8   Section        0  rtc-board.o(i.RtcGetAdjustedTimeoutValue)
    i.RtcGetCalendar                         0x08003008   Section        0  rtc-board.o(i.RtcGetCalendar)
    RtcGetCalendar                           0x08003009   Thumb Code    80  rtc-board.o(i.RtcGetCalendar)
    i.RtcGetElapsedAlarmTime                 0x08003060   Section        0  rtc-board.o(i.RtcGetElapsedAlarmTime)
    i.RtcInit                                0x08003084   Section        0  rtc-board.o(i.RtcInit)
    i.RtcRecoverMcuStatus                    0x08003114   Section        0  rtc-board.o(i.RtcRecoverMcuStatus)
    i.RtcSetTimeout                          0x08003154   Section        0  rtc-board.o(i.RtcSetTimeout)
    i.RtcStartWakeUpAlarm                    0x08003158   Section        0  rtc-board.o(i.RtcStartWakeUpAlarm)
    RtcStartWakeUpAlarm                      0x08003159   Thumb Code   142  rtc-board.o(i.RtcStartWakeUpAlarm)
    i.STMFLASH_Read                          0x080031ec   Section        0  flash.o(i.STMFLASH_Read)
    i.STMFLASH_Write                         0x08003200   Section        0  flash.o(i.STMFLASH_Write)
    i.SX1276IoInit                           0x0800324c   Section        0  sx1276-board.o(i.SX1276IoInit)
    i.ShowPage1                              0x0800328c   Section        0  main.o(i.ShowPage1)
    i.ShowPage2                              0x08003324   Section        0  main.o(i.ShowPage2)
    i.SpiFormat                              0x080033d0   Section        0  spi-board.o(i.SpiFormat)
    i.SpiFrequency                           0x08003400   Section        0  spi-board.o(i.SpiFrequency)
    i.SpiInit                                0x0800342c   Section        0  spi-board.o(i.SpiInit)
    i.SysTick_Handler                        0x0800353c   Section        0  board.o(i.SysTick_Handler)
    i.SystemClockConfig                      0x0800354c   Section        0  board.o(i.SystemClockConfig)
    SystemClockConfig                        0x0800354d   Thumb Code   146  board.o(i.SystemClockConfig)
    i.SystemClockReConfig                    0x080035e8   Section        0  board.o(i.SystemClockReConfig)
    SystemClockReConfig                      0x080035e9   Thumb Code   186  board.o(i.SystemClockReConfig)
    i.SystemInit                             0x080036b0   Section        0  system_stm32l1xx.o(i.SystemInit)
    i.TIM2_IRQHandler                        0x08003700   Section        0  tim-board.o(i.TIM2_IRQHandler)
    i.TIM3_IRQHandler                        0x0800370c   Section        0  tim-board.o(i.TIM3_IRQHandler)
    i.TIM_Base_SetConfig                     0x08003718   Section        0  stm32l1xx_hal_tim.o(i.TIM_Base_SetConfig)
    TIM_Base_SetConfig                       0x08003719   Thumb Code    86  stm32l1xx_hal_tim.o(i.TIM_Base_SetConfig)
    i.Tim2McuInit                            0x08003784   Section        0  tim-board.o(i.Tim2McuInit)
    i.Time2Handler                           0x0800380c   Section        0  timer_handles.o(i.Time2Handler)
    i.TimerIrqHandler                        0x08003810   Section        0  timer.o(i.TimerIrqHandler)
    i.TimerSetTimeout                        0x08003864   Section        0  timer.o(i.TimerSetTimeout)
    TimerSetTimeout                          0x08003865   Thumb Code    26  timer.o(i.TimerSetTimeout)
    i.USART1_GetFlagStatus                   0x08003884   Section        0  usart1-board.o(i.USART1_GetFlagStatus)
    i.USART1_IRQHandler                      0x08003898   Section        0  usart1-board.o(i.USART1_IRQHandler)
    i.USART1_ReceiveData                     0x080038d0   Section        0  usart1-board.o(i.USART1_ReceiveData)
    i.UsageFault_Handler                     0x080038e0   Section        0  sysirqhandlers.o(i.UsageFault_Handler)
    i.__0printf$1                            0x080038e4   Section        0  printf1.o(i.__0printf$1)
    i.__scatterload_copy                     0x08003904   Section       14  handlers.o(i.__scatterload_copy)
    i.__scatterload_null                     0x08003912   Section        2  handlers.o(i.__scatterload_null)
    i.__scatterload_zeroinit                 0x08003914   Section       14  handlers.o(i.__scatterload_zeroinit)
    i._printf_core                           0x08003924   Section        0  printf1.o(i._printf_core)
    _printf_core                             0x08003925   Thumb Code   336  printf1.o(i._printf_core)
    i.ceil                                   0x08003a78   Section        0  ceil.o(i.ceil)
    i.fputc                                  0x08003b54   Section        0  uart.o(i.fputc)
    i.isKey2Pressed                          0x08003b6c   Section        0  hal_key.o(i.isKey2Pressed)
    i.isKey3Pressed                          0x08003b78   Section        0  hal_key.o(i.isKey3Pressed)
    i.isKey4Pressed                          0x08003b84   Section        0  hal_key.o(i.isKey4Pressed)
    i.keyScanner                             0x08003b90   Section        0  key_scaner.o(i.keyScanner)
    i.keys_init                              0x08003bac   Section        0  hal_key.o(i.keys_init)
    i.main                                   0x08003bf0   Section        0  main.o(i.main)
    i.oled_pow                               0x08003c28   Section        0  hal_oled.o(i.oled_pow)
    i.resetKey2                              0x08003c38   Section        0  hal_key.o(i.resetKey2)
    i.resetKey3                              0x08003c44   Section        0  hal_key.o(i.resetKey3)
    i.resetKey4                              0x08003c50   Section        0  hal_key.o(i.resetKey4)
    i.round                                  0x08003c5c   Section        0  round.o(i.round)
    i.scan_keys                              0x08003cf0   Section        0  hal_key.o(i.scan_keys)
    i.setTimer2Callback                      0x08003dcc   Section        0  tim-board.o(i.setTimer2Callback)
    .constdata                               0x08003dd8   Section       24  rtc-board.o(.constdata)
    DaysInMonth                              0x08003dd8   Data          12  rtc-board.o(.constdata)
    DaysInMonthLeapYear                      0x08003de4   Data          12  rtc-board.o(.constdata)
    .constdata                               0x08003df0   Section       25  system_stm32l1xx.o(.constdata)
    .constdata                               0x08003e09   Section     4848  hal_oled.o(.constdata)
    F8X16                                    0x08003e09   Data        1520  hal_oled.o(.constdata)
    Hzk                                      0x080043f9   Data        3328  hal_oled.o(.constdata)
    .data                                    0x20000000   Section      284  main.o(.data)
    .data                                    0x2000011c   Section        4  key_scaner.o(.data)
    key_scan_tick                            0x2000011c   Data           4  key_scaner.o(.data)
    .data                                    0x20000120   Section        4  board.o(.data)
    McuInitialized                           0x20000120   Data           1  board.o(.data)
    IrqNestLevel                             0x20000121   Data           1  board.o(.data)
    BatteryVoltage                           0x20000122   Data           2  board.o(.data)
    .data                                    0x20000124   Section       16  rtc-board.o(.data)
    CalendarRollOverReady                    0x20000124   Data           1  rtc-board.o(.data)
    RtcTimerEventAllowsLowPower              0x20000126   Data           1  rtc-board.o(.data)
    LowPowerDisableDuringTask                0x20000127   Data           1  rtc-board.o(.data)
    RtcInitialized                           0x20000128   Data           1  rtc-board.o(.data)
    WakeUpTimeInitialized                    0x20000129   Data           1  rtc-board.o(.data)
    Century                                  0x2000012a   Data           2  rtc-board.o(.data)
    TimeoutValueError                        0x20000130   Data           4  rtc-board.o(.data)
    .data                                    0x20000134   Section        8  tim-board.o(.data)
    .data                                    0x2000013c   Section        6  usart1-board.o(.data)
    .data                                    0x20000144   Section        4  system_stm32l1xx.o(.data)
    .data                                    0x20000148   Section        4  stm32l1xx_hal.o(.data)
    .data                                    0x2000014c   Section       14  hal_key.o(.data)
    key2_status                              0x20000151   Data           1  hal_key.o(.data)
    key2_down_cnt                            0x20000152   Data           1  hal_key.o(.data)
    key2_up_cnt                              0x20000153   Data           1  hal_key.o(.data)
    key3_status                              0x20000154   Data           1  hal_key.o(.data)
    key3_down_cnt                            0x20000155   Data           1  hal_key.o(.data)
    key3_up_cnt                              0x20000156   Data           1  hal_key.o(.data)
    key4_status                              0x20000157   Data           1  hal_key.o(.data)
    key4_down_cnt                            0x20000158   Data           1  hal_key.o(.data)
    key4_up_cnt                              0x20000159   Data           1  hal_key.o(.data)
    .data                                    0x2000015c   Section        8  timer.o(.data)
    TimerListHead                            0x20000160   Data           4  timer.o(.data)
    .data                                    0x20000164   Section        4  uart.o(.data)
    .bss                                     0x20000168   Section       48  board.o(.bss)
    .bss                                     0x20000198   Section       64  gpio-board.o(.bss)
    GpioIrq                                  0x20000198   Data          64  gpio-board.o(.bss)
    .bss                                     0x200001d8   Section       52  rtc-board.o(.bss)
    .bss                                     0x2000020c   Section      112  tim-board.o(.bss)
    .bss                                     0x2000027c   Section      276  usart1-board.o(.bss)
    Usart1Timer                              0x2000037c   Data          20  usart1-board.o(.bss)
    .bss                                     0x20000390   Section       24  stm32l1xx_hal_flash.o(.bss)
    .bss                                     0x200003a8   Section       48  hal_oled.o(.bss)
    .bss                                     0x200003d8   Section      588  sx1276.o(.bss)
    RxTxBuffer                               0x200003d8   Data         256  sx1276.o(.bss)
    STACK                                    0x20000628   Section     1024  startup_stm32l151xb.o(STACK)

    Global Symbols

    Symbol Name                              Value     Ov Type        Size  Object(Section)

    BuildAttributes$$THM_ISAv4$P$D$K$B$S$PE$A:L22UL41UL21$X:L11$S22US41US21$IEEE1$IW$USESV6$~STKCKD$USESV7$~SHL$OTIME$ROPI$IEEEJ$EBA8$MICROLIB$REQ8$PRES8$EABIv2 0x00000000   Number         0  anon$$obj.o ABSOLUTE
    __ARM_use_no_argv                        0x00000000   Number         0  main.o ABSOLUTE
    __use_no_errno                           0x00000000   Number         0  useno.o ABSOLUTE
    __use_no_exception_handling              0x00000000   Number         0  useno.o ABSOLUTE
    __use_no_fp                              0x00000000   Number         0  useno.o ABSOLUTE
    __use_no_heap                            0x00000000   Number         0  useno.o ABSOLUTE
    __use_no_heap_region                     0x00000000   Number         0  useno.o ABSOLUTE
    __use_no_semihosting                     0x00000000   Number         0  useno.o ABSOLUTE
    __use_no_semihosting_swi                 0x00000000   Number         0  useno.o ABSOLUTE
    __use_no_signal_handling                 0x00000000   Number         0  useno.o ABSOLUTE
    _printf_a                                0x00000000   Number         0  stubs.o ABSOLUTE
    _printf_c                                0x00000000   Number         0  stubs.o ABSOLUTE
    _printf_charcount                        0x00000000   Number         0  stubs.o ABSOLUTE
    _printf_d                                0x00000000   Number         0  stubs.o ABSOLUTE
    _printf_e                                0x00000000   Number         0  stubs.o ABSOLUTE
    _printf_f                                0x00000000   Number         0  stubs.o ABSOLUTE
    _printf_flags                            0x00000000   Number         0  stubs.o ABSOLUTE
    _printf_fp_dec                           0x00000000   Number         0  stubs.o ABSOLUTE
    _printf_fp_hex                           0x00000000   Number         0  stubs.o ABSOLUTE
    _printf_g                                0x00000000   Number         0  stubs.o ABSOLUTE
    _printf_i                                0x00000000   Number         0  stubs.o ABSOLUTE
    _printf_int_dec                          0x00000000   Number         0  stubs.o ABSOLUTE
    _printf_l                                0x00000000   Number         0  stubs.o ABSOLUTE
    _printf_lc                               0x00000000   Number         0  stubs.o ABSOLUTE
    _printf_ll                               0x00000000   Number         0  stubs.o ABSOLUTE
    _printf_lld                              0x00000000   Number         0  stubs.o ABSOLUTE
    _printf_lli                              0x00000000   Number         0  stubs.o ABSOLUTE
    _printf_llo                              0x00000000   Number         0  stubs.o ABSOLUTE
    _printf_llu                              0x00000000   Number         0  stubs.o ABSOLUTE
    _printf_llx                              0x00000000   Number         0  stubs.o ABSOLUTE
    _printf_longlong_dec                     0x00000000   Number         0  stubs.o ABSOLUTE
    _printf_longlong_hex                     0x00000000   Number         0  stubs.o ABSOLUTE
    _printf_longlong_oct                     0x00000000   Number         0  stubs.o ABSOLUTE
    _printf_ls                               0x00000000   Number         0  stubs.o ABSOLUTE
    _printf_mbtowc                           0x00000000   Number         0  stubs.o ABSOLUTE
    _printf_n                                0x00000000   Number         0  stubs.o ABSOLUTE
    _printf_o                                0x00000000   Number         0  stubs.o ABSOLUTE
    _printf_p                                0x00000000   Number         0  stubs.o ABSOLUTE
    _printf_percent                          0x00000000   Number         0  stubs.o ABSOLUTE
    _printf_pre_padding                      0x00000000   Number         0  stubs.o ABSOLUTE
    _printf_return_value                     0x00000000   Number         0  stubs.o ABSOLUTE
    _printf_s                                0x00000000   Number         0  stubs.o ABSOLUTE
    _printf_sizespec                         0x00000000   Number         0  stubs.o ABSOLUTE
    _printf_str                              0x00000000   Number         0  stubs.o ABSOLUTE
    _printf_truncate_signed                  0x00000000   Number         0  stubs.o ABSOLUTE
    _printf_truncate_unsigned                0x00000000   Number         0  stubs.o ABSOLUTE
    _printf_u                                0x00000000   Number         0  stubs.o ABSOLUTE
    _printf_wc                               0x00000000   Number         0  stubs.o ABSOLUTE
    _printf_wctomb                           0x00000000   Number         0  stubs.o ABSOLUTE
    _printf_widthprec                        0x00000000   Number         0  stubs.o ABSOLUTE
    _printf_x                                0x00000000   Number         0  stubs.o ABSOLUTE
    __cpp_initialize__aeabi_                  - Undefined Weak Reference
    __cxa_finalize                            - Undefined Weak Reference
    _clock_init                               - Undefined Weak Reference
    _microlib_exit                            - Undefined Weak Reference
    __Vectors_Size                           0x000000f4   Number         0  startup_stm32l151xb.o ABSOLUTE
    __Vectors                                0x08000000   Data           4  startup_stm32l151xb.o(RESET)
    __Vectors_End                            0x080000f4   Data           0  startup_stm32l151xb.o(RESET)
    __main                                   0x080000f5   Thumb Code     0  entry.o(.ARM.Collect$$$$00000000)
    _main_stk                                0x080000f5   Thumb Code     0  entry2.o(.ARM.Collect$$$$00000001)
    _main_scatterload                        0x080000f9   Thumb Code     0  entry5.o(.ARM.Collect$$$$00000004)
    __main_after_scatterload                 0x080000fd   Thumb Code     0  entry5.o(.ARM.Collect$$$$00000004)
    _main_clock                              0x080000fd   Thumb Code     0  entry7b.o(.ARM.Collect$$$$00000008)
    _main_cpp_init                           0x080000fd   Thumb Code     0  entry8b.o(.ARM.Collect$$$$0000000A)
    _main_init                               0x080000fd   Thumb Code     0  entry9a.o(.ARM.Collect$$$$0000000B)
    __rt_final_cpp                           0x08000105   Thumb Code     0  entry10a.o(.ARM.Collect$$$$0000000D)
    __rt_final_exit                          0x08000105   Thumb Code     0  entry11a.o(.ARM.Collect$$$$0000000F)
    Reset_Handler                            0x08000109   Thumb Code     8  startup_stm32l151xb.o(.text)
    HardFault_Handler                        0x08000113   Thumb Code     2  startup_stm32l151xb.o(.text)
    SVC_Handler                              0x0800011b   Thumb Code     2  startup_stm32l151xb.o(.text)
    PendSV_Handler                           0x0800011f   Thumb Code     2  startup_stm32l151xb.o(.text)
    ADC1_IRQHandler                          0x08000123   Thumb Code     0  startup_stm32l151xb.o(.text)
    COMP_IRQHandler                          0x08000123   Thumb Code     0  startup_stm32l151xb.o(.text)
    DAC_IRQHandler                           0x08000123   Thumb Code     0  startup_stm32l151xb.o(.text)
    DMA1_Channel1_IRQHandler                 0x08000123   Thumb Code     0  startup_stm32l151xb.o(.text)
    DMA1_Channel2_IRQHandler                 0x08000123   Thumb Code     0  startup_stm32l151xb.o(.text)
    DMA1_Channel3_IRQHandler                 0x08000123   Thumb Code     0  startup_stm32l151xb.o(.text)
    DMA1_Channel4_IRQHandler                 0x08000123   Thumb Code     0  startup_stm32l151xb.o(.text)
    DMA1_Channel5_IRQHandler                 0x08000123   Thumb Code     0  startup_stm32l151xb.o(.text)
    DMA1_Channel6_IRQHandler                 0x08000123   Thumb Code     0  startup_stm32l151xb.o(.text)
    DMA1_Channel7_IRQHandler                 0x08000123   Thumb Code     0  startup_stm32l151xb.o(.text)
    FLASH_IRQHandler                         0x08000123   Thumb Code     0  startup_stm32l151xb.o(.text)
    I2C1_ER_IRQHandler                       0x08000123   Thumb Code     0  startup_stm32l151xb.o(.text)
    I2C1_EV_IRQHandler                       0x08000123   Thumb Code     0  startup_stm32l151xb.o(.text)
    I2C2_ER_IRQHandler                       0x08000123   Thumb Code     0  startup_stm32l151xb.o(.text)
    I2C2_EV_IRQHandler                       0x08000123   Thumb Code     0  startup_stm32l151xb.o(.text)
    PVD_IRQHandler                           0x08000123   Thumb Code     0  startup_stm32l151xb.o(.text)
    RCC_IRQHandler                           0x08000123   Thumb Code     0  startup_stm32l151xb.o(.text)
    RTC_WKUP_IRQHandler                      0x08000123   Thumb Code     0  startup_stm32l151xb.o(.text)
    SPI1_IRQHandler                          0x08000123   Thumb Code     0  startup_stm32l151xb.o(.text)
    SPI2_IRQHandler                          0x08000123   Thumb Code     0  startup_stm32l151xb.o(.text)
    TAMPER_STAMP_IRQHandler                  0x08000123   Thumb Code     0  startup_stm32l151xb.o(.text)
    TIM10_IRQHandler                         0x08000123   Thumb Code     0  startup_stm32l151xb.o(.text)
    TIM11_IRQHandler                         0x08000123   Thumb Code     0  startup_stm32l151xb.o(.text)
    TIM4_IRQHandler                          0x08000123   Thumb Code     0  startup_stm32l151xb.o(.text)
    TIM6_IRQHandler                          0x08000123   Thumb Code     0  startup_stm32l151xb.o(.text)
    TIM7_IRQHandler                          0x08000123   Thumb Code     0  startup_stm32l151xb.o(.text)
    TIM9_IRQHandler                          0x08000123   Thumb Code     0  startup_stm32l151xb.o(.text)
    USART2_IRQHandler                        0x08000123   Thumb Code     0  startup_stm32l151xb.o(.text)
    USART3_IRQHandler                        0x08000123   Thumb Code     0  startup_stm32l151xb.o(.text)
    USB_FS_WKUP_IRQHandler                   0x08000123   Thumb Code     0  startup_stm32l151xb.o(.text)
    USB_HP_IRQHandler                        0x08000123   Thumb Code     0  startup_stm32l151xb.o(.text)
    USB_LP_IRQHandler                        0x08000123   Thumb Code     0  startup_stm32l151xb.o(.text)
    WWDG_IRQHandler                          0x08000123   Thumb Code     0  startup_stm32l151xb.o(.text)
    __aeabi_memcpy                           0x0800012d   Thumb Code    36  memcpya.o(.text)
    __aeabi_memcpy4                          0x0800012d   Thumb Code     0  memcpya.o(.text)
    __aeabi_memcpy8                          0x0800012d   Thumb Code     0  memcpya.o(.text)
    __aeabi_dadd                             0x08000151   Thumb Code   322  dadd.o(.text)
    __aeabi_dsub                             0x08000293   Thumb Code     6  dadd.o(.text)
    __aeabi_drsub                            0x08000299   Thumb Code     6  dadd.o(.text)
    __aeabi_dmul                             0x0800029f   Thumb Code   228  dmul.o(.text)
    __aeabi_i2d                              0x08000383   Thumb Code    34  dflti.o(.text)
    __aeabi_ui2d                             0x080003a5   Thumb Code    26  dfltui.o(.text)
    __aeabi_d2iz                             0x080003bf   Thumb Code    62  dfixi.o(.text)
    __aeabi_d2uiz                            0x080003fd   Thumb Code    50  dfixui.o(.text)
    __aeabi_cdcmpeq                          0x08000431   Thumb Code     0  cdcmple.o(.text)
    __aeabi_cdcmple                          0x08000431   Thumb Code    48  cdcmple.o(.text)
    __aeabi_cdrcmple                         0x08000461   Thumb Code    48  cdrcmple.o(.text)
    __aeabi_uidiv                            0x08000491   Thumb Code     0  uidiv.o(.text)
    __aeabi_uidivmod                         0x08000491   Thumb Code    44  uidiv.o(.text)
    __aeabi_llsl                             0x080004bd   Thumb Code    30  llshl.o(.text)
    _ll_shift_l                              0x080004bd   Thumb Code     0  llshl.o(.text)
    __aeabi_llsr                             0x080004db   Thumb Code    32  llushr.o(.text)
    _ll_ushift_r                             0x080004db   Thumb Code     0  llushr.o(.text)
    __aeabi_lasr                             0x080004fb   Thumb Code    36  llsshr.o(.text)
    _ll_sshift_r                             0x080004fb   Thumb Code     0  llsshr.o(.text)
    __I$use$fp                               0x0800051f   Thumb Code     0  iusefp.o(.text)
    _double_round                            0x0800051f   Thumb Code    30  depilogue.o(.text)
    _double_epilogue                         0x0800053d   Thumb Code   156  depilogue.o(.text)
    _drnd                                    0x080005d9   Thumb Code   132  drnd.o(.text)
    __scatterload                            0x08000661   Thumb Code    28  init.o(.text)
    __scatterload_rt2                        0x08000661   Thumb Code     0  init.o(.text)
    __decompress                             0x08000685   Thumb Code     0  __dczerorl2.o(.text)
    __decompress1                            0x08000685   Thumb Code    86  __dczerorl2.o(.text)
    BlockLowPowerDuringTask                  0x080006dd   Thumb Code    16  rtc-board.o(i.BlockLowPowerDuringTask)
    BoardDisableIrq                          0x080006f1   Thumb Code    12  board.o(i.BoardDisableIrq)
    BoardEnableIrq                           0x08000701   Thumb Code    18  board.o(i.BoardEnableIrq)
    BoardInitMcu                             0x08000719   Thumb Code   112  board.o(i.BoardInitMcu)
    BoardInitPeriph                          0x08000791   Thumb Code    90  board.o(i.BoardInitPeriph)
    BusFault_Handler                         0x080007f1   Thumb Code     2  sysirqhandlers.o(i.BusFault_Handler)
    DATATIME                                 0x080007f5   Thumb Code    52  main.o(i.DATATIME)
    DebugMon_Handler                         0x0800082d   Thumb Code     2  sysirqhandlers.o(i.DebugMon_Handler)
    EXTI0_IRQHandler                         0x0800082f   Thumb Code    16  gpio-board.o(i.EXTI0_IRQHandler)
    EXTI15_10_IRQHandler                     0x0800083f   Thumb Code    58  gpio-board.o(i.EXTI15_10_IRQHandler)
    EXTI1_IRQHandler                         0x08000879   Thumb Code    16  gpio-board.o(i.EXTI1_IRQHandler)
    EXTI2_IRQHandler                         0x08000889   Thumb Code    16  gpio-board.o(i.EXTI2_IRQHandler)
    EXTI3_IRQHandler                         0x08000899   Thumb Code    16  gpio-board.o(i.EXTI3_IRQHandler)
    EXTI4_IRQHandler                         0x080008a9   Thumb Code    16  gpio-board.o(i.EXTI4_IRQHandler)
    EXTI9_5_IRQHandler                       0x080008b9   Thumb Code    44  gpio-board.o(i.EXTI9_5_IRQHandler)
    FLASH_PageErase                          0x08000ac9   Thumb Code    32  stm32l1xx_hal_flash_ex.o(i.FLASH_PageErase)
    FLASH_WaitForLastOperation               0x08000b39   Thumb Code    80  stm32l1xx_hal_flash.o(i.FLASH_WaitForLastOperation)
    GpioInit                                 0x08000b8d   Thumb Code    16  gpio.o(i.GpioInit)
    GpioMcuInit                              0x08000b9d   Thumb Code   234  gpio-board.o(i.GpioMcuInit)
    GpioMcuWrite                             0x08000ca1   Thumb Code    20  gpio-board.o(i.GpioMcuWrite)
    GpioWrite                                0x08000cb5   Thumb Code     4  gpio.o(i.GpioWrite)
    HAL_DBGMCU_EnableDBGSleepMode            0x08000cb9   Thumb Code    12  stm32l1xx_hal.o(i.HAL_DBGMCU_EnableDBGSleepMode)
    HAL_DBGMCU_EnableDBGStandbyMode          0x08000cc9   Thumb Code    12  stm32l1xx_hal.o(i.HAL_DBGMCU_EnableDBGStandbyMode)
    HAL_DBGMCU_EnableDBGStopMode             0x08000cd9   Thumb Code    12  stm32l1xx_hal.o(i.HAL_DBGMCU_EnableDBGStopMode)
    HAL_FLASHEx_DATAEEPROM_Erase             0x08000ce9   Thumb Code    58  stm32l1xx_hal_flash_ex.o(i.HAL_FLASHEx_DATAEEPROM_Erase)
    HAL_FLASHEx_DATAEEPROM_Lock              0x08000d29   Thumb Code    14  stm32l1xx_hal_flash_ex.o(i.HAL_FLASHEx_DATAEEPROM_Lock)
    HAL_FLASHEx_DATAEEPROM_Program           0x08000d3d   Thumb Code   160  stm32l1xx_hal_flash_ex.o(i.HAL_FLASHEx_DATAEEPROM_Program)
    HAL_FLASHEx_DATAEEPROM_Unlock            0x08000de5   Thumb Code    28  stm32l1xx_hal_flash_ex.o(i.HAL_FLASHEx_DATAEEPROM_Unlock)
    HAL_FLASHEx_Erase                        0x08000e0d   Thumb Code   120  stm32l1xx_hal_flash_ex.o(i.HAL_FLASHEx_Erase)
    HAL_FLASH_Lock                           0x08000e8d   Thumb Code    14  stm32l1xx_hal_flash.o(i.HAL_FLASH_Lock)
    HAL_FLASH_Unlock                         0x08000ea1   Thumb Code    46  stm32l1xx_hal_flash.o(i.HAL_FLASH_Unlock)
    HAL_GPIO_EXTI_Callback                   0x08000ee5   Thumb Code    30  gpio-board.o(i.HAL_GPIO_EXTI_Callback)
    HAL_GPIO_EXTI_IRQHandler                 0x08000f09   Thumb Code    18  stm32l1xx_hal_gpio.o(i.HAL_GPIO_EXTI_IRQHandler)
    HAL_GPIO_Init                            0x08000f21   Thumb Code   364  stm32l1xx_hal_gpio.o(i.HAL_GPIO_Init)
    HAL_GPIO_ReadPin                         0x080010ad   Thumb Code    10  stm32l1xx_hal_gpio.o(i.HAL_GPIO_ReadPin)
    HAL_GPIO_WritePin                        0x080010b7   Thumb Code    10  stm32l1xx_hal_gpio.o(i.HAL_GPIO_WritePin)
    HAL_GetTick                              0x080010c1   Thumb Code     6  stm32l1xx_hal.o(i.HAL_GetTick)
    HAL_IncTick                              0x080010cd   Thumb Code    10  stm32l1xx_hal.o(i.HAL_IncTick)
    HAL_Init                                 0x080010dd   Thumb Code    22  stm32l1xx_hal.o(i.HAL_Init)
    HAL_InitTick                             0x080010f5   Thumb Code    34  stm32l1xx_hal.o(i.HAL_InitTick)
    HAL_MspInit                              0x0800111d   Thumb Code     2  stm32l1xx_hal.o(i.HAL_MspInit)
    HAL_NVIC_EnableIRQ                       0x0800111f   Thumb Code    22  stm32l1xx_hal_cortex.o(i.HAL_NVIC_EnableIRQ)
    HAL_NVIC_SetPriority                     0x08001135   Thumb Code    60  stm32l1xx_hal_cortex.o(i.HAL_NVIC_SetPriority)
    HAL_NVIC_SetPriorityGrouping             0x08001175   Thumb Code    26  stm32l1xx_hal_cortex.o(i.HAL_NVIC_SetPriorityGrouping)
    HAL_PWREx_GetVoltageRange                0x08001199   Thumb Code    10  stm32l1xx_hal_pwr_ex.o(i.HAL_PWREx_GetVoltageRange)
    HAL_RCCEx_PeriphCLKConfig                0x080011a9   Thumb Code   348  stm32l1xx_hal_rcc_ex.o(i.HAL_RCCEx_PeriphCLKConfig)
    HAL_RCC_ClockConfig                      0x08001311   Thumb Code   450  stm32l1xx_hal_rcc.o(i.HAL_RCC_ClockConfig)
    HAL_RCC_GetHCLKFreq                      0x080014e5   Thumb Code     6  stm32l1xx_hal_rcc.o(i.HAL_RCC_GetHCLKFreq)
    HAL_RCC_GetSysClockFreq                  0x080014f1   Thumb Code   122  stm32l1xx_hal_rcc.o(i.HAL_RCC_GetSysClockFreq)
    HAL_RCC_OscConfig                        0x0800157d   Thumb Code  1860  stm32l1xx_hal_rcc.o(i.HAL_RCC_OscConfig)
    HAL_RTCEx_AlarmBEventCallback            0x08001ccd   Thumb Code     2  stm32l1xx_hal_rtc_ex.o(i.HAL_RTCEx_AlarmBEventCallback)
    HAL_RTCEx_DeactivateWakeUpTimer          0x08001ccf   Thumb Code   122  stm32l1xx_hal_rtc_ex.o(i.HAL_RTCEx_DeactivateWakeUpTimer)
    HAL_RTC_AlarmAEventCallback              0x08001d49   Thumb Code     2  stm32l1xx_hal_rtc.o(i.HAL_RTC_AlarmAEventCallback)
    HAL_RTC_AlarmIRQHandler                  0x08001d4d   Thumb Code    86  stm32l1xx_hal_rtc.o(i.HAL_RTC_AlarmIRQHandler)
    HAL_RTC_DeactivateAlarm                  0x08001da9   Thumb Code   178  stm32l1xx_hal_rtc.o(i.HAL_RTC_DeactivateAlarm)
    HAL_RTC_GetAlarm                         0x08001e5b   Thumb Code   110  stm32l1xx_hal_rtc_ex.o(i.HAL_RTC_GetAlarm)
    HAL_RTC_GetDate                          0x08001ec9   Thumb Code    62  stm32l1xx_hal_rtc.o(i.HAL_RTC_GetDate)
    HAL_RTC_GetTime                          0x08001f0d   Thumb Code    66  stm32l1xx_hal_rtc_ex.o(i.HAL_RTC_GetTime)
    HAL_RTC_Init                             0x08001f55   Thumb Code   150  stm32l1xx_hal_rtc.o(i.HAL_RTC_Init)
    HAL_RTC_MspInit                          0x08001ff1   Thumb Code     2  stm32l1xx_hal_rtc.o(i.HAL_RTC_MspInit)
    HAL_RTC_SetAlarm_IT                      0x08001ff5   Thumb Code   378  stm32l1xx_hal_rtc_ex.o(i.HAL_RTC_SetAlarm_IT)
    HAL_RTC_SetDate                          0x08002175   Thumb Code   196  stm32l1xx_hal_rtc.o(i.HAL_RTC_SetDate)
    HAL_RTC_SetTime                          0x0800223d   Thumb Code   228  stm32l1xx_hal_rtc.o(i.HAL_RTC_SetTime)
    HAL_RTC_WaitForSynchro                   0x08002325   Thumb Code    54  stm32l1xx_hal_rtc_ex.o(i.HAL_RTC_WaitForSynchro)
    HAL_SPI_Init                             0x0800235b   Thumb Code   122  stm32l1xx_hal_spi_ex.o(i.HAL_SPI_Init)
    HAL_SPI_MspInit                          0x080023d5   Thumb Code     2  stm32l1xx_hal_spi.o(i.HAL_SPI_MspInit)
    HAL_SYSTICK_CLKSourceConfig              0x080023d7   Thumb Code    24  stm32l1xx_hal_cortex.o(i.HAL_SYSTICK_CLKSourceConfig)
    HAL_SYSTICK_Callback                     0x080023ef   Thumb Code     2  stm32l1xx_hal_cortex.o(i.HAL_SYSTICK_Callback)
    HAL_SYSTICK_Config                       0x080023f1   Thumb Code    40  stm32l1xx_hal_cortex.o(i.HAL_SYSTICK_Config)
    HAL_SYSTICK_IRQHandler                   0x08002419   Thumb Code     8  stm32l1xx_hal_cortex.o(i.HAL_SYSTICK_IRQHandler)
    HAL_TIM_Base_Init                        0x08002421   Thumb Code    54  stm32l1xx_hal_tim.o(i.HAL_TIM_Base_Init)
    HAL_TIM_Base_MspInit                     0x08002459   Thumb Code    86  tim-board.o(i.HAL_TIM_Base_MspInit)
    HAL_TIM_Base_Start_IT                    0x080024b9   Thumb Code    24  stm32l1xx_hal_tim.o(i.HAL_TIM_Base_Start_IT)
    HAL_TIM_IC_CaptureCallback               0x080024d1   Thumb Code     2  stm32l1xx_hal_tim.o(i.HAL_TIM_IC_CaptureCallback)
    HAL_TIM_IRQHandler                       0x080024d3   Thumb Code   294  stm32l1xx_hal_tim.o(i.HAL_TIM_IRQHandler)
    HAL_TIM_OC_DelayElapsedCallback          0x080025f9   Thumb Code     2  stm32l1xx_hal_tim.o(i.HAL_TIM_OC_DelayElapsedCallback)
    HAL_TIM_PWM_PulseFinishedCallback        0x080025fb   Thumb Code     2  stm32l1xx_hal_tim.o(i.HAL_TIM_PWM_PulseFinishedCallback)
    HAL_TIM_PeriodElapsedCallback            0x080025fd   Thumb Code    30  tim-board.o(i.HAL_TIM_PeriodElapsedCallback)
    HAL_TIM_TriggerCallback                  0x08002625   Thumb Code     2  stm32l1xx_hal_tim.o(i.HAL_TIM_TriggerCallback)
    Init                                     0x08002629   Thumb Code    30  main.o(i.Init)
    KeyDownHandler                           0x0800264d   Thumb Code   310  main.o(i.KeyDownHandler)
    MemManage_Handler                        0x08002791   Thumb Code     2  sysirqhandlers.o(i.MemManage_Handler)
    NMI_Handler                              0x08002793   Thumb Code     2  sysirqhandlers.o(i.NMI_Handler)
    OLED_Clear                               0x080027b5   Thumb Code    60  hal_oled.o(i.OLED_Clear)
    OLED_DrawBMP                             0x080027f1   Thumb Code    22  hal_oled.o(i.OLED_DrawBMP)
    OLED_DrawBMP2                            0x08002807   Thumb Code    64  hal_oled.o(i.OLED_DrawBMP2)
    OLED_Init                                0x08002847   Thumb Code     6  hal_oled.o(i.OLED_Init)
    OLED_Init_Set_Inverse                    0x0800284d   Thumb Code   324  hal_oled.o(i.OLED_Init_Set_Inverse)
    OLED_Set_Pos                             0x08002995   Thumb Code    44  hal_oled.o(i.OLED_Set_Pos)
    OLED_ShowCHineseArray                    0x080029c1   Thumb Code    64  hal_oled.o(i.OLED_ShowCHineseArray)
    OLED_ShowChar                            0x08002a01   Thumb Code    94  hal_oled.o(i.OLED_ShowChar)
    OLED_ShowNum                             0x08002a65   Thumb Code    98  hal_oled.o(i.OLED_ShowNum)
    OLED_WR_Byte                             0x08002ac9   Thumb Code    98  hal_oled.o(i.OLED_WR_Byte)
    RTC_Alarm_IRQHandler                     0x08002ba9   Thumb Code    40  rtc-board.o(i.RTC_Alarm_IRQHandler)
    RTC_Bcd2ToByte                           0x08002bd5   Thumb Code    18  stm32l1xx_hal_rtc.o(i.RTC_Bcd2ToByte)
    RTC_ByteToBcd2                           0x08002be7   Thumb Code    22  stm32l1xx_hal_rtc.o(i.RTC_ByteToBcd2)
    RTC_EnterInitMode                        0x08002bfd   Thumb Code    58  stm32l1xx_hal_rtc.o(i.RTC_EnterInitMode)
    RtcGetAdjustedTimeoutValue               0x08002fd9   Thumb Code    44  rtc-board.o(i.RtcGetAdjustedTimeoutValue)
    RtcGetElapsedAlarmTime                   0x08003061   Thumb Code    30  rtc-board.o(i.RtcGetElapsedAlarmTime)
    RtcInit                                  0x08003085   Thumb Code   128  rtc-board.o(i.RtcInit)
    RtcRecoverMcuStatus                      0x08003115   Thumb Code    52  rtc-board.o(i.RtcRecoverMcuStatus)
    RtcSetTimeout                            0x08003155   Thumb Code     4  rtc-board.o(i.RtcSetTimeout)
    STMFLASH_Read                            0x080031ed   Thumb Code    20  flash.o(i.STMFLASH_Read)
    STMFLASH_Write                           0x08003201   Thumb Code    76  flash.o(i.STMFLASH_Write)
    SX1276IoInit                             0x0800324d   Thumb Code    60  sx1276-board.o(i.SX1276IoInit)
    ShowPage1                                0x0800328d   Thumb Code   144  main.o(i.ShowPage1)
    ShowPage2                                0x08003325   Thumb Code   166  main.o(i.ShowPage2)
    SpiFormat                                0x080033d1   Thumb Code    48  spi-board.o(i.SpiFormat)
    SpiFrequency                             0x08003401   Thumb Code    38  spi-board.o(i.SpiFrequency)
    SpiInit                                  0x0800342d   Thumb Code   256  spi-board.o(i.SpiInit)
    SysTick_Handler                          0x0800353d   Thumb Code    14  board.o(i.SysTick_Handler)
    SystemInit                               0x080036b1   Thumb Code    62  system_stm32l1xx.o(i.SystemInit)
    TIM2_IRQHandler                          0x08003701   Thumb Code     6  tim-board.o(i.TIM2_IRQHandler)
    TIM3_IRQHandler                          0x0800370d   Thumb Code     6  tim-board.o(i.TIM3_IRQHandler)
    Tim2McuInit                              0x08003785   Thumb Code    78  tim-board.o(i.Tim2McuInit)
    Time2Handler                             0x0800380d   Thumb Code     4  timer_handles.o(i.Time2Handler)
    TimerIrqHandler                          0x08003811   Thumb Code    78  timer.o(i.TimerIrqHandler)
    USART1_GetFlagStatus                     0x08003885   Thumb Code    16  usart1-board.o(i.USART1_GetFlagStatus)
    USART1_IRQHandler                        0x08003899   Thumb Code    46  usart1-board.o(i.USART1_IRQHandler)
    USART1_ReceiveData                       0x080038d1   Thumb Code    10  usart1-board.o(i.USART1_ReceiveData)
    UsageFault_Handler                       0x080038e1   Thumb Code     2  sysirqhandlers.o(i.UsageFault_Handler)
    __0printf$1                              0x080038e5   Thumb Code    22  printf1.o(i.__0printf$1)
    __1printf$1                              0x080038e5   Thumb Code     0  printf1.o(i.__0printf$1)
    __2printf                                0x080038e5   Thumb Code     0  printf1.o(i.__0printf$1)
    __scatterload_copy                       0x08003905   Thumb Code    14  handlers.o(i.__scatterload_copy)
    __scatterload_null                       0x08003913   Thumb Code     2  handlers.o(i.__scatterload_null)
    __scatterload_zeroinit                   0x08003915   Thumb Code    14  handlers.o(i.__scatterload_zeroinit)
    ceil                                     0x08003a79   Thumb Code   204  ceil.o(i.ceil)
    fputc                                    0x08003b55   Thumb Code    18  uart.o(i.fputc)
    isKey2Pressed                            0x08003b6d   Thumb Code     6  hal_key.o(i.isKey2Pressed)
    isKey3Pressed                            0x08003b79   Thumb Code     6  hal_key.o(i.isKey3Pressed)
    isKey4Pressed                            0x08003b85   Thumb Code     6  hal_key.o(i.isKey4Pressed)
    keyScanner                               0x08003b91   Thumb Code    22  key_scaner.o(i.keyScanner)
    keys_init                                0x08003bad   Thumb Code    60  hal_key.o(i.keys_init)
    main                                     0x08003bf1   Thumb Code    44  main.o(i.main)
    oled_pow                                 0x08003c29   Thumb Code    16  hal_oled.o(i.oled_pow)
    resetKey2                                0x08003c39   Thumb Code     8  hal_key.o(i.resetKey2)
    resetKey3                                0x08003c45   Thumb Code     8  hal_key.o(i.resetKey3)
    resetKey4                                0x08003c51   Thumb Code     8  hal_key.o(i.resetKey4)
    round                                    0x08003c5d   Thumb Code   136  round.o(i.round)
    scan_keys                                0x08003cf1   Thumb Code   208  hal_key.o(i.scan_keys)
    setTimer2Callback                        0x08003dcd   Thumb Code     6  tim-board.o(i.setTimer2Callback)
    PLLMulTable                              0x08003df0   Data           9  system_stm32l1xx.o(.constdata)
    AHBPrescTable                            0x08003df9   Data          16  system_stm32l1xx.o(.constdata)
    Region$$Table$$Base                      0x080050fc   Number         0  anon$$obj.o(Region$$Table)
    Region$$Table$$Limit                     0x0800511c   Number         0  anon$$obj.o(Region$$Table)
    Page                                     0x20000000   Data           1  main.o(.data)
    A                                        0x20000001   Data           1  main.o(.data)
    DQRQ                                     0x20000002   Data         128  main.o(.data)
    NYR                                      0x20000082   Data          96  main.o(.data)
    JT                                       0x200000e2   Data          32  main.o(.data)
    DATE                                     0x20000104   Data          12  main.o(.data)
    DAY                                      0x20000110   Data          12  main.o(.data)
    NonScheduledWakeUp                       0x20000125   Data           1  rtc-board.o(.data)
    McuWakeUpTime                            0x2000012c   Data           4  rtc-board.o(.data)
    timer2Callback                           0x20000134   Data           4  tim-board.o(.data)
    timer3Callback                           0x20000138   Data           4  tim-board.o(.data)
    F_USART1_RX_FINISH                       0x2000013c   Data           1  usart1-board.o(.data)
    F_USART1_RX_RECEIVING                    0x2000013d   Data           1  usart1-board.o(.data)
    USART1_RX_TIMEOUT_COUNT                  0x2000013e   Data           1  usart1-board.o(.data)
    USART1_RX_COUNT                          0x20000140   Data           2  usart1-board.o(.data)
    SystemCoreClock                          0x20000144   Data           4  system_stm32l1xx.o(.data)
    uwTick                                   0x20000148   Data           4  stm32l1xx_hal.o(.data)
    light_status                             0x2000014c   Data           1  hal_key.o(.data)
    fan_status                               0x2000014d   Data           1  hal_key.o(.data)
    is_key2_down                             0x2000014e   Data           1  hal_key.o(.data)
    is_key3_down                             0x2000014f   Data           1  hal_key.o(.data)
    is_key4_down                             0x20000150   Data           1  hal_key.o(.data)
    HasLoopedThroughMain                     0x2000015c   Data           1  timer.o(.data)
    __stdout                                 0x20000164   Data           4  uart.o(.data)
    Led1                                     0x20000168   Data          12  board.o(.bss)
    Led2                                     0x20000174   Data          12  board.o(.bss)
    Key2                                     0x20000180   Data          12  board.o(.bss)
    Adc                                      0x2000018c   Data          12  board.o(.bss)
    RtcHandle                                0x200001d8   Data          32  rtc-board.o(.bss)
    RtcCalendarContext                       0x200001f8   Data          20  rtc-board.o(.bss)
    Tim2Handle                               0x2000020c   Data          56  tim-board.o(.bss)
    Tim3Handle                               0x20000244   Data          56  tim-board.o(.bss)
    USART1_RX_BUF                            0x2000027c   Data         255  usart1-board.o(.bss)
    pFlash                                   0x20000390   Data          24  stm32l1xx_hal_flash.o(.bss)
    OLED_CS_PIN                              0x200003a8   Data          12  hal_oled.o(.bss)
    OLED_DC_PIN                              0x200003b4   Data          12  hal_oled.o(.bss)
    OLED_SCLK_PIN                            0x200003c0   Data          12  hal_oled.o(.bss)
    OLED_SDIN_PIN                            0x200003cc   Data          12  hal_oled.o(.bss)
    SX1276                                   0x200004d8   Data         272  sx1276.o(.bss)
    TxTimeoutTimer                           0x200005e8   Data          20  sx1276.o(.bss)
    RxTimeoutTimer                           0x200005fc   Data          20  sx1276.o(.bss)
    RxTimeoutSyncWord                        0x20000610   Data          20  sx1276.o(.bss)
    __initial_sp                             0x20000a28   Data           0  startup_stm32l151xb.o(STACK)



==============================================================================

Memory Map of the image

  Image Entry point : 0x080000f5

  Load Region LR_IROM1 (Base: 0x08000000, Size: 0x00005284, Max: 0x00010000, ABSOLUTE, COMPRESSED[0x000051e4])

    Execution Region ER_IROM1 (Base: 0x08000000, Size: 0x0000511c, Max: 0x00010000, ABSOLUTE)

    Base Addr    Size         Type   Attr      Idx    E Section Name        Object

    0x08000000   0x000000f4   Data   RO         1597    RESET               startup_stm32l151xb.o
    0x080000f4   0x00000000   Code   RO         6384  * .ARM.Collect$$$$00000000  mc_w.l(entry.o)
    0x080000f4   0x00000004   Code   RO         6688    .ARM.Collect$$$$00000001  mc_w.l(entry2.o)
    0x080000f8   0x00000004   Code   RO         6691    .ARM.Collect$$$$00000004  mc_w.l(entry5.o)
    0x080000fc   0x00000000   Code   RO         6693    .ARM.Collect$$$$00000008  mc_w.l(entry7b.o)
    0x080000fc   0x00000000   Code   RO         6695    .ARM.Collect$$$$0000000A  mc_w.l(entry8b.o)
    0x080000fc   0x00000008   Code   RO         6696    .ARM.Collect$$$$0000000B  mc_w.l(entry9a.o)
    0x08000104   0x00000000   Code   RO         6698    .ARM.Collect$$$$0000000D  mc_w.l(entry10a.o)
    0x08000104   0x00000000   Code   RO         6700    .ARM.Collect$$$$0000000F  mc_w.l(entry11a.o)
    0x08000104   0x00000004   Code   RO         6689    .ARM.Collect$$$$00002712  mc_w.l(entry2.o)
    0x08000108   0x00000024   Code   RO         1598    .text               startup_stm32l151xb.o
    0x0800012c   0x00000024   Code   RO         6387    .text               mc_w.l(memcpya.o)
    0x08000150   0x0000014e   Code   RO         6660    .text               mf_w.l(dadd.o)
    0x0800029e   0x000000e4   Code   RO         6662    .text               mf_w.l(dmul.o)
    0x08000382   0x00000022   Code   RO         6670    .text               mf_w.l(dflti.o)
    0x080003a4   0x0000001a   Code   RO         6672    .text               mf_w.l(dfltui.o)
    0x080003be   0x0000003e   Code   RO         6676    .text               mf_w.l(dfixi.o)
    0x080003fc   0x00000032   Code   RO         6678    .text               mf_w.l(dfixui.o)
    0x0800042e   0x00000002   PAD
    0x08000430   0x00000030   Code   RO         6682    .text               mf_w.l(cdcmple.o)
    0x08000460   0x00000030   Code   RO         6684    .text               mf_w.l(cdrcmple.o)
    0x08000490   0x0000002c   Code   RO         6702    .text               mc_w.l(uidiv.o)
    0x080004bc   0x0000001e   Code   RO         6706    .text               mc_w.l(llshl.o)
    0x080004da   0x00000020   Code   RO         6708    .text               mc_w.l(llushr.o)
    0x080004fa   0x00000024   Code   RO         6710    .text               mc_w.l(llsshr.o)
    0x0800051e   0x00000000   Code   RO         6712    .text               mc_w.l(iusefp.o)
    0x0800051e   0x000000ba   Code   RO         6715    .text               mf_w.l(depilogue.o)
    0x080005d8   0x00000088   Code   RO         6717    .text               mf_w.l(drnd.o)
    0x08000660   0x00000024   Code   RO         6721    .text               mc_w.l(init.o)
    0x08000684   0x00000056   Code   RO         6731    .text               mc_w.l(__dczerorl2.o)
    0x080006da   0x00000002   PAD
    0x080006dc   0x00000014   Code   RO         1140    i.BlockLowPowerDuringTask  rtc-board.o
    0x080006f0   0x00000010   Code   RO          925    i.BoardDisableIrq   board.o
    0x08000700   0x00000018   Code   RO          926    i.BoardEnableIrq    board.o
    0x08000718   0x00000078   Code   RO          931    i.BoardInitMcu      board.o
    0x08000790   0x00000060   Code   RO          932    i.BoardInitPeriph   board.o
    0x080007f0   0x00000002   Code   RO         5033    i.BusFault_Handler  sysirqhandlers.o
    0x080007f2   0x00000002   PAD
    0x080007f4   0x00000038   Code   RO            4    i.DATATIME          main.o
    0x0800082c   0x00000002   Code   RO         5034    i.DebugMon_Handler  sysirqhandlers.o
    0x0800082e   0x00000010   Code   RO         1033    i.EXTI0_IRQHandler  gpio-board.o
    0x0800083e   0x0000003a   Code   RO         1034    i.EXTI15_10_IRQHandler  gpio-board.o
    0x08000878   0x00000010   Code   RO         1035    i.EXTI1_IRQHandler  gpio-board.o
    0x08000888   0x00000010   Code   RO         1036    i.EXTI2_IRQHandler  gpio-board.o
    0x08000898   0x00000010   Code   RO         1037    i.EXTI3_IRQHandler  gpio-board.o
    0x080008a8   0x00000010   Code   RO         1038    i.EXTI4_IRQHandler  gpio-board.o
    0x080008b8   0x0000002c   Code   RO         1039    i.EXTI9_5_IRQHandler  gpio-board.o
    0x080008e4   0x0000006c   Code   RO         2337    i.FLASH_DATAEEPROM_FastProgramByte  stm32l1xx_hal_flash_ex.o
    0x08000950   0x00000094   Code   RO         2338    i.FLASH_DATAEEPROM_FastProgramHalfWord  stm32l1xx_hal_flash_ex.o
    0x080009e4   0x00000060   Code   RO         2339    i.FLASH_DATAEEPROM_ProgramByte  stm32l1xx_hal_flash_ex.o
    0x08000a44   0x00000084   Code   RO         2340    i.FLASH_DATAEEPROM_ProgramHalfWord  stm32l1xx_hal_flash_ex.o
    0x08000ac8   0x00000028   Code   RO         2342    i.FLASH_PageErase   stm32l1xx_hal_flash_ex.o
    0x08000af0   0x00000048   Code   RO         2239    i.FLASH_SetErrorCode  stm32l1xx_hal_flash.o
    0x08000b38   0x00000054   Code   RO         2240    i.FLASH_WaitForLastOperation  stm32l1xx_hal_flash.o
    0x08000b8c   0x00000010   Code   RO         6082    i.GpioInit          gpio.o
    0x08000b9c   0x00000104   Code   RO         1040    i.GpioMcuInit       gpio-board.o
    0x08000ca0   0x00000014   Code   RO         1045    i.GpioMcuWrite      gpio-board.o
    0x08000cb4   0x00000004   Code   RO         6087    i.GpioWrite         gpio.o
    0x08000cb8   0x00000010   Code   RO         1646    i.HAL_DBGMCU_EnableDBGSleepMode  stm32l1xx_hal.o
    0x08000cc8   0x00000010   Code   RO         1647    i.HAL_DBGMCU_EnableDBGStandbyMode  stm32l1xx_hal.o
    0x08000cd8   0x00000010   Code   RO         1648    i.HAL_DBGMCU_EnableDBGStopMode  stm32l1xx_hal.o
    0x08000ce8   0x00000040   Code   RO         2345    i.HAL_FLASHEx_DATAEEPROM_Erase  stm32l1xx_hal_flash_ex.o
    0x08000d28   0x00000014   Code   RO         2346    i.HAL_FLASHEx_DATAEEPROM_Lock  stm32l1xx_hal_flash_ex.o
    0x08000d3c   0x000000a8   Code   RO         2347    i.HAL_FLASHEx_DATAEEPROM_Program  stm32l1xx_hal_flash_ex.o
    0x08000de4   0x00000028   Code   RO         2348    i.HAL_FLASHEx_DATAEEPROM_Unlock  stm32l1xx_hal_flash_ex.o
    0x08000e0c   0x00000080   Code   RO         2349    i.HAL_FLASHEx_Erase  stm32l1xx_hal_flash_ex.o
    0x08000e8c   0x00000014   Code   RO         2244    i.HAL_FLASH_Lock    stm32l1xx_hal_flash.o
    0x08000ea0   0x00000044   Code   RO         2251    i.HAL_FLASH_Unlock  stm32l1xx_hal_flash.o
    0x08000ee4   0x00000024   Code   RO         1046    i.HAL_GPIO_EXTI_Callback  gpio-board.o
    0x08000f08   0x00000018   Code   RO         2508    i.HAL_GPIO_EXTI_IRQHandler  stm32l1xx_hal_gpio.o
    0x08000f20   0x0000018c   Code   RO         2509    i.HAL_GPIO_Init     stm32l1xx_hal_gpio.o
    0x080010ac   0x0000000a   Code   RO         2511    i.HAL_GPIO_ReadPin  stm32l1xx_hal_gpio.o
    0x080010b6   0x0000000a   Code   RO         2513    i.HAL_GPIO_WritePin  stm32l1xx_hal_gpio.o
    0x080010c0   0x0000000c   Code   RO         1654    i.HAL_GetTick       stm32l1xx_hal.o
    0x080010cc   0x00000010   Code   RO         1655    i.HAL_IncTick       stm32l1xx_hal.o
    0x080010dc   0x00000016   Code   RO         1656    i.HAL_Init          stm32l1xx_hal.o
    0x080010f2   0x00000002   PAD
    0x080010f4   0x00000028   Code   RO         1657    i.HAL_InitTick      stm32l1xx_hal.o
    0x0800111c   0x00000002   Code   RO         1659    i.HAL_MspInit       stm32l1xx_hal.o
    0x0800111e   0x00000016   Code   RO         2024    i.HAL_NVIC_EnableIRQ  stm32l1xx_hal_cortex.o
    0x08001134   0x00000040   Code   RO         2030    i.HAL_NVIC_SetPriority  stm32l1xx_hal_cortex.o
    0x08001174   0x00000024   Code   RO         2031    i.HAL_NVIC_SetPriorityGrouping  stm32l1xx_hal_cortex.o
    0x08001198   0x00000010   Code   RO         3126    i.HAL_PWREx_GetVoltageRange  stm32l1xx_hal_pwr_ex.o
    0x080011a8   0x00000168   Code   RO         3289    i.HAL_RCCEx_PeriphCLKConfig  stm32l1xx_hal_rcc_ex.o
    0x08001310   0x000001d4   Code   RO         3181    i.HAL_RCC_ClockConfig  stm32l1xx_hal_rcc.o
    0x080014e4   0x0000000c   Code   RO         3186    i.HAL_RCC_GetHCLKFreq  stm32l1xx_hal_rcc.o
    0x080014f0   0x0000008c   Code   RO         3190    i.HAL_RCC_GetSysClockFreq  stm32l1xx_hal_rcc.o
    0x0800157c   0x00000750   Code   RO         3193    i.HAL_RCC_OscConfig  stm32l1xx_hal_rcc.o
    0x08001ccc   0x00000002   Code   RO         3430    i.HAL_RTCEx_AlarmBEventCallback  stm32l1xx_hal_rtc_ex.o
    0x08001cce   0x0000007a   Code   RO         3438    i.HAL_RTCEx_DeactivateWakeUpTimer  stm32l1xx_hal_rtc_ex.o
    0x08001d48   0x00000002   Code   RO         3323    i.HAL_RTC_AlarmAEventCallback  stm32l1xx_hal_rtc.o
    0x08001d4a   0x00000002   PAD
    0x08001d4c   0x0000005c   Code   RO         3324    i.HAL_RTC_AlarmIRQHandler  stm32l1xx_hal_rtc.o
    0x08001da8   0x000000b2   Code   RO         3326    i.HAL_RTC_DeactivateAlarm  stm32l1xx_hal_rtc.o
    0x08001e5a   0x0000006e   Code   RO         3460    i.HAL_RTC_GetAlarm  stm32l1xx_hal_rtc_ex.o
    0x08001ec8   0x00000044   Code   RO         3327    i.HAL_RTC_GetDate   stm32l1xx_hal_rtc.o
    0x08001f0c   0x00000048   Code   RO         3461    i.HAL_RTC_GetTime   stm32l1xx_hal_rtc_ex.o
    0x08001f54   0x0000009c   Code   RO         3329    i.HAL_RTC_Init      stm32l1xx_hal_rtc.o
    0x08001ff0   0x00000002   Code   RO         3331    i.HAL_RTC_MspInit   stm32l1xx_hal_rtc.o
    0x08001ff2   0x00000002   PAD
    0x08001ff4   0x00000180   Code   RO         3463    i.HAL_RTC_SetAlarm_IT  stm32l1xx_hal_rtc_ex.o
    0x08002174   0x000000c8   Code   RO         3333    i.HAL_RTC_SetDate   stm32l1xx_hal_rtc.o
    0x0800223c   0x000000e8   Code   RO         3334    i.HAL_RTC_SetTime   stm32l1xx_hal_rtc.o
    0x08002324   0x00000036   Code   RO         3464    i.HAL_RTC_WaitForSynchro  stm32l1xx_hal_rtc_ex.o
    0x0800235a   0x0000007a   Code   RO         3897    i.HAL_SPI_Init      stm32l1xx_hal_spi_ex.o
    0x080023d4   0x00000002   Code   RO         3668    i.HAL_SPI_MspInit   stm32l1xx_hal_spi.o
    0x080023d6   0x00000018   Code   RO         2033    i.HAL_SYSTICK_CLKSourceConfig  stm32l1xx_hal_cortex.o
    0x080023ee   0x00000002   Code   RO         2034    i.HAL_SYSTICK_Callback  stm32l1xx_hal_cortex.o
    0x080023f0   0x00000028   Code   RO         2035    i.HAL_SYSTICK_Config  stm32l1xx_hal_cortex.o
    0x08002418   0x00000008   Code   RO         2036    i.HAL_SYSTICK_IRQHandler  stm32l1xx_hal_cortex.o
    0x08002420   0x00000036   Code   RO         3923    i.HAL_TIM_Base_Init  stm32l1xx_hal_tim.o
    0x08002456   0x00000002   PAD
    0x08002458   0x00000060   Code   RO         1403    i.HAL_TIM_Base_MspInit  tim-board.o
    0x080024b8   0x00000018   Code   RO         3928    i.HAL_TIM_Base_Start_IT  stm32l1xx_hal_tim.o
    0x080024d0   0x00000002   Code   RO         3952    i.HAL_TIM_IC_CaptureCallback  stm32l1xx_hal_tim.o
    0x080024d2   0x00000126   Code   RO         3965    i.HAL_TIM_IRQHandler  stm32l1xx_hal_tim.o
    0x080025f8   0x00000002   Code   RO         3968    i.HAL_TIM_OC_DelayElapsedCallback  stm32l1xx_hal_tim.o
    0x080025fa   0x00000002   Code   RO         3995    i.HAL_TIM_PWM_PulseFinishedCallback  stm32l1xx_hal_tim.o
    0x080025fc   0x00000028   Code   RO         1404    i.HAL_TIM_PeriodElapsedCallback  tim-board.o
    0x08002624   0x00000002   Code   RO         4006    i.HAL_TIM_TriggerCallback  stm32l1xx_hal_tim.o
    0x08002626   0x00000002   PAD
    0x08002628   0x00000024   Code   RO            5    i.Init              main.o
    0x0800264c   0x00000144   Code   RO            6    i.KeyDownHandler    main.o
    0x08002790   0x00000002   Code   RO         5035    i.MemManage_Handler  sysirqhandlers.o
    0x08002792   0x00000002   Code   RO         5036    i.NMI_Handler       sysirqhandlers.o
    0x08002794   0x00000020   Code   RO         2037    i.NVIC_SetPriority  stm32l1xx_hal_cortex.o
    0x080027b4   0x0000003c   Code   RO         5236    i.OLED_Clear        hal_oled.o
    0x080027f0   0x00000016   Code   RO         5240    i.OLED_DrawBMP      hal_oled.o
    0x08002806   0x00000040   Code   RO         5241    i.OLED_DrawBMP2     hal_oled.o
    0x08002846   0x00000006   Code   RO         5243    i.OLED_Init         hal_oled.o
    0x0800284c   0x00000148   Code   RO         5245    i.OLED_Init_Set_Inverse  hal_oled.o
    0x08002994   0x0000002c   Code   RO         5246    i.OLED_Set_Pos      hal_oled.o
    0x080029c0   0x00000040   Code   RO         5248    i.OLED_ShowCHineseArray  hal_oled.o
    0x08002a00   0x00000064   Code   RO         5249    i.OLED_ShowChar     hal_oled.o
    0x08002a64   0x00000062   Code   RO         5251    i.OLED_ShowNum      hal_oled.o
    0x08002ac6   0x00000002   PAD
    0x08002ac8   0x00000068   Code   RO         5253    i.OLED_WR_Byte      hal_oled.o
    0x08002b30   0x00000078   Code   RO         3194    i.RCC_SetFlashLatencyFromMSIRange  stm32l1xx_hal_rcc.o
    0x08002ba8   0x0000002c   Code   RO         1141    i.RTC_Alarm_IRQHandler  rtc-board.o
    0x08002bd4   0x00000012   Code   RO         3335    i.RTC_Bcd2ToByte    stm32l1xx_hal_rtc.o
    0x08002be6   0x00000016   Code   RO         3336    i.RTC_ByteToBcd2    stm32l1xx_hal_rtc.o
    0x08002bfc   0x0000003a   Code   RO         3337    i.RTC_EnterInitMode  stm32l1xx_hal_rtc.o
    0x08002c36   0x00000002   PAD
    0x08002c38   0x000001dc   Code   RO         1144    i.RtcComputeTimerTimeToAlarmTick  rtc-board.o
    0x08002e14   0x00000098   Code   RO         1145    i.RtcComputeWakeUpTime  rtc-board.o
    0x08002eac   0x0000012c   Code   RO         1146    i.RtcConvertCalendarTickToTimerTime  rtc-board.o
    0x08002fd8   0x00000030   Code   RO         1149    i.RtcGetAdjustedTimeoutValue  rtc-board.o
    0x08003008   0x00000058   Code   RO         1150    i.RtcGetCalendar    rtc-board.o
    0x08003060   0x00000024   Code   RO         1151    i.RtcGetElapsedAlarmTime  rtc-board.o
    0x08003084   0x00000090   Code   RO         1153    i.RtcInit           rtc-board.o
    0x08003114   0x00000040   Code   RO         1154    i.RtcRecoverMcuStatus  rtc-board.o
    0x08003154   0x00000004   Code   RO         1155    i.RtcSetTimeout     rtc-board.o
    0x08003158   0x00000094   Code   RO         1156    i.RtcStartWakeUpAlarm  rtc-board.o
    0x080031ec   0x00000014   Code   RO         6294    i.STMFLASH_Read     flash.o
    0x08003200   0x0000004c   Code   RO         6296    i.STMFLASH_Write    flash.o
    0x0800324c   0x00000040   Code   RO         1316    i.SX1276IoInit      sx1276-board.o
    0x0800328c   0x00000098   Code   RO            7    i.ShowPage1         main.o
    0x08003324   0x000000ac   Code   RO            8    i.ShowPage2         main.o
    0x080033d0   0x00000030   Code   RO         1264    i.SpiFormat         spi-board.o
    0x08003400   0x0000002c   Code   RO         1265    i.SpiFrequency      spi-board.o
    0x0800342c   0x00000110   Code   RO         1267    i.SpiInit           spi-board.o
    0x0800353c   0x0000000e   Code   RO          934    i.SysTick_Handler   board.o
    0x0800354a   0x00000002   PAD
    0x0800354c   0x0000009c   Code   RO          935    i.SystemClockConfig  board.o
    0x080035e8   0x000000c8   Code   RO          936    i.SystemClockReConfig  board.o
    0x080036b0   0x00000050   Code   RO         1606    i.SystemInit        system_stm32l1xx.o
    0x08003700   0x0000000c   Code   RO         1405    i.TIM2_IRQHandler   tim-board.o
    0x0800370c   0x0000000c   Code   RO         1406    i.TIM3_IRQHandler   tim-board.o
    0x08003718   0x0000006c   Code   RO         4007    i.TIM_Base_SetConfig  stm32l1xx_hal_tim.o
    0x08003784   0x00000088   Code   RO         1407    i.Tim2McuInit       tim-board.o
    0x0800380c   0x00000004   Code   RO          278    i.Time2Handler      timer_handles.o
    0x08003810   0x00000054   Code   RO         6143    i.TimerIrqHandler   timer.o
    0x08003864   0x00000020   Code   RO         6146    i.TimerSetTimeout   timer.o
    0x08003884   0x00000014   Code   RO         1518    i.USART1_GetFlagStatus  usart1-board.o
    0x08003898   0x00000038   Code   RO         1519    i.USART1_IRQHandler  usart1-board.o
    0x080038d0   0x00000010   Code   RO         1523    i.USART1_ReceiveData  usart1-board.o
    0x080038e0   0x00000002   Code   RO         5037    i.UsageFault_Handler  sysirqhandlers.o
    0x080038e2   0x00000002   PAD
    0x080038e4   0x00000020   Code   RO         6438    i.__0printf$1       mc_w.l(printf1.o)
    0x08003904   0x0000000e   Code   RO         6725    i.__scatterload_copy  mc_w.l(handlers.o)
    0x08003912   0x00000002   Code   RO         6726    i.__scatterload_null  mc_w.l(handlers.o)
    0x08003914   0x0000000e   Code   RO         6727    i.__scatterload_zeroinit  mc_w.l(handlers.o)
    0x08003922   0x00000002   PAD
    0x08003924   0x00000154   Code   RO         6445    i._printf_core      mc_w.l(printf1.o)
    0x08003a78   0x000000dc   Code   RO         6375    i.ceil              m_ws.l(ceil.o)
    0x08003b54   0x00000018   Code   RO         6242    i.fputc             uart.o
    0x08003b6c   0x0000000c   Code   RO         5145    i.isKey2Pressed     hal_key.o
    0x08003b78   0x0000000c   Code   RO         5146    i.isKey3Pressed     hal_key.o
    0x08003b84   0x0000000c   Code   RO         5147    i.isKey4Pressed     hal_key.o
    0x08003b90   0x0000001c   Code   RO          709    i.keyScanner        key_scaner.o
    0x08003bac   0x00000044   Code   RO         5148    i.keys_init         hal_key.o
    0x08003bf0   0x00000038   Code   RO           10    i.main              main.o
    0x08003c28   0x00000010   Code   RO         5254    i.oled_pow          hal_oled.o
    0x08003c38   0x0000000c   Code   RO         5151    i.resetKey2         hal_key.o
    0x08003c44   0x0000000c   Code   RO         5152    i.resetKey3         hal_key.o
    0x08003c50   0x0000000c   Code   RO         5153    i.resetKey4         hal_key.o
    0x08003c5c   0x00000094   Code   RO         6382    i.round             m_ws.l(round.o)
    0x08003cf0   0x000000dc   Code   RO         5154    i.scan_keys         hal_key.o
    0x08003dcc   0x0000000c   Code   RO         1409    i.setTimer2Callback  tim-board.o
    0x08003dd8   0x00000018   Data   RO         1158    .constdata          rtc-board.o
    0x08003df0   0x00000019   Data   RO         1607    .constdata          system_stm32l1xx.o
    0x08003e09   0x000012f0   Data   RO         5257    .constdata          hal_oled.o
    0x080050f9   0x00000003   PAD
    0x080050fc   0x00000020   Data   RO         6723    Region$$Table       anon$$obj.o


    Execution Region RW_IRAM1 (Base: 0x20000000, Size: 0x00000a28, Max: 0x00002800, ABSOLUTE, COMPRESSED[0x000000c8])

    Base Addr    Size         Type   Attr      Idx    E Section Name        Object

    0x20000000   0x0000011c   Data   RW           11    .data               main.o
    0x2000011c   0x00000004   Data   RW          710    .data               key_scaner.o
    0x20000120   0x00000004   Data   RW          940    .data               board.o
    0x20000124   0x00000010   Data   RW         1159    .data               rtc-board.o
    0x20000134   0x00000008   Data   RW         1412    .data               tim-board.o
    0x2000013c   0x00000006   Data   RW         1527    .data               usart1-board.o
    0x20000142   0x00000002   PAD
    0x20000144   0x00000004   Data   RW         1609    .data               system_stm32l1xx.o
    0x20000148   0x00000004   Data   RW         1662    .data               stm32l1xx_hal.o
    0x2000014c   0x0000000e   Data   RW         5155    .data               hal_key.o
    0x2000015a   0x00000002   PAD
    0x2000015c   0x00000008   Data   RW         6150    .data               timer.o
    0x20000164   0x00000004   Data   RW         6243    .data               uart.o
    0x20000168   0x00000030   Zero   RW          937    .bss                board.o
    0x20000198   0x00000040   Zero   RW         1047    .bss                gpio-board.o
    0x200001d8   0x00000034   Zero   RW         1157    .bss                rtc-board.o
    0x2000020c   0x00000070   Zero   RW         1411    .bss                tim-board.o
    0x2000027c   0x00000114   Zero   RW         1526    .bss                usart1-board.o
    0x20000390   0x00000018   Zero   RW         2252    .bss                stm32l1xx_hal_flash.o
    0x200003a8   0x00000030   Zero   RW         5255    .bss                hal_oled.o
    0x200003d8   0x0000024c   Zero   RW         5790    .bss                sx1276.o
    0x20000624   0x00000004   PAD
    0x20000628   0x00000400   Zero   RW         1595    STACK               startup_stm32l151xb.o


==============================================================================

Image component sizes


      Code (inc. data)   RO Data    RW Data    ZI Data      Debug   Object Name

       626         48          0          4         48       4841   board.o
         0          0          0          0          0     117328   configs.o
        96          0          0          0          0       1653   flash.o
       498         32          0          0         64       5917   gpio-board.o
        20          0          0          0          0       1215   gpio.o
       360         50          0         14          0       4525   hal_key.o
       906         16       4848          0         48       7484   hal_oled.o
        28          6          0          4          0        477   key_scaner.o
       796         50          0        284          0     385200   main.o
      1524        134         24         16         52       9056   rtc-board.o
       364         22          0          0          0       2401   spi-board.o
        36          8        244          0       1024        824   startup_stm32l151xb.o
       140         30          0          4          0       5062   stm32l1xx_hal.o
       228         14          0          0          0      28637   stm32l1xx_hal_cortex.o
       244         42          0          0         24       2638   stm32l1xx_hal_flash.o
       944         76          0          0          0       8547   stm32l1xx_hal_flash_ex.o
       440         38          0          0          0       3346   stm32l1xx_hal_gpio.o
        16          6          0          0          0        544   stm32l1xx_hal_pwr_ex.o
      2612         82          0          0          0       5706   stm32l1xx_hal_rcc.o
       360         12          0          0          0       1388   stm32l1xx_hal_rcc_ex.o
      1028         26          0          0          0       7705   stm32l1xx_hal_rtc.o
       744         12          0          0          0       4746   stm32l1xx_hal_rtc_ex.o
         2          0          0          0          0        986   stm32l1xx_hal_spi.o
       122          0          0          0          0       1043   stm32l1xx_hal_spi_ex.o
       488         22          0          0          0       5894   stm32l1xx_hal_tim.o
        64          4          0          0          0        471   sx1276-board.o
         0          0          0          0        588       1736   sx1276.o
        10          0          0          0          0       2165   sysirqhandlers.o
        80         18         25          4          0       1251   system_stm32l1xx.o
       308         96          0          8        112       3723   tim-board.o
       116         12          0          8          0       1929   timer.o
         4          0          0          0          0        411   timer_handles.o
        24          6          0          4          0       2294   uart.o
        92         20          0          6        276       2419   usart1-board.o

    ----------------------------------------------------------------------
     13340        882       5176        360       2240     633562   Object Totals
         0          0         32          0          0          0   (incl. Generated)
        20          0          3          4          4          0   (incl. Padding)

    ----------------------------------------------------------------------

      Code (inc. data)   RO Data    RW Data    ZI Data      Debug   Library Member Name

       220         16          0          0          0         84   ceil.o
       148         12          0          0          0         88   round.o
        86          0          0          0          0          0   __dczerorl2.o
         0          0          0          0          0          0   entry.o
         0          0          0          0          0          0   entry10a.o
         0          0          0          0          0          0   entry11a.o
         8          4          0          0          0          0   entry2.o
         4          0          0          0          0          0   entry5.o
         0          0          0          0          0          0   entry7b.o
         0          0          0          0          0          0   entry8b.o
         8          4          0          0          0          0   entry9a.o
        30          0          0          0          0          0   handlers.o
        36          8          0          0          0         68   init.o
         0          0          0          0          0          0   iusefp.o
        30          0          0          0          0         68   llshl.o
        36          0          0          0          0         68   llsshr.o
        32          0          0          0          0         68   llushr.o
        36          0          0          0          0         68   memcpya.o
       372         14          0          0          0        184   printf1.o
        44          0          0          0          0         80   uidiv.o
        48          0          0          0          0         68   cdcmple.o
        48          0          0          0          0         68   cdrcmple.o
       334          0          0          0          0        148   dadd.o
       186          0          0          0          0        176   depilogue.o
        62          0          0          0          0         80   dfixi.o
        50          0          0          0          0         76   dfixui.o
        34          0          0          0          0         76   dflti.o
        26          0          0          0          0         76   dfltui.o
       228          0          0          0          0         96   dmul.o
       136          4          0          0          0         92   drnd.o

    ----------------------------------------------------------------------
      2248         62          0          0          0       1732   Library Totals
         6          0          0          0          0          0   (incl. Padding)

    ----------------------------------------------------------------------

      Code (inc. data)   RO Data    RW Data    ZI Data      Debug   Library Name

       368         28          0          0          0        172   m_ws.l
       722         30          0          0          0        604   mc_w.l
      1152          4          0          0          0        956   mf_w.l

    ----------------------------------------------------------------------
      2248         62          0          0          0       1732   Library Totals

    ----------------------------------------------------------------------

==============================================================================


      Code (inc. data)   RO Data    RW Data    ZI Data      Debug   

     15588        944       5176        360       2240     626998   Grand Totals
     15588        944       5176        200       2240     626998   ELF Image Totals (compressed)
     15588        944       5176        200          0          0   ROM Totals

==============================================================================

    Total RO  Size (Code + RO Data)                20764 (  20.28kB)
    Total RW  Size (RW Data + ZI Data)              2600 (   2.54kB)
    Total ROM Size (Code + RO Data + RW Data)      20964 (  20.47kB)

==============================================================================

