<html>
<body>
<pre>
<h1>礦ision Build Log</h1>
<h2>Tool Versions:</h2>
IDE-Version: μVision V5.14.0.0
Copyright (C) 2015 ARM Ltd and ARM Germany GmbH. All rights reserved.
License Information: Newland Newland, Newland, LIC=MPPLD-8IE7X-9UP4U-SSVRZ-SY4SR-EMVXW
 
Tool Versions:
Toolchain:       MDK-ARM Standard  Version: 5.14.0.0
Toolchain Path:  C:\Keil_v5\ARM\ARMCC\Bin
C Compiler:      Armcc.exe V5.05 update 1 (build 106)
Assembler:       Armasm.exe V5.05 update 1 (build 106)
Linker/Locator:  ArmLink.exe V5.05 update 1 (build 106)
Library Manager: ArmAr.exe V5.05 update 1 (build 106)
Hex Converter:   FromElf.exe V5.05 update 1 (build 106)
CPU DLL:         SARMCM3.DLL V5.14.0.0
Dialog DLL:      DCM.DLL V1.13.1.0
Target DLL:      STLink\ST-LINKIII-KEIL_SWO.dll V2.0.14.0_KEIL
Dialog DLL:      TCM.DLL V1.14.4.0
 
<h2>Project:</h2>
D:\2021山东省赛折线图工程文件\project\LoraNode.uvprojx
Project File Date:  05/13/2021

<h2>Output:</h2>
Build target 'LoraNode-433-lora'
compiling main.c...
..\source\apps\main.c(79): warning:  #177-D: variable "arr" was declared but never referenced
  uint8_t arr[5] = {'\0'};
..\source\apps\main.c: 1 warning, 0 errors
linking...
Program Size: Code=19008 RO-data=880 RW-data=100 ZI-data=2412  
FromELF: creating hex file...
".\Objects\LoraNode.axf" - 0 Error(s), 1 Warning(s).

<h2>Collection of Component include folders:</h2>
  D:\2021山东省赛折线图工程文件\project\RTE
  C:\Keil_v5\ARM\PACK\Keil\STM32L1xx_DFP\1.2.0

<h2>Collection of Component Files used:</h2>
</pre>
</body>
</html>
