<!doctype html public "-//w3c//dtd html 4.0 transitional//en">
<html><head>
<title>Static Call Graph - [.\Objects\LoraNode.axf]</title></head>
<body><HR>
<H1>Static Call Graph for image .\Objects\LoraNode.axf</H1><HR>
<BR><P>#&#060CALLGRAPH&#062# ARM Linker, 5050106: Last Updated: Mon Oct 17 16:38:33 2022
<BR><P>
<H3>Maximum Stack Usage =        344 bytes + Unknown(Cycles, Untraceable Function Pointers)</H3><H3>
Call chain for Maximum Stack Depth:</H3>
SX1276SetTxContinuousWave &rArr; SX1276SetTxConfig &rArr; SX1276SetModem &rArr; SX1276SetSleep &rArr; TimerStop &rArr; RtcGetElapsedAlarmTime &rArr; RtcConvertCalendarTickToTimerTime &rArr; round &rArr; __aeabi_dsub &rArr; __aeabi_dadd &rArr; _double_epilogue &rArr; _double_round
<P>
<H3>
Mutually Recursive functions
</H3> <LI><a href="#[2]">HardFault_Handler</a>&nbsp;&nbsp;&nbsp;&rArr;&nbsp;&nbsp;&nbsp;<a href="#[2]">HardFault_Handler</a><BR>
 <LI><a href="#[6]">SVC_Handler</a>&nbsp;&nbsp;&nbsp;&rArr;&nbsp;&nbsp;&nbsp;<a href="#[6]">SVC_Handler</a><BR>
 <LI><a href="#[8]">PendSV_Handler</a>&nbsp;&nbsp;&nbsp;&rArr;&nbsp;&nbsp;&nbsp;<a href="#[8]">PendSV_Handler</a><BR>
 <LI><a href="#[1c]">ADC1_IRQHandler</a>&nbsp;&nbsp;&nbsp;&rArr;&nbsp;&nbsp;&nbsp;<a href="#[1c]">ADC1_IRQHandler</a><BR>
 <LI><a href="#[4]">BusFault_Handler</a>&nbsp;&nbsp;&nbsp;&rArr;&nbsp;&nbsp;&nbsp;<a href="#[4]">BusFault_Handler</a><BR>
 <LI><a href="#[3]">MemManage_Handler</a>&nbsp;&nbsp;&nbsp;&rArr;&nbsp;&nbsp;&nbsp;<a href="#[3]">MemManage_Handler</a><BR>
 <LI><a href="#[5]">UsageFault_Handler</a>&nbsp;&nbsp;&nbsp;&rArr;&nbsp;&nbsp;&nbsp;<a href="#[5]">UsageFault_Handler</a><BR>
</UL>
<P>
<H3>
Function Pointers
</H3><UL>
 <LI><a href="#[1c]">ADC1_IRQHandler</a> from startup_stm32l151xb.o(.text) referenced from startup_stm32l151xb.o(RESET)
 <LI><a href="#[4]">BusFault_Handler</a> from sysirqhandlers.o(i.BusFault_Handler) referenced from startup_stm32l151xb.o(RESET)
 <LI><a href="#[20]">COMP_IRQHandler</a> from startup_stm32l151xb.o(.text) referenced from startup_stm32l151xb.o(RESET)
 <LI><a href="#[1f]">DAC_IRQHandler</a> from startup_stm32l151xb.o(.text) referenced from startup_stm32l151xb.o(RESET)
 <LI><a href="#[15]">DMA1_Channel1_IRQHandler</a> from startup_stm32l151xb.o(.text) referenced from startup_stm32l151xb.o(RESET)
 <LI><a href="#[16]">DMA1_Channel2_IRQHandler</a> from startup_stm32l151xb.o(.text) referenced from startup_stm32l151xb.o(RESET)
 <LI><a href="#[17]">DMA1_Channel3_IRQHandler</a> from startup_stm32l151xb.o(.text) referenced from startup_stm32l151xb.o(RESET)
 <LI><a href="#[18]">DMA1_Channel4_IRQHandler</a> from startup_stm32l151xb.o(.text) referenced from startup_stm32l151xb.o(RESET)
 <LI><a href="#[19]">DMA1_Channel5_IRQHandler</a> from startup_stm32l151xb.o(.text) referenced from startup_stm32l151xb.o(RESET)
 <LI><a href="#[1a]">DMA1_Channel6_IRQHandler</a> from startup_stm32l151xb.o(.text) referenced from startup_stm32l151xb.o(RESET)
 <LI><a href="#[1b]">DMA1_Channel7_IRQHandler</a> from startup_stm32l151xb.o(.text) referenced from startup_stm32l151xb.o(RESET)
 <LI><a href="#[7]">DebugMon_Handler</a> from sysirqhandlers.o(i.DebugMon_Handler) referenced from startup_stm32l151xb.o(RESET)
 <LI><a href="#[10]">EXTI0_IRQHandler</a> from gpio-board.o(i.EXTI0_IRQHandler) referenced from startup_stm32l151xb.o(RESET)
 <LI><a href="#[31]">EXTI15_10_IRQHandler</a> from gpio-board.o(i.EXTI15_10_IRQHandler) referenced from startup_stm32l151xb.o(RESET)
 <LI><a href="#[11]">EXTI1_IRQHandler</a> from gpio-board.o(i.EXTI1_IRQHandler) referenced from startup_stm32l151xb.o(RESET)
 <LI><a href="#[12]">EXTI2_IRQHandler</a> from gpio-board.o(i.EXTI2_IRQHandler) referenced from startup_stm32l151xb.o(RESET)
 <LI><a href="#[13]">EXTI3_IRQHandler</a> from gpio-board.o(i.EXTI3_IRQHandler) referenced from startup_stm32l151xb.o(RESET)
 <LI><a href="#[14]">EXTI4_IRQHandler</a> from gpio-board.o(i.EXTI4_IRQHandler) referenced from startup_stm32l151xb.o(RESET)
 <LI><a href="#[21]">EXTI9_5_IRQHandler</a> from gpio-board.o(i.EXTI9_5_IRQHandler) referenced from startup_stm32l151xb.o(RESET)
 <LI><a href="#[e]">FLASH_IRQHandler</a> from startup_stm32l151xb.o(.text) referenced from startup_stm32l151xb.o(RESET)
 <LI><a href="#[2]">HardFault_Handler</a> from startup_stm32l151xb.o(.text) referenced from startup_stm32l151xb.o(RESET)
 <LI><a href="#[29]">I2C1_ER_IRQHandler</a> from startup_stm32l151xb.o(.text) referenced from startup_stm32l151xb.o(RESET)
 <LI><a href="#[28]">I2C1_EV_IRQHandler</a> from startup_stm32l151xb.o(.text) referenced from startup_stm32l151xb.o(RESET)
 <LI><a href="#[2b]">I2C2_ER_IRQHandler</a> from startup_stm32l151xb.o(.text) referenced from startup_stm32l151xb.o(RESET)
 <LI><a href="#[2a]">I2C2_EV_IRQHandler</a> from startup_stm32l151xb.o(.text) referenced from startup_stm32l151xb.o(RESET)
 <LI><a href="#[3]">MemManage_Handler</a> from sysirqhandlers.o(i.MemManage_Handler) referenced from startup_stm32l151xb.o(RESET)
 <LI><a href="#[1]">NMI_Handler</a> from sysirqhandlers.o(i.NMI_Handler) referenced from startup_stm32l151xb.o(RESET)
 <LI><a href="#[3b]">OnRxDone</a> from ns_radio.o(i.OnRxDone) referenced from ns_radio.o(i.NS_RadioEventsInit)
 <LI><a href="#[3e]">OnRxError</a> from ns_radio.o(i.OnRxError) referenced from ns_radio.o(i.NS_RadioEventsInit)
 <LI><a href="#[3d]">OnRxTimeout</a> from ns_radio.o(i.OnRxTimeout) referenced from ns_radio.o(i.NS_RadioEventsInit)
 <LI><a href="#[3a]">OnTxDone</a> from ns_radio.o(i.OnTxDone) referenced from ns_radio.o(i.NS_RadioEventsInit)
 <LI><a href="#[3c]">OnTxTimeout</a> from ns_radio.o(i.OnTxTimeout) referenced from ns_radio.o(i.NS_RadioEventsInit)
 <LI><a href="#[b]">PVD_IRQHandler</a> from startup_stm32l151xb.o(.text) referenced from startup_stm32l151xb.o(RESET)
 <LI><a href="#[8]">PendSV_Handler</a> from startup_stm32l151xb.o(.text) referenced from startup_stm32l151xb.o(RESET)
 <LI><a href="#[f]">RCC_IRQHandler</a> from startup_stm32l151xb.o(.text) referenced from startup_stm32l151xb.o(RESET)
 <LI><a href="#[32]">RTC_Alarm_IRQHandler</a> from rtc-board.o(i.RTC_Alarm_IRQHandler) referenced from startup_stm32l151xb.o(RESET)
 <LI><a href="#[d]">RTC_WKUP_IRQHandler</a> from startup_stm32l151xb.o(.text) referenced from startup_stm32l151xb.o(RESET)
 <LI><a href="#[0]">Reset_Handler</a> from startup_stm32l151xb.o(.text) referenced from startup_stm32l151xb.o(RESET)
 <LI><a href="#[2c]">SPI1_IRQHandler</a> from startup_stm32l151xb.o(.text) referenced from startup_stm32l151xb.o(RESET)
 <LI><a href="#[2d]">SPI2_IRQHandler</a> from startup_stm32l151xb.o(.text) referenced from startup_stm32l151xb.o(RESET)
 <LI><a href="#[6]">SVC_Handler</a> from startup_stm32l151xb.o(.text) referenced from startup_stm32l151xb.o(RESET)
 <LI><a href="#[4a]">SX1276CheckRfFrequency</a> from sx1276-board.o(i.SX1276CheckRfFrequency) referenced from sx1276-board.o(.constdata)
 <LI><a href="#[43]">SX1276GetStatus</a> from sx1276.o(i.SX1276GetStatus) referenced from sx1276-board.o(.constdata)
 <LI><a href="#[4b]">SX1276GetTimeOnAir</a> from sx1276.o(i.SX1276GetTimeOnAir) referenced from sx1276-board.o(.constdata)
 <LI><a href="#[42]">SX1276Init</a> from sx1276.o(i.SX1276Init) referenced from sx1276-board.o(.constdata)
 <LI><a href="#[46]">SX1276IsChannelFree</a> from sx1276.o(i.SX1276IsChannelFree) referenced from sx1276-board.o(.constdata)
 <LI><a href="#[59]">SX1276OnDio0Irq</a> from sx1276.o(i.SX1276OnDio0Irq) referenced from sx1276.o(.data)
 <LI><a href="#[5a]">SX1276OnDio1Irq</a> from sx1276.o(i.SX1276OnDio1Irq) referenced from sx1276.o(.data)
 <LI><a href="#[3f]">SX1276OnTimeoutIrq</a> from sx1276.o(i.SX1276OnTimeoutIrq) referenced from sx1276.o(i.SX1276Init)
 <LI><a href="#[47]">SX1276Random</a> from sx1276.o(i.SX1276Random) referenced from sx1276-board.o(.constdata)
 <LI><a href="#[54]">SX1276Read</a> from sx1276.o(i.SX1276Read) referenced from sx1276-board.o(.constdata)
 <LI><a href="#[56]">SX1276ReadBuffer</a> from sx1276.o(i.SX1276ReadBuffer) referenced from sx1276-board.o(.constdata)
 <LI><a href="#[52]">SX1276ReadRssi</a> from sx1276.o(i.SX1276ReadRssi) referenced from sx1276-board.o(.constdata)
 <LI><a href="#[4c]">SX1276Send</a> from sx1276.o(i.SX1276Send) referenced from sx1276-board.o(.constdata)
 <LI><a href="#[45]">SX1276SetChannel</a> from sx1276.o(i.SX1276SetChannel) referenced from sx1276-board.o(.constdata)
 <LI><a href="#[57]">SX1276SetMaxPayloadLength</a> from sx1276.o(i.SX1276SetMaxPayloadLength) referenced from sx1276-board.o(.constdata)
 <LI><a href="#[44]">SX1276SetModem</a> from sx1276.o(i.SX1276SetModem) referenced from sx1276-board.o(.constdata)
 <LI><a href="#[58]">SX1276SetPublicNetwork</a> from sx1276.o(i.SX1276SetPublicNetwork) referenced from sx1276-board.o(.constdata)
 <LI><a href="#[4f]">SX1276SetRx</a> from sx1276.o(i.SX1276SetRx) referenced from sx1276-board.o(.constdata)
 <LI><a href="#[48]">SX1276SetRxConfig</a> from sx1276.o(i.SX1276SetRxConfig) referenced from sx1276-board.o(.constdata)
 <LI><a href="#[4d]">SX1276SetSleep</a> from sx1276.o(i.SX1276SetSleep) referenced from sx1276-board.o(.constdata)
 <LI><a href="#[4e]">SX1276SetStby</a> from sx1276.o(i.SX1276SetStby) referenced from sx1276-board.o(.constdata)
 <LI><a href="#[49]">SX1276SetTxConfig</a> from sx1276.o(i.SX1276SetTxConfig) referenced from sx1276-board.o(.constdata)
 <LI><a href="#[51]">SX1276SetTxContinuousWave</a> from sx1276.o(i.SX1276SetTxContinuousWave) referenced from sx1276-board.o(.constdata)
 <LI><a href="#[50]">SX1276StartCad</a> from sx1276.o(i.SX1276StartCad) referenced from sx1276-board.o(.constdata)
 <LI><a href="#[53]">SX1276Write</a> from sx1276.o(i.SX1276Write) referenced from sx1276-board.o(.constdata)
 <LI><a href="#[55]">SX1276WriteBuffer</a> from sx1276.o(i.SX1276WriteBuffer) referenced from sx1276-board.o(.constdata)
 <LI><a href="#[9]">SysTick_Handler</a> from board.o(i.SysTick_Handler) referenced from startup_stm32l151xb.o(RESET)
 <LI><a href="#[37]">SystemInit</a> from system_stm32l1xx.o(i.SystemInit) referenced from startup_stm32l151xb.o(.text)
 <LI><a href="#[c]">TAMPER_STAMP_IRQHandler</a> from startup_stm32l151xb.o(.text) referenced from startup_stm32l151xb.o(RESET)
 <LI><a href="#[23]">TIM10_IRQHandler</a> from startup_stm32l151xb.o(.text) referenced from startup_stm32l151xb.o(RESET)
 <LI><a href="#[24]">TIM11_IRQHandler</a> from startup_stm32l151xb.o(.text) referenced from startup_stm32l151xb.o(RESET)
 <LI><a href="#[25]">TIM2_IRQHandler</a> from tim-board.o(i.TIM2_IRQHandler) referenced from startup_stm32l151xb.o(RESET)
 <LI><a href="#[26]">TIM3_IRQHandler</a> from tim-board.o(i.TIM3_IRQHandler) referenced from startup_stm32l151xb.o(RESET)
 <LI><a href="#[27]">TIM4_IRQHandler</a> from startup_stm32l151xb.o(.text) referenced from startup_stm32l151xb.o(RESET)
 <LI><a href="#[34]">TIM6_IRQHandler</a> from startup_stm32l151xb.o(.text) referenced from startup_stm32l151xb.o(RESET)
 <LI><a href="#[35]">TIM7_IRQHandler</a> from startup_stm32l151xb.o(.text) referenced from startup_stm32l151xb.o(RESET)
 <LI><a href="#[22]">TIM9_IRQHandler</a> from startup_stm32l151xb.o(.text) referenced from startup_stm32l151xb.o(RESET)
 <LI><a href="#[39]">Time2Handler</a> from timer_handles.o(i.Time2Handler) referenced from main.o(i.Init)
 <LI><a href="#[2e]">USART1_IRQHandler</a> from usart1-board.o(i.USART1_IRQHandler) referenced from startup_stm32l151xb.o(RESET)
 <LI><a href="#[2f]">USART2_IRQHandler</a> from startup_stm32l151xb.o(.text) referenced from startup_stm32l151xb.o(RESET)
 <LI><a href="#[30]">USART3_IRQHandler</a> from startup_stm32l151xb.o(.text) referenced from startup_stm32l151xb.o(RESET)
 <LI><a href="#[33]">USB_FS_WKUP_IRQHandler</a> from startup_stm32l151xb.o(.text) referenced from startup_stm32l151xb.o(RESET)
 <LI><a href="#[1d]">USB_HP_IRQHandler</a> from startup_stm32l151xb.o(.text) referenced from startup_stm32l151xb.o(RESET)
 <LI><a href="#[1e]">USB_LP_IRQHandler</a> from startup_stm32l151xb.o(.text) referenced from startup_stm32l151xb.o(RESET)
 <LI><a href="#[5]">UsageFault_Handler</a> from sysirqhandlers.o(i.UsageFault_Handler) referenced from startup_stm32l151xb.o(RESET)
 <LI><a href="#[a]">WWDG_IRQHandler</a> from startup_stm32l151xb.o(.text) referenced from startup_stm32l151xb.o(RESET)
 <LI><a href="#[38]">__main</a> from entry.o(.ARM.Collect$$$$00000000) referenced from startup_stm32l151xb.o(.text)
 <LI><a href="#[41]">_sputc</a> from printfa.o(i._sputc) referenced from printfa.o(i.__0sprintf)
 <LI><a href="#[40]">fputc</a> from uart.o(i.fputc) referenced from printfa.o(i.__0printf)
 <LI><a href="#[36]">main</a> from main.o(i.main) referenced from entry9a.o(.ARM.Collect$$$$0000000B)
</UL>
<P>
<H3>
Global Symbols
</H3>
<P><STRONG><a name="[38]"></a>__main</STRONG> (Thumb, 0 bytes, Stack size unknown bytes, entry.o(.ARM.Collect$$$$00000000))
<BR>[Address Reference Count : 1]<UL><LI> startup_stm32l151xb.o(.text)
</UL>
<P><STRONG><a name="[14e]"></a>_main_stk</STRONG> (Thumb, 0 bytes, Stack size unknown bytes, entry2.o(.ARM.Collect$$$$00000001))

<P><STRONG><a name="[5b]"></a>_main_scatterload</STRONG> (Thumb, 0 bytes, Stack size unknown bytes, entry5.o(.ARM.Collect$$$$00000004))
<BR><BR>[Calls]<UL><LI><a href="#[5c]">&gt;&gt;</a>&nbsp;&nbsp;&nbsp;__scatterload
</UL>

<P><STRONG><a name="[79]"></a>__main_after_scatterload</STRONG> (Thumb, 0 bytes, Stack size unknown bytes, entry5.o(.ARM.Collect$$$$00000004))
<BR><BR>[Called By]<UL><LI><a href="#[5c]">&gt;&gt;</a>&nbsp;&nbsp;&nbsp;__scatterload
</UL>

<P><STRONG><a name="[14f]"></a>_main_clock</STRONG> (Thumb, 0 bytes, Stack size unknown bytes, entry7b.o(.ARM.Collect$$$$00000008))

<P><STRONG><a name="[150]"></a>_main_cpp_init</STRONG> (Thumb, 0 bytes, Stack size unknown bytes, entry8b.o(.ARM.Collect$$$$0000000A))

<P><STRONG><a name="[151]"></a>_main_init</STRONG> (Thumb, 0 bytes, Stack size unknown bytes, entry9a.o(.ARM.Collect$$$$0000000B))

<P><STRONG><a name="[152]"></a>__rt_final_cpp</STRONG> (Thumb, 0 bytes, Stack size unknown bytes, entry10a.o(.ARM.Collect$$$$0000000D))

<P><STRONG><a name="[153]"></a>__rt_final_exit</STRONG> (Thumb, 0 bytes, Stack size unknown bytes, entry11a.o(.ARM.Collect$$$$0000000F))

<P><STRONG><a name="[0]"></a>Reset_Handler</STRONG> (Thumb, 8 bytes, Stack size 0 bytes, startup_stm32l151xb.o(.text))
<BR>[Address Reference Count : 1]<UL><LI> startup_stm32l151xb.o(RESET)
</UL>
<P><STRONG><a name="[2]"></a>HardFault_Handler</STRONG> (Thumb, 2 bytes, Stack size 0 bytes, startup_stm32l151xb.o(.text))
<BR><BR>[Calls]<UL><LI><a href="#[2]">&gt;&gt;</a>&nbsp;&nbsp;&nbsp;HardFault_Handler
</UL>
<BR>[Called By]<UL><LI><a href="#[2]">&gt;&gt;</a>&nbsp;&nbsp;&nbsp;HardFault_Handler
</UL>
<BR>[Address Reference Count : 1]<UL><LI> startup_stm32l151xb.o(RESET)
</UL>
<P><STRONG><a name="[6]"></a>SVC_Handler</STRONG> (Thumb, 2 bytes, Stack size 0 bytes, startup_stm32l151xb.o(.text))
<BR><BR>[Calls]<UL><LI><a href="#[6]">&gt;&gt;</a>&nbsp;&nbsp;&nbsp;SVC_Handler
</UL>
<BR>[Called By]<UL><LI><a href="#[6]">&gt;&gt;</a>&nbsp;&nbsp;&nbsp;SVC_Handler
</UL>
<BR>[Address Reference Count : 1]<UL><LI> startup_stm32l151xb.o(RESET)
</UL>
<P><STRONG><a name="[8]"></a>PendSV_Handler</STRONG> (Thumb, 2 bytes, Stack size 0 bytes, startup_stm32l151xb.o(.text))
<BR><BR>[Calls]<UL><LI><a href="#[8]">&gt;&gt;</a>&nbsp;&nbsp;&nbsp;PendSV_Handler
</UL>
<BR>[Called By]<UL><LI><a href="#[8]">&gt;&gt;</a>&nbsp;&nbsp;&nbsp;PendSV_Handler
</UL>
<BR>[Address Reference Count : 1]<UL><LI> startup_stm32l151xb.o(RESET)
</UL>
<P><STRONG><a name="[1c]"></a>ADC1_IRQHandler</STRONG> (Thumb, 0 bytes, Stack size 0 bytes, startup_stm32l151xb.o(.text))
<BR><BR>[Calls]<UL><LI><a href="#[1c]">&gt;&gt;</a>&nbsp;&nbsp;&nbsp;ADC1_IRQHandler
</UL>
<BR>[Called By]<UL><LI><a href="#[1c]">&gt;&gt;</a>&nbsp;&nbsp;&nbsp;ADC1_IRQHandler
</UL>
<BR>[Address Reference Count : 1]<UL><LI> startup_stm32l151xb.o(RESET)
</UL>
<P><STRONG><a name="[20]"></a>COMP_IRQHandler</STRONG> (Thumb, 0 bytes, Stack size 0 bytes, startup_stm32l151xb.o(.text))
<BR>[Address Reference Count : 1]<UL><LI> startup_stm32l151xb.o(RESET)
</UL>
<P><STRONG><a name="[1f]"></a>DAC_IRQHandler</STRONG> (Thumb, 0 bytes, Stack size 0 bytes, startup_stm32l151xb.o(.text))
<BR>[Address Reference Count : 1]<UL><LI> startup_stm32l151xb.o(RESET)
</UL>
<P><STRONG><a name="[15]"></a>DMA1_Channel1_IRQHandler</STRONG> (Thumb, 0 bytes, Stack size 0 bytes, startup_stm32l151xb.o(.text))
<BR>[Address Reference Count : 1]<UL><LI> startup_stm32l151xb.o(RESET)
</UL>
<P><STRONG><a name="[16]"></a>DMA1_Channel2_IRQHandler</STRONG> (Thumb, 0 bytes, Stack size 0 bytes, startup_stm32l151xb.o(.text))
<BR>[Address Reference Count : 1]<UL><LI> startup_stm32l151xb.o(RESET)
</UL>
<P><STRONG><a name="[17]"></a>DMA1_Channel3_IRQHandler</STRONG> (Thumb, 0 bytes, Stack size 0 bytes, startup_stm32l151xb.o(.text))
<BR>[Address Reference Count : 1]<UL><LI> startup_stm32l151xb.o(RESET)
</UL>
<P><STRONG><a name="[18]"></a>DMA1_Channel4_IRQHandler</STRONG> (Thumb, 0 bytes, Stack size 0 bytes, startup_stm32l151xb.o(.text))
<BR>[Address Reference Count : 1]<UL><LI> startup_stm32l151xb.o(RESET)
</UL>
<P><STRONG><a name="[19]"></a>DMA1_Channel5_IRQHandler</STRONG> (Thumb, 0 bytes, Stack size 0 bytes, startup_stm32l151xb.o(.text))
<BR>[Address Reference Count : 1]<UL><LI> startup_stm32l151xb.o(RESET)
</UL>
<P><STRONG><a name="[1a]"></a>DMA1_Channel6_IRQHandler</STRONG> (Thumb, 0 bytes, Stack size 0 bytes, startup_stm32l151xb.o(.text))
<BR>[Address Reference Count : 1]<UL><LI> startup_stm32l151xb.o(RESET)
</UL>
<P><STRONG><a name="[1b]"></a>DMA1_Channel7_IRQHandler</STRONG> (Thumb, 0 bytes, Stack size 0 bytes, startup_stm32l151xb.o(.text))
<BR>[Address Reference Count : 1]<UL><LI> startup_stm32l151xb.o(RESET)
</UL>
<P><STRONG><a name="[e]"></a>FLASH_IRQHandler</STRONG> (Thumb, 0 bytes, Stack size 0 bytes, startup_stm32l151xb.o(.text))
<BR>[Address Reference Count : 1]<UL><LI> startup_stm32l151xb.o(RESET)
</UL>
<P><STRONG><a name="[29]"></a>I2C1_ER_IRQHandler</STRONG> (Thumb, 0 bytes, Stack size 0 bytes, startup_stm32l151xb.o(.text))
<BR>[Address Reference Count : 1]<UL><LI> startup_stm32l151xb.o(RESET)
</UL>
<P><STRONG><a name="[28]"></a>I2C1_EV_IRQHandler</STRONG> (Thumb, 0 bytes, Stack size 0 bytes, startup_stm32l151xb.o(.text))
<BR>[Address Reference Count : 1]<UL><LI> startup_stm32l151xb.o(RESET)
</UL>
<P><STRONG><a name="[2b]"></a>I2C2_ER_IRQHandler</STRONG> (Thumb, 0 bytes, Stack size 0 bytes, startup_stm32l151xb.o(.text))
<BR>[Address Reference Count : 1]<UL><LI> startup_stm32l151xb.o(RESET)
</UL>
<P><STRONG><a name="[2a]"></a>I2C2_EV_IRQHandler</STRONG> (Thumb, 0 bytes, Stack size 0 bytes, startup_stm32l151xb.o(.text))
<BR>[Address Reference Count : 1]<UL><LI> startup_stm32l151xb.o(RESET)
</UL>
<P><STRONG><a name="[b]"></a>PVD_IRQHandler</STRONG> (Thumb, 0 bytes, Stack size 0 bytes, startup_stm32l151xb.o(.text))
<BR>[Address Reference Count : 1]<UL><LI> startup_stm32l151xb.o(RESET)
</UL>
<P><STRONG><a name="[f]"></a>RCC_IRQHandler</STRONG> (Thumb, 0 bytes, Stack size 0 bytes, startup_stm32l151xb.o(.text))
<BR>[Address Reference Count : 1]<UL><LI> startup_stm32l151xb.o(RESET)
</UL>
<P><STRONG><a name="[d]"></a>RTC_WKUP_IRQHandler</STRONG> (Thumb, 0 bytes, Stack size 0 bytes, startup_stm32l151xb.o(.text))
<BR>[Address Reference Count : 1]<UL><LI> startup_stm32l151xb.o(RESET)
</UL>
<P><STRONG><a name="[2c]"></a>SPI1_IRQHandler</STRONG> (Thumb, 0 bytes, Stack size 0 bytes, startup_stm32l151xb.o(.text))
<BR>[Address Reference Count : 1]<UL><LI> startup_stm32l151xb.o(RESET)
</UL>
<P><STRONG><a name="[2d]"></a>SPI2_IRQHandler</STRONG> (Thumb, 0 bytes, Stack size 0 bytes, startup_stm32l151xb.o(.text))
<BR>[Address Reference Count : 1]<UL><LI> startup_stm32l151xb.o(RESET)
</UL>
<P><STRONG><a name="[c]"></a>TAMPER_STAMP_IRQHandler</STRONG> (Thumb, 0 bytes, Stack size 0 bytes, startup_stm32l151xb.o(.text))
<BR>[Address Reference Count : 1]<UL><LI> startup_stm32l151xb.o(RESET)
</UL>
<P><STRONG><a name="[23]"></a>TIM10_IRQHandler</STRONG> (Thumb, 0 bytes, Stack size 0 bytes, startup_stm32l151xb.o(.text))
<BR>[Address Reference Count : 1]<UL><LI> startup_stm32l151xb.o(RESET)
</UL>
<P><STRONG><a name="[24]"></a>TIM11_IRQHandler</STRONG> (Thumb, 0 bytes, Stack size 0 bytes, startup_stm32l151xb.o(.text))
<BR>[Address Reference Count : 1]<UL><LI> startup_stm32l151xb.o(RESET)
</UL>
<P><STRONG><a name="[27]"></a>TIM4_IRQHandler</STRONG> (Thumb, 0 bytes, Stack size 0 bytes, startup_stm32l151xb.o(.text))
<BR>[Address Reference Count : 1]<UL><LI> startup_stm32l151xb.o(RESET)
</UL>
<P><STRONG><a name="[34]"></a>TIM6_IRQHandler</STRONG> (Thumb, 0 bytes, Stack size 0 bytes, startup_stm32l151xb.o(.text))
<BR>[Address Reference Count : 1]<UL><LI> startup_stm32l151xb.o(RESET)
</UL>
<P><STRONG><a name="[35]"></a>TIM7_IRQHandler</STRONG> (Thumb, 0 bytes, Stack size 0 bytes, startup_stm32l151xb.o(.text))
<BR>[Address Reference Count : 1]<UL><LI> startup_stm32l151xb.o(RESET)
</UL>
<P><STRONG><a name="[22]"></a>TIM9_IRQHandler</STRONG> (Thumb, 0 bytes, Stack size 0 bytes, startup_stm32l151xb.o(.text))
<BR>[Address Reference Count : 1]<UL><LI> startup_stm32l151xb.o(RESET)
</UL>
<P><STRONG><a name="[2f]"></a>USART2_IRQHandler</STRONG> (Thumb, 0 bytes, Stack size 0 bytes, startup_stm32l151xb.o(.text))
<BR>[Address Reference Count : 1]<UL><LI> startup_stm32l151xb.o(RESET)
</UL>
<P><STRONG><a name="[30]"></a>USART3_IRQHandler</STRONG> (Thumb, 0 bytes, Stack size 0 bytes, startup_stm32l151xb.o(.text))
<BR>[Address Reference Count : 1]<UL><LI> startup_stm32l151xb.o(RESET)
</UL>
<P><STRONG><a name="[33]"></a>USB_FS_WKUP_IRQHandler</STRONG> (Thumb, 0 bytes, Stack size 0 bytes, startup_stm32l151xb.o(.text))
<BR>[Address Reference Count : 1]<UL><LI> startup_stm32l151xb.o(RESET)
</UL>
<P><STRONG><a name="[1d]"></a>USB_HP_IRQHandler</STRONG> (Thumb, 0 bytes, Stack size 0 bytes, startup_stm32l151xb.o(.text))
<BR>[Address Reference Count : 1]<UL><LI> startup_stm32l151xb.o(RESET)
</UL>
<P><STRONG><a name="[1e]"></a>USB_LP_IRQHandler</STRONG> (Thumb, 0 bytes, Stack size 0 bytes, startup_stm32l151xb.o(.text))
<BR>[Address Reference Count : 1]<UL><LI> startup_stm32l151xb.o(RESET)
</UL>
<P><STRONG><a name="[a]"></a>WWDG_IRQHandler</STRONG> (Thumb, 0 bytes, Stack size 0 bytes, startup_stm32l151xb.o(.text))
<BR>[Address Reference Count : 1]<UL><LI> startup_stm32l151xb.o(RESET)
</UL>
<P><STRONG><a name="[f6]"></a>__aeabi_memcpy</STRONG> (Thumb, 36 bytes, Stack size 0 bytes, memcpya.o(.text))
<BR><BR>[Called By]<UL><LI><a href="#[3b]">&gt;&gt;</a>&nbsp;&nbsp;&nbsp;OnRxDone
</UL>

<P><STRONG><a name="[fb]"></a>__aeabi_memcpy4</STRONG> (Thumb, 0 bytes, Stack size 0 bytes, memcpya.o(.text))
<BR><BR>[Called By]<UL><LI><a href="#[102]">&gt;&gt;</a>&nbsp;&nbsp;&nbsp;RtcStartWakeUpAlarm
<LI><a href="#[fe]">&gt;&gt;</a>&nbsp;&nbsp;&nbsp;RtcGetCalendar
<LI><a href="#[100]">&gt;&gt;</a>&nbsp;&nbsp;&nbsp;RtcConvertCalendarTickToTimerTime
<LI><a href="#[f8]">&gt;&gt;</a>&nbsp;&nbsp;&nbsp;RtcComputeWakeUpTime
<LI><a href="#[fa]">&gt;&gt;</a>&nbsp;&nbsp;&nbsp;RtcComputeTimerTimeToAlarmTick
</UL>

<P><STRONG><a name="[154]"></a>__aeabi_memcpy8</STRONG> (Thumb, 0 bytes, Stack size 0 bytes, memcpya.o(.text), UNUSED)

<P><STRONG><a name="[5e]"></a>__aeabi_memset</STRONG> (Thumb, 14 bytes, Stack size 0 bytes, memseta.o(.text), UNUSED)
<BR><BR>[Called By]<UL><LI><a href="#[5f]">&gt;&gt;</a>&nbsp;&nbsp;&nbsp;_memset$wrapper
<LI><a href="#[5d]">&gt;&gt;</a>&nbsp;&nbsp;&nbsp;__aeabi_memclr
</UL>

<P><STRONG><a name="[155]"></a>__aeabi_memset4</STRONG> (Thumb, 0 bytes, Stack size 0 bytes, memseta.o(.text), UNUSED)

<P><STRONG><a name="[156]"></a>__aeabi_memset8</STRONG> (Thumb, 0 bytes, Stack size 0 bytes, memseta.o(.text), UNUSED)

<P><STRONG><a name="[5d]"></a>__aeabi_memclr</STRONG> (Thumb, 4 bytes, Stack size 0 bytes, memseta.o(.text), UNUSED)
<BR><BR>[Calls]<UL><LI><a href="#[5e]">&gt;&gt;</a>&nbsp;&nbsp;&nbsp;__aeabi_memset
</UL>

<P><STRONG><a name="[d4]"></a>__aeabi_memclr4</STRONG> (Thumb, 0 bytes, Stack size 0 bytes, memseta.o(.text))
<BR><BR>[Called By]<UL><LI><a href="#[4f]">&gt;&gt;</a>&nbsp;&nbsp;&nbsp;SX1276SetRx
<LI><a href="#[105]">&gt;&gt;</a>&nbsp;&nbsp;&nbsp;Serial_Init
<LI><a href="#[12a]">&gt;&gt;</a>&nbsp;&nbsp;&nbsp;Serial_DataInOutInit
<LI><a href="#[d6]">&gt;&gt;</a>&nbsp;&nbsp;&nbsp;I2c_sdaInOutInit
<LI><a href="#[d8]">&gt;&gt;</a>&nbsp;&nbsp;&nbsp;I2c_SclInOutInit
<LI><a href="#[d3]">&gt;&gt;</a>&nbsp;&nbsp;&nbsp;I2c_Init
</UL>

<P><STRONG><a name="[157]"></a>__aeabi_memclr8</STRONG> (Thumb, 0 bytes, Stack size 0 bytes, memseta.o(.text), UNUSED)

<P><STRONG><a name="[5f]"></a>_memset$wrapper</STRONG> (Thumb, 18 bytes, Stack size 8 bytes, memseta.o(.text), UNUSED)
<BR><BR>[Calls]<UL><LI><a href="#[5e]">&gt;&gt;</a>&nbsp;&nbsp;&nbsp;__aeabi_memset
</UL>

<P><STRONG><a name="[60]"></a>__aeabi_fadd</STRONG> (Thumb, 164 bytes, Stack size 16 bytes, fadd.o(.text))
<BR><BR>[Stack]<UL><LI>Max Depth = 20<LI>Call Chain = __aeabi_fadd &rArr; _float_epilogue
</UL>
<BR>[Calls]<UL><LI><a href="#[62]">&gt;&gt;</a>&nbsp;&nbsp;&nbsp;_float_round
<LI><a href="#[61]">&gt;&gt;</a>&nbsp;&nbsp;&nbsp;_float_epilogue
</UL>
<BR>[Called By]<UL><LI><a href="#[63]">&gt;&gt;</a>&nbsp;&nbsp;&nbsp;__aeabi_fsub
<LI><a href="#[143]">&gt;&gt;</a>&nbsp;&nbsp;&nbsp;calc_sth11
<LI><a href="#[64]">&gt;&gt;</a>&nbsp;&nbsp;&nbsp;__aeabi_frsub
</UL>

<P><STRONG><a name="[63]"></a>__aeabi_fsub</STRONG> (Thumb, 6 bytes, Stack size 0 bytes, fadd.o(.text))
<BR><BR>[Stack]<UL><LI>Max Depth = 20<LI>Call Chain = __aeabi_fsub &rArr; __aeabi_fadd &rArr; _float_epilogue
</UL>
<BR>[Calls]<UL><LI><a href="#[60]">&gt;&gt;</a>&nbsp;&nbsp;&nbsp;__aeabi_fadd
</UL>
<BR>[Called By]<UL><LI><a href="#[10b]">&gt;&gt;</a>&nbsp;&nbsp;&nbsp;SHT3X_CalcTemperature
<LI><a href="#[143]">&gt;&gt;</a>&nbsp;&nbsp;&nbsp;calc_sth11
</UL>

<P><STRONG><a name="[64]"></a>__aeabi_frsub</STRONG> (Thumb, 6 bytes, Stack size 0 bytes, fadd.o(.text), UNUSED)
<BR><BR>[Calls]<UL><LI><a href="#[60]">&gt;&gt;</a>&nbsp;&nbsp;&nbsp;__aeabi_fadd
</UL>

<P><STRONG><a name="[10a]"></a>__aeabi_fmul</STRONG> (Thumb, 100 bytes, Stack size 8 bytes, fmul.o(.text))
<BR><BR>[Stack]<UL><LI>Max Depth = 8<LI>Call Chain = __aeabi_fmul
</UL>
<BR>[Called By]<UL><LI><a href="#[36]">&gt;&gt;</a>&nbsp;&nbsp;&nbsp;main
<LI><a href="#[10b]">&gt;&gt;</a>&nbsp;&nbsp;&nbsp;SHT3X_CalcTemperature
<LI><a href="#[109]">&gt;&gt;</a>&nbsp;&nbsp;&nbsp;SHT3X_CalcHumidity
<LI><a href="#[143]">&gt;&gt;</a>&nbsp;&nbsp;&nbsp;calc_sth11
</UL>

<P><STRONG><a name="[65]"></a>__aeabi_fdiv</STRONG> (Thumb, 124 bytes, Stack size 8 bytes, fdiv.o(.text))
<BR><BR>[Stack]<UL><LI>Max Depth = 8<LI>Call Chain = __aeabi_fdiv
</UL>
<BR>[Calls]<UL><LI><a href="#[62]">&gt;&gt;</a>&nbsp;&nbsp;&nbsp;_float_round
</UL>
<BR>[Called By]<UL><LI><a href="#[10b]">&gt;&gt;</a>&nbsp;&nbsp;&nbsp;SHT3X_CalcTemperature
<LI><a href="#[109]">&gt;&gt;</a>&nbsp;&nbsp;&nbsp;SHT3X_CalcHumidity
</UL>

<P><STRONG><a name="[66]"></a>__aeabi_dadd</STRONG> (Thumb, 322 bytes, Stack size 48 bytes, dadd.o(.text))
<BR><BR>[Stack]<UL><LI>Max Depth = 88<LI>Call Chain = __aeabi_dadd &rArr; _double_epilogue &rArr; _double_round
</UL>
<BR>[Calls]<UL><LI><a href="#[68]">&gt;&gt;</a>&nbsp;&nbsp;&nbsp;__aeabi_lasr
<LI><a href="#[67]">&gt;&gt;</a>&nbsp;&nbsp;&nbsp;__aeabi_llsl
<LI><a href="#[6a]">&gt;&gt;</a>&nbsp;&nbsp;&nbsp;_double_round
<LI><a href="#[69]">&gt;&gt;</a>&nbsp;&nbsp;&nbsp;_double_epilogue
</UL>
<BR>[Called By]<UL><LI><a href="#[4f]">&gt;&gt;</a>&nbsp;&nbsp;&nbsp;SX1276SetRx
<LI><a href="#[4b]">&gt;&gt;</a>&nbsp;&nbsp;&nbsp;SX1276GetTimeOnAir
<LI><a href="#[6b]">&gt;&gt;</a>&nbsp;&nbsp;&nbsp;__aeabi_dsub
<LI><a href="#[6c]">&gt;&gt;</a>&nbsp;&nbsp;&nbsp;__aeabi_drsub
<LI><a href="#[100]">&gt;&gt;</a>&nbsp;&nbsp;&nbsp;RtcConvertCalendarTickToTimerTime
<LI><a href="#[fa]">&gt;&gt;</a>&nbsp;&nbsp;&nbsp;RtcComputeTimerTimeToAlarmTick
<LI><a href="#[fc]">&gt;&gt;</a>&nbsp;&nbsp;&nbsp;round
<LI><a href="#[119]">&gt;&gt;</a>&nbsp;&nbsp;&nbsp;floor
<LI><a href="#[ff]">&gt;&gt;</a>&nbsp;&nbsp;&nbsp;ceil
<LI><a href="#[13f]">&gt;&gt;</a>&nbsp;&nbsp;&nbsp;_fp_digits
</UL>

<P><STRONG><a name="[6b]"></a>__aeabi_dsub</STRONG> (Thumb, 6 bytes, Stack size 0 bytes, dadd.o(.text))
<BR><BR>[Stack]<UL><LI>Max Depth = 88<LI>Call Chain = __aeabi_dsub &rArr; __aeabi_dadd &rArr; _double_epilogue &rArr; _double_round
</UL>
<BR>[Calls]<UL><LI><a href="#[66]">&gt;&gt;</a>&nbsp;&nbsp;&nbsp;__aeabi_dadd
</UL>
<BR>[Called By]<UL><LI><a href="#[fa]">&gt;&gt;</a>&nbsp;&nbsp;&nbsp;RtcComputeTimerTimeToAlarmTick
<LI><a href="#[fc]">&gt;&gt;</a>&nbsp;&nbsp;&nbsp;round
<LI><a href="#[143]">&gt;&gt;</a>&nbsp;&nbsp;&nbsp;calc_sth11
</UL>

<P><STRONG><a name="[6c]"></a>__aeabi_drsub</STRONG> (Thumb, 6 bytes, Stack size 0 bytes, dadd.o(.text))
<BR><BR>[Stack]<UL><LI>Max Depth = 88<LI>Call Chain = __aeabi_drsub &rArr; __aeabi_dadd &rArr; _double_epilogue &rArr; _double_round
</UL>
<BR>[Calls]<UL><LI><a href="#[66]">&gt;&gt;</a>&nbsp;&nbsp;&nbsp;__aeabi_dadd
</UL>
<BR>[Called By]<UL><LI><a href="#[fc]">&gt;&gt;</a>&nbsp;&nbsp;&nbsp;round
<LI><a href="#[119]">&gt;&gt;</a>&nbsp;&nbsp;&nbsp;floor
<LI><a href="#[ff]">&gt;&gt;</a>&nbsp;&nbsp;&nbsp;ceil
</UL>

<P><STRONG><a name="[6d]"></a>__aeabi_dmul</STRONG> (Thumb, 228 bytes, Stack size 48 bytes, dmul.o(.text))
<BR><BR>[Stack]<UL><LI>Max Depth = 88<LI>Call Chain = __aeabi_dmul &rArr; _double_epilogue &rArr; _double_round
</UL>
<BR>[Calls]<UL><LI><a href="#[69]">&gt;&gt;</a>&nbsp;&nbsp;&nbsp;_double_epilogue
</UL>
<BR>[Called By]<UL><LI><a href="#[8a]">&gt;&gt;</a>&nbsp;&nbsp;&nbsp;AdcScanChannel
<LI><a href="#[36]">&gt;&gt;</a>&nbsp;&nbsp;&nbsp;main
<LI><a href="#[51]">&gt;&gt;</a>&nbsp;&nbsp;&nbsp;SX1276SetTxContinuousWave
<LI><a href="#[48]">&gt;&gt;</a>&nbsp;&nbsp;&nbsp;SX1276SetRxConfig
<LI><a href="#[4b]">&gt;&gt;</a>&nbsp;&nbsp;&nbsp;SX1276GetTimeOnAir
<LI><a href="#[100]">&gt;&gt;</a>&nbsp;&nbsp;&nbsp;RtcConvertCalendarTickToTimerTime
<LI><a href="#[f8]">&gt;&gt;</a>&nbsp;&nbsp;&nbsp;RtcComputeWakeUpTime
<LI><a href="#[fa]">&gt;&gt;</a>&nbsp;&nbsp;&nbsp;RtcComputeTimerTimeToAlarmTick
<LI><a href="#[103]">&gt;&gt;</a>&nbsp;&nbsp;&nbsp;RxChainCalibration
<LI><a href="#[143]">&gt;&gt;</a>&nbsp;&nbsp;&nbsp;calc_sth11
<LI><a href="#[13f]">&gt;&gt;</a>&nbsp;&nbsp;&nbsp;_fp_digits
</UL>

<P><STRONG><a name="[6e]"></a>__aeabi_ddiv</STRONG> (Thumb, 222 bytes, Stack size 32 bytes, ddiv.o(.text))
<BR><BR>[Stack]<UL><LI>Max Depth = 40<LI>Call Chain = __aeabi_ddiv &rArr; _double_round
</UL>
<BR>[Calls]<UL><LI><a href="#[6a]">&gt;&gt;</a>&nbsp;&nbsp;&nbsp;_double_round
</UL>
<BR>[Called By]<UL><LI><a href="#[49]">&gt;&gt;</a>&nbsp;&nbsp;&nbsp;SX1276SetTxConfig
<LI><a href="#[48]">&gt;&gt;</a>&nbsp;&nbsp;&nbsp;SX1276SetRxConfig
<LI><a href="#[45]">&gt;&gt;</a>&nbsp;&nbsp;&nbsp;SX1276SetChannel
<LI><a href="#[4b]">&gt;&gt;</a>&nbsp;&nbsp;&nbsp;SX1276GetTimeOnAir
<LI><a href="#[13f]">&gt;&gt;</a>&nbsp;&nbsp;&nbsp;_fp_digits
</UL>

<P><STRONG><a name="[8b]"></a>__ARM_scalbn</STRONG> (Thumb, 46 bytes, Stack size 16 bytes, dscalb.o(.text))
<BR><BR>[Stack]<UL><LI>Max Depth = 16<LI>Call Chain = __ARM_scalbn
</UL>
<BR>[Called By]<UL><LI><a href="#[8a]">&gt;&gt;</a>&nbsp;&nbsp;&nbsp;AdcScanChannel
<LI><a href="#[36]">&gt;&gt;</a>&nbsp;&nbsp;&nbsp;main
<LI><a href="#[48]">&gt;&gt;</a>&nbsp;&nbsp;&nbsp;SX1276SetRxConfig
<LI><a href="#[4b]">&gt;&gt;</a>&nbsp;&nbsp;&nbsp;SX1276GetTimeOnAir
</UL>

<P><STRONG><a name="[158]"></a>scalbn</STRONG> (Thumb, 0 bytes, Stack size 16 bytes, dscalb.o(.text), UNUSED)

<P><STRONG><a name="[6f]"></a>__aeabi_ui2f</STRONG> (Thumb, 10 bytes, Stack size 0 bytes, ffltui.o(.text))
<BR><BR>[Stack]<UL><LI>Max Depth = 4<LI>Call Chain = __aeabi_ui2f &rArr; _float_epilogue
</UL>
<BR>[Calls]<UL><LI><a href="#[61]">&gt;&gt;</a>&nbsp;&nbsp;&nbsp;_float_epilogue
</UL>
<BR>[Called By]<UL><LI><a href="#[10b]">&gt;&gt;</a>&nbsp;&nbsp;&nbsp;SHT3X_CalcTemperature
<LI><a href="#[109]">&gt;&gt;</a>&nbsp;&nbsp;&nbsp;SHT3X_CalcHumidity
<LI><a href="#[145]">&gt;&gt;</a>&nbsp;&nbsp;&nbsp;call_sht1x
</UL>

<P><STRONG><a name="[70]"></a>__aeabi_i2d</STRONG> (Thumb, 34 bytes, Stack size 16 bytes, dflti.o(.text))
<BR><BR>[Stack]<UL><LI>Max Depth = 56<LI>Call Chain = __aeabi_i2d &rArr; _double_epilogue &rArr; _double_round
</UL>
<BR>[Calls]<UL><LI><a href="#[69]">&gt;&gt;</a>&nbsp;&nbsp;&nbsp;_double_epilogue
</UL>
<BR>[Called By]<UL><LI><a href="#[4b]">&gt;&gt;</a>&nbsp;&nbsp;&nbsp;SX1276GetTimeOnAir
<LI><a href="#[fa]">&gt;&gt;</a>&nbsp;&nbsp;&nbsp;RtcComputeTimerTimeToAlarmTick
</UL>

<P><STRONG><a name="[71]"></a>__aeabi_ui2d</STRONG> (Thumb, 26 bytes, Stack size 16 bytes, dfltui.o(.text))
<BR><BR>[Stack]<UL><LI>Max Depth = 56<LI>Call Chain = __aeabi_ui2d &rArr; _double_epilogue &rArr; _double_round
</UL>
<BR>[Calls]<UL><LI><a href="#[69]">&gt;&gt;</a>&nbsp;&nbsp;&nbsp;_double_epilogue
</UL>
<BR>[Called By]<UL><LI><a href="#[8a]">&gt;&gt;</a>&nbsp;&nbsp;&nbsp;AdcScanChannel
<LI><a href="#[51]">&gt;&gt;</a>&nbsp;&nbsp;&nbsp;SX1276SetTxContinuousWave
<LI><a href="#[49]">&gt;&gt;</a>&nbsp;&nbsp;&nbsp;SX1276SetTxConfig
<LI><a href="#[48]">&gt;&gt;</a>&nbsp;&nbsp;&nbsp;SX1276SetRxConfig
<LI><a href="#[4f]">&gt;&gt;</a>&nbsp;&nbsp;&nbsp;SX1276SetRx
<LI><a href="#[45]">&gt;&gt;</a>&nbsp;&nbsp;&nbsp;SX1276SetChannel
<LI><a href="#[4b]">&gt;&gt;</a>&nbsp;&nbsp;&nbsp;SX1276GetTimeOnAir
<LI><a href="#[100]">&gt;&gt;</a>&nbsp;&nbsp;&nbsp;RtcConvertCalendarTickToTimerTime
<LI><a href="#[f8]">&gt;&gt;</a>&nbsp;&nbsp;&nbsp;RtcComputeWakeUpTime
<LI><a href="#[fa]">&gt;&gt;</a>&nbsp;&nbsp;&nbsp;RtcComputeTimerTimeToAlarmTick
<LI><a href="#[103]">&gt;&gt;</a>&nbsp;&nbsp;&nbsp;RxChainCalibration
</UL>

<P><STRONG><a name="[72]"></a>__aeabi_d2iz</STRONG> (Thumb, 62 bytes, Stack size 16 bytes, dfixi.o(.text), UNUSED)
<BR><BR>[Calls]<UL><LI><a href="#[73]">&gt;&gt;</a>&nbsp;&nbsp;&nbsp;__aeabi_llsr
</UL>
<BR>[Called By]<UL><LI><a href="#[fa]">&gt;&gt;</a>&nbsp;&nbsp;&nbsp;RtcComputeTimerTimeToAlarmTick
</UL>

<P><STRONG><a name="[74]"></a>__aeabi_d2uiz</STRONG> (Thumb, 50 bytes, Stack size 8 bytes, dfixui.o(.text))
<BR><BR>[Stack]<UL><LI>Max Depth = 8<LI>Call Chain = __aeabi_d2uiz
</UL>
<BR>[Calls]<UL><LI><a href="#[73]">&gt;&gt;</a>&nbsp;&nbsp;&nbsp;__aeabi_llsr
</UL>
<BR>[Called By]<UL><LI><a href="#[51]">&gt;&gt;</a>&nbsp;&nbsp;&nbsp;SX1276SetTxContinuousWave
<LI><a href="#[49]">&gt;&gt;</a>&nbsp;&nbsp;&nbsp;SX1276SetTxConfig
<LI><a href="#[48]">&gt;&gt;</a>&nbsp;&nbsp;&nbsp;SX1276SetRxConfig
<LI><a href="#[4f]">&gt;&gt;</a>&nbsp;&nbsp;&nbsp;SX1276SetRx
<LI><a href="#[45]">&gt;&gt;</a>&nbsp;&nbsp;&nbsp;SX1276SetChannel
<LI><a href="#[4b]">&gt;&gt;</a>&nbsp;&nbsp;&nbsp;SX1276GetTimeOnAir
<LI><a href="#[100]">&gt;&gt;</a>&nbsp;&nbsp;&nbsp;RtcConvertCalendarTickToTimerTime
<LI><a href="#[f8]">&gt;&gt;</a>&nbsp;&nbsp;&nbsp;RtcComputeWakeUpTime
<LI><a href="#[fa]">&gt;&gt;</a>&nbsp;&nbsp;&nbsp;RtcComputeTimerTimeToAlarmTick
<LI><a href="#[103]">&gt;&gt;</a>&nbsp;&nbsp;&nbsp;RxChainCalibration
</UL>

<P><STRONG><a name="[ec]"></a>__aeabi_f2d</STRONG> (Thumb, 38 bytes, Stack size 0 bytes, f2d.o(.text))
<BR><BR>[Called By]<UL><LI><a href="#[36]">&gt;&gt;</a>&nbsp;&nbsp;&nbsp;main
<LI><a href="#[e5]">&gt;&gt;</a>&nbsp;&nbsp;&nbsp;LED_State
<LI><a href="#[143]">&gt;&gt;</a>&nbsp;&nbsp;&nbsp;calc_sth11
</UL>

<P><STRONG><a name="[159]"></a>__aeabi_cdcmpeq</STRONG> (Thumb, 0 bytes, Stack size 0 bytes, cdcmple.o(.text), UNUSED)

<P><STRONG><a name="[14a]"></a>__aeabi_cdcmple</STRONG> (Thumb, 48 bytes, Stack size 0 bytes, cdcmple.o(.text))
<BR><BR>[Called By]<UL><LI><a href="#[fc]">&gt;&gt;</a>&nbsp;&nbsp;&nbsp;round
</UL>

<P><STRONG><a name="[fd]"></a>__aeabi_cdrcmple</STRONG> (Thumb, 48 bytes, Stack size 0 bytes, cdrcmple.o(.text))
<BR><BR>[Called By]<UL><LI><a href="#[4b]">&gt;&gt;</a>&nbsp;&nbsp;&nbsp;SX1276GetTimeOnAir
<LI><a href="#[fa]">&gt;&gt;</a>&nbsp;&nbsp;&nbsp;RtcComputeTimerTimeToAlarmTick
<LI><a href="#[fc]">&gt;&gt;</a>&nbsp;&nbsp;&nbsp;round
<LI><a href="#[119]">&gt;&gt;</a>&nbsp;&nbsp;&nbsp;floor
<LI><a href="#[ff]">&gt;&gt;</a>&nbsp;&nbsp;&nbsp;ceil
<LI><a href="#[13f]">&gt;&gt;</a>&nbsp;&nbsp;&nbsp;_fp_digits
</UL>

<P><STRONG><a name="[75]"></a>__aeabi_d2f</STRONG> (Thumb, 56 bytes, Stack size 8 bytes, d2f.o(.text))
<BR><BR>[Stack]<UL><LI>Max Depth = 8<LI>Call Chain = __aeabi_d2f
</UL>
<BR>[Calls]<UL><LI><a href="#[62]">&gt;&gt;</a>&nbsp;&nbsp;&nbsp;_float_round
</UL>
<BR>[Called By]<UL><LI><a href="#[8a]">&gt;&gt;</a>&nbsp;&nbsp;&nbsp;AdcScanChannel
<LI><a href="#[36]">&gt;&gt;</a>&nbsp;&nbsp;&nbsp;main
<LI><a href="#[143]">&gt;&gt;</a>&nbsp;&nbsp;&nbsp;calc_sth11
</UL>

<P><STRONG><a name="[15a]"></a>__aeabi_uidiv</STRONG> (Thumb, 0 bytes, Stack size 12 bytes, uidiv.o(.text), UNUSED)

<P><STRONG><a name="[142]"></a>__aeabi_uidivmod</STRONG> (Thumb, 44 bytes, Stack size 12 bytes, uidiv.o(.text), UNUSED)
<BR><BR>[Called By]<UL><LI><a href="#[13d]">&gt;&gt;</a>&nbsp;&nbsp;&nbsp;_printf_core
</UL>

<P><STRONG><a name="[76]"></a>__aeabi_uldivmod</STRONG> (Thumb, 98 bytes, Stack size 40 bytes, uldiv.o(.text), UNUSED)
<BR><BR>[Calls]<UL><LI><a href="#[73]">&gt;&gt;</a>&nbsp;&nbsp;&nbsp;__aeabi_llsr
<LI><a href="#[67]">&gt;&gt;</a>&nbsp;&nbsp;&nbsp;__aeabi_llsl
</UL>
<BR>[Called By]<UL><LI><a href="#[13d]">&gt;&gt;</a>&nbsp;&nbsp;&nbsp;_printf_core
<LI><a href="#[13f]">&gt;&gt;</a>&nbsp;&nbsp;&nbsp;_fp_digits
</UL>

<P><STRONG><a name="[67]"></a>__aeabi_llsl</STRONG> (Thumb, 30 bytes, Stack size 0 bytes, llshl.o(.text))
<BR><BR>[Called By]<UL><LI><a href="#[66]">&gt;&gt;</a>&nbsp;&nbsp;&nbsp;__aeabi_dadd
<LI><a href="#[77]">&gt;&gt;</a>&nbsp;&nbsp;&nbsp;_drnd
<LI><a href="#[76]">&gt;&gt;</a>&nbsp;&nbsp;&nbsp;__aeabi_uldivmod
<LI><a href="#[69]">&gt;&gt;</a>&nbsp;&nbsp;&nbsp;_double_epilogue
<LI><a href="#[78]">&gt;&gt;</a>&nbsp;&nbsp;&nbsp;__aeabi_d2ulz
</UL>

<P><STRONG><a name="[15b]"></a>_ll_shift_l</STRONG> (Thumb, 0 bytes, Stack size 0 bytes, llshl.o(.text), UNUSED)

<P><STRONG><a name="[73]"></a>__aeabi_llsr</STRONG> (Thumb, 32 bytes, Stack size 0 bytes, llushr.o(.text))
<BR><BR>[Called By]<UL><LI><a href="#[74]">&gt;&gt;</a>&nbsp;&nbsp;&nbsp;__aeabi_d2uiz
<LI><a href="#[72]">&gt;&gt;</a>&nbsp;&nbsp;&nbsp;__aeabi_d2iz
<LI><a href="#[77]">&gt;&gt;</a>&nbsp;&nbsp;&nbsp;_drnd
<LI><a href="#[76]">&gt;&gt;</a>&nbsp;&nbsp;&nbsp;__aeabi_uldivmod
<LI><a href="#[69]">&gt;&gt;</a>&nbsp;&nbsp;&nbsp;_double_epilogue
<LI><a href="#[78]">&gt;&gt;</a>&nbsp;&nbsp;&nbsp;__aeabi_d2ulz
</UL>

<P><STRONG><a name="[15c]"></a>_ll_ushift_r</STRONG> (Thumb, 0 bytes, Stack size 0 bytes, llushr.o(.text), UNUSED)

<P><STRONG><a name="[68]"></a>__aeabi_lasr</STRONG> (Thumb, 36 bytes, Stack size 0 bytes, llsshr.o(.text))
<BR><BR>[Called By]<UL><LI><a href="#[66]">&gt;&gt;</a>&nbsp;&nbsp;&nbsp;__aeabi_dadd
</UL>

<P><STRONG><a name="[15d]"></a>_ll_sshift_r</STRONG> (Thumb, 0 bytes, Stack size 0 bytes, llsshr.o(.text), UNUSED)

<P><STRONG><a name="[15e]"></a>__I$use$fp</STRONG> (Thumb, 0 bytes, Stack size 0 bytes, iusefp.o(.text), UNUSED)

<P><STRONG><a name="[62]"></a>_float_round</STRONG> (Thumb, 18 bytes, Stack size 0 bytes, fepilogue.o(.text))
<BR><BR>[Called By]<UL><LI><a href="#[75]">&gt;&gt;</a>&nbsp;&nbsp;&nbsp;__aeabi_d2f
<LI><a href="#[65]">&gt;&gt;</a>&nbsp;&nbsp;&nbsp;__aeabi_fdiv
<LI><a href="#[60]">&gt;&gt;</a>&nbsp;&nbsp;&nbsp;__aeabi_fadd
</UL>

<P><STRONG><a name="[61]"></a>_float_epilogue</STRONG> (Thumb, 92 bytes, Stack size 4 bytes, fepilogue.o(.text))
<BR><BR>[Stack]<UL><LI>Max Depth = 4<LI>Call Chain = _float_epilogue
</UL>
<BR>[Called By]<UL><LI><a href="#[6f]">&gt;&gt;</a>&nbsp;&nbsp;&nbsp;__aeabi_ui2f
<LI><a href="#[60]">&gt;&gt;</a>&nbsp;&nbsp;&nbsp;__aeabi_fadd
</UL>

<P><STRONG><a name="[6a]"></a>_double_round</STRONG> (Thumb, 30 bytes, Stack size 8 bytes, depilogue.o(.text))
<BR><BR>[Stack]<UL><LI>Max Depth = 8<LI>Call Chain = _double_round
</UL>
<BR>[Called By]<UL><LI><a href="#[66]">&gt;&gt;</a>&nbsp;&nbsp;&nbsp;__aeabi_dadd
<LI><a href="#[77]">&gt;&gt;</a>&nbsp;&nbsp;&nbsp;_drnd
<LI><a href="#[6e]">&gt;&gt;</a>&nbsp;&nbsp;&nbsp;__aeabi_ddiv
<LI><a href="#[69]">&gt;&gt;</a>&nbsp;&nbsp;&nbsp;_double_epilogue
</UL>

<P><STRONG><a name="[69]"></a>_double_epilogue</STRONG> (Thumb, 156 bytes, Stack size 32 bytes, depilogue.o(.text))
<BR><BR>[Stack]<UL><LI>Max Depth = 40<LI>Call Chain = _double_epilogue &rArr; _double_round
</UL>
<BR>[Calls]<UL><LI><a href="#[73]">&gt;&gt;</a>&nbsp;&nbsp;&nbsp;__aeabi_llsr
<LI><a href="#[67]">&gt;&gt;</a>&nbsp;&nbsp;&nbsp;__aeabi_llsl
<LI><a href="#[6a]">&gt;&gt;</a>&nbsp;&nbsp;&nbsp;_double_round
</UL>
<BR>[Called By]<UL><LI><a href="#[71]">&gt;&gt;</a>&nbsp;&nbsp;&nbsp;__aeabi_ui2d
<LI><a href="#[6d]">&gt;&gt;</a>&nbsp;&nbsp;&nbsp;__aeabi_dmul
<LI><a href="#[70]">&gt;&gt;</a>&nbsp;&nbsp;&nbsp;__aeabi_i2d
<LI><a href="#[66]">&gt;&gt;</a>&nbsp;&nbsp;&nbsp;__aeabi_dadd
</UL>

<P><STRONG><a name="[77]"></a>_drnd</STRONG> (Thumb, 132 bytes, Stack size 24 bytes, drnd.o(.text))
<BR><BR>[Stack]<UL><LI>Max Depth = 32<LI>Call Chain = _drnd &rArr; _double_round
</UL>
<BR>[Calls]<UL><LI><a href="#[73]">&gt;&gt;</a>&nbsp;&nbsp;&nbsp;__aeabi_llsr
<LI><a href="#[67]">&gt;&gt;</a>&nbsp;&nbsp;&nbsp;__aeabi_llsl
<LI><a href="#[6a]">&gt;&gt;</a>&nbsp;&nbsp;&nbsp;_double_round
</UL>
<BR>[Called By]<UL><LI><a href="#[fc]">&gt;&gt;</a>&nbsp;&nbsp;&nbsp;round
</UL>

<P><STRONG><a name="[78]"></a>__aeabi_d2ulz</STRONG> (Thumb, 48 bytes, Stack size 0 bytes, dfixul.o(.text), UNUSED)
<BR><BR>[Calls]<UL><LI><a href="#[73]">&gt;&gt;</a>&nbsp;&nbsp;&nbsp;__aeabi_llsr
<LI><a href="#[67]">&gt;&gt;</a>&nbsp;&nbsp;&nbsp;__aeabi_llsl
</UL>
<BR>[Called By]<UL><LI><a href="#[13f]">&gt;&gt;</a>&nbsp;&nbsp;&nbsp;_fp_digits
</UL>

<P><STRONG><a name="[5c]"></a>__scatterload</STRONG> (Thumb, 28 bytes, Stack size 0 bytes, init.o(.text))
<BR><BR>[Calls]<UL><LI><a href="#[79]">&gt;&gt;</a>&nbsp;&nbsp;&nbsp;__main_after_scatterload
</UL>
<BR>[Called By]<UL><LI><a href="#[5b]">&gt;&gt;</a>&nbsp;&nbsp;&nbsp;_main_scatterload
</UL>

<P><STRONG><a name="[15f]"></a>__scatterload_rt2</STRONG> (Thumb, 0 bytes, Stack size 0 bytes, init.o(.text), UNUSED)

<P><STRONG><a name="[7a]"></a>ADCS_Init</STRONG> (Thumb, 24 bytes, Stack size 8 bytes, adc_reader.o(i.ADCS_Init))
<BR><BR>[Stack]<UL><LI>Max Depth = 152<LI>Call Chain = ADCS_Init &rArr; AdcInit &rArr; AdcMcuInit &rArr; GpioInit &rArr; GpioMcuInit &rArr; HAL_GPIO_Init
</UL>
<BR>[Calls]<UL><LI><a href="#[7b]">&gt;&gt;</a>&nbsp;&nbsp;&nbsp;AdcInit
</UL>
<BR>[Called By]<UL><LI><a href="#[36]">&gt;&gt;</a>&nbsp;&nbsp;&nbsp;main
</UL>

<P><STRONG><a name="[7c]"></a>ADC_ConversionStop_Disable</STRONG> (Thumb, 76 bytes, Stack size 16 bytes, stm32l1xx_hal_adc.o(i.ADC_ConversionStop_Disable))
<BR><BR>[Stack]<UL><LI>Max Depth = 16<LI>Call Chain = ADC_ConversionStop_Disable
</UL>
<BR>[Calls]<UL><LI><a href="#[7d]">&gt;&gt;</a>&nbsp;&nbsp;&nbsp;HAL_GetTick
</UL>
<BR>[Called By]<UL><LI><a href="#[82]">&gt;&gt;</a>&nbsp;&nbsp;&nbsp;HAL_ADC_DeInit
</UL>

<P><STRONG><a name="[7e]"></a>ADC_Enable</STRONG> (Thumb, 108 bytes, Stack size 24 bytes, stm32l1xx_hal_adc.o(i.ADC_Enable))
<BR><BR>[Stack]<UL><LI>Max Depth = 24<LI>Call Chain = ADC_Enable
</UL>
<BR>[Calls]<UL><LI><a href="#[7d]">&gt;&gt;</a>&nbsp;&nbsp;&nbsp;HAL_GetTick
</UL>
<BR>[Called By]<UL><LI><a href="#[86]">&gt;&gt;</a>&nbsp;&nbsp;&nbsp;HAL_ADC_Start
</UL>

<P><STRONG><a name="[7b]"></a>AdcInit</STRONG> (Thumb, 28 bytes, Stack size 8 bytes, adc.o(i.AdcInit))
<BR><BR>[Stack]<UL><LI>Max Depth = 144<LI>Call Chain = AdcInit &rArr; AdcMcuInit &rArr; GpioInit &rArr; GpioMcuInit &rArr; HAL_GPIO_Init
</UL>
<BR>[Calls]<UL><LI><a href="#[7f]">&gt;&gt;</a>&nbsp;&nbsp;&nbsp;AdcMcuInit
<LI><a href="#[80]">&gt;&gt;</a>&nbsp;&nbsp;&nbsp;AdcMcuConfig
</UL>
<BR>[Called By]<UL><LI><a href="#[7a]">&gt;&gt;</a>&nbsp;&nbsp;&nbsp;ADCS_Init
</UL>

<P><STRONG><a name="[80]"></a>AdcMcuConfig</STRONG> (Thumb, 40 bytes, Stack size 0 bytes, adc-board.o(i.AdcMcuConfig))
<BR><BR>[Stack]<UL><LI>Max Depth = 24<LI>Call Chain = AdcMcuConfig &rArr; HAL_ADC_Init
</UL>
<BR>[Calls]<UL><LI><a href="#[81]">&gt;&gt;</a>&nbsp;&nbsp;&nbsp;HAL_ADC_Init
</UL>
<BR>[Called By]<UL><LI><a href="#[7b]">&gt;&gt;</a>&nbsp;&nbsp;&nbsp;AdcInit
</UL>

<P><STRONG><a name="[7f]"></a>AdcMcuInit</STRONG> (Thumb, 60 bytes, Stack size 24 bytes, adc-board.o(i.AdcMcuInit))
<BR><BR>[Stack]<UL><LI>Max Depth = 136<LI>Call Chain = AdcMcuInit &rArr; GpioInit &rArr; GpioMcuInit &rArr; HAL_GPIO_Init
</UL>
<BR>[Calls]<UL><LI><a href="#[82]">&gt;&gt;</a>&nbsp;&nbsp;&nbsp;HAL_ADC_DeInit
<LI><a href="#[83]">&gt;&gt;</a>&nbsp;&nbsp;&nbsp;GpioInit
</UL>
<BR>[Called By]<UL><LI><a href="#[7b]">&gt;&gt;</a>&nbsp;&nbsp;&nbsp;AdcInit
</UL>

<P><STRONG><a name="[84]"></a>AdcMcuReadChannel</STRONG> (Thumb, 214 bytes, Stack size 48 bytes, adc-board.o(i.AdcMcuReadChannel))
<BR><BR>[Stack]<UL><LI>Max Depth = 80<LI>Call Chain = AdcMcuReadChannel &rArr; HAL_ADC_Start &rArr; ADC_Enable
</UL>
<BR>[Calls]<UL><LI><a href="#[86]">&gt;&gt;</a>&nbsp;&nbsp;&nbsp;HAL_ADC_Start
<LI><a href="#[87]">&gt;&gt;</a>&nbsp;&nbsp;&nbsp;HAL_ADC_PollForConversion
<LI><a href="#[88]">&gt;&gt;</a>&nbsp;&nbsp;&nbsp;HAL_ADC_GetValue
<LI><a href="#[82]">&gt;&gt;</a>&nbsp;&nbsp;&nbsp;HAL_ADC_DeInit
<LI><a href="#[85]">&gt;&gt;</a>&nbsp;&nbsp;&nbsp;HAL_ADC_ConfigChannel
</UL>
<BR>[Called By]<UL><LI><a href="#[89]">&gt;&gt;</a>&nbsp;&nbsp;&nbsp;AdcReadChannel
</UL>

<P><STRONG><a name="[149]"></a>AdcReadCh0</STRONG> (Thumb, 6 bytes, Stack size 0 bytes, adc_reader.o(i.AdcReadCh0))
<BR><BR>[Called By]<UL><LI><a href="#[36]">&gt;&gt;</a>&nbsp;&nbsp;&nbsp;main
</UL>

<P><STRONG><a name="[89]"></a>AdcReadChannel</STRONG> (Thumb, 14 bytes, Stack size 0 bytes, adc.o(i.AdcReadChannel))
<BR><BR>[Stack]<UL><LI>Max Depth = 80<LI>Call Chain = AdcReadChannel &rArr; AdcMcuReadChannel &rArr; HAL_ADC_Start &rArr; ADC_Enable
</UL>
<BR>[Calls]<UL><LI><a href="#[84]">&gt;&gt;</a>&nbsp;&nbsp;&nbsp;AdcMcuReadChannel
</UL>
<BR>[Called By]<UL><LI><a href="#[8a]">&gt;&gt;</a>&nbsp;&nbsp;&nbsp;AdcScanChannel
</UL>

<P><STRONG><a name="[8a]"></a>AdcScanChannel</STRONG> (Thumb, 90 bytes, Stack size 24 bytes, adc_reader.o(i.AdcScanChannel))
<BR><BR>[Stack]<UL><LI>Max Depth = 112<LI>Call Chain = AdcScanChannel &rArr; __aeabi_dmul &rArr; _double_epilogue &rArr; _double_round
</UL>
<BR>[Calls]<UL><LI><a href="#[71]">&gt;&gt;</a>&nbsp;&nbsp;&nbsp;__aeabi_ui2d
<LI><a href="#[89]">&gt;&gt;</a>&nbsp;&nbsp;&nbsp;AdcReadChannel
<LI><a href="#[6d]">&gt;&gt;</a>&nbsp;&nbsp;&nbsp;__aeabi_dmul
<LI><a href="#[75]">&gt;&gt;</a>&nbsp;&nbsp;&nbsp;__aeabi_d2f
<LI><a href="#[8b]">&gt;&gt;</a>&nbsp;&nbsp;&nbsp;__ARM_scalbn
</UL>
<BR>[Called By]<UL><LI><a href="#[36]">&gt;&gt;</a>&nbsp;&nbsp;&nbsp;main
</UL>

<P><STRONG><a name="[8c]"></a>BlockLowPowerDuringTask</STRONG> (Thumb, 16 bytes, Stack size 8 bytes, rtc-board.o(i.BlockLowPowerDuringTask))
<BR><BR>[Stack]<UL><LI>Max Depth = 216<LI>Call Chain = BlockLowPowerDuringTask &rArr; RtcRecoverMcuStatus &rArr; BoardInitMcu &rArr; SpiInit &rArr; GpioInit &rArr; GpioMcuInit &rArr; HAL_GPIO_Init
</UL>
<BR>[Calls]<UL><LI><a href="#[8d]">&gt;&gt;</a>&nbsp;&nbsp;&nbsp;RtcRecoverMcuStatus
</UL>
<BR>[Called By]<UL><LI><a href="#[32]">&gt;&gt;</a>&nbsp;&nbsp;&nbsp;RTC_Alarm_IRQHandler
</UL>

<P><STRONG><a name="[12b]"></a>BoardDisableIrq</STRONG> (Thumb, 12 bytes, Stack size 0 bytes, board.o(i.BoardDisableIrq))
<BR><BR>[Called By]<UL><LI><a href="#[121]">&gt;&gt;</a>&nbsp;&nbsp;&nbsp;SpiInOut
<LI><a href="#[90]">&gt;&gt;</a>&nbsp;&nbsp;&nbsp;SpiInit
<LI><a href="#[11d]">&gt;&gt;</a>&nbsp;&nbsp;&nbsp;TimerStop
<LI><a href="#[11e]">&gt;&gt;</a>&nbsp;&nbsp;&nbsp;TimerStart
</UL>

<P><STRONG><a name="[12c]"></a>BoardEnableIrq</STRONG> (Thumb, 18 bytes, Stack size 0 bytes, board.o(i.BoardEnableIrq))
<BR><BR>[Called By]<UL><LI><a href="#[121]">&gt;&gt;</a>&nbsp;&nbsp;&nbsp;SpiInOut
<LI><a href="#[90]">&gt;&gt;</a>&nbsp;&nbsp;&nbsp;SpiInit
<LI><a href="#[11d]">&gt;&gt;</a>&nbsp;&nbsp;&nbsp;TimerStop
<LI><a href="#[11e]">&gt;&gt;</a>&nbsp;&nbsp;&nbsp;TimerStart
</UL>

<P><STRONG><a name="[8e]"></a>BoardInitMcu</STRONG> (Thumb, 112 bytes, Stack size 32 bytes, board.o(i.BoardInitMcu))
<BR><BR>[Stack]<UL><LI>Max Depth = 208<LI>Call Chain = BoardInitMcu &rArr; SpiInit &rArr; GpioInit &rArr; GpioMcuInit &rArr; HAL_GPIO_Init
</UL>
<BR>[Calls]<UL><LI><a href="#[90]">&gt;&gt;</a>&nbsp;&nbsp;&nbsp;SpiInit
<LI><a href="#[91]">&gt;&gt;</a>&nbsp;&nbsp;&nbsp;SX1276IoInit
<LI><a href="#[94]">&gt;&gt;</a>&nbsp;&nbsp;&nbsp;RtcInit
<LI><a href="#[92]">&gt;&gt;</a>&nbsp;&nbsp;&nbsp;HAL_Init
<LI><a href="#[95]">&gt;&gt;</a>&nbsp;&nbsp;&nbsp;HAL_DBGMCU_EnableDBGStopMode
<LI><a href="#[97]">&gt;&gt;</a>&nbsp;&nbsp;&nbsp;HAL_DBGMCU_EnableDBGStandbyMode
<LI><a href="#[96]">&gt;&gt;</a>&nbsp;&nbsp;&nbsp;HAL_DBGMCU_EnableDBGSleepMode
<LI><a href="#[8f]">&gt;&gt;</a>&nbsp;&nbsp;&nbsp;SystemClockReConfig
<LI><a href="#[93]">&gt;&gt;</a>&nbsp;&nbsp;&nbsp;SystemClockConfig
<LI><a href="#[83]">&gt;&gt;</a>&nbsp;&nbsp;&nbsp;GpioInit
</UL>
<BR>[Called By]<UL><LI><a href="#[dd]">&gt;&gt;</a>&nbsp;&nbsp;&nbsp;Init
<LI><a href="#[8d]">&gt;&gt;</a>&nbsp;&nbsp;&nbsp;RtcRecoverMcuStatus
</UL>

<P><STRONG><a name="[98]"></a>BoardInitPeriph</STRONG> (Thumb, 90 bytes, Stack size 16 bytes, board.o(i.BoardInitPeriph))
<BR><BR>[Stack]<UL><LI>Max Depth = 128<LI>Call Chain = BoardInitPeriph &rArr; GpioInit &rArr; GpioMcuInit &rArr; HAL_GPIO_Init
</UL>
<BR>[Calls]<UL><LI><a href="#[99]">&gt;&gt;</a>&nbsp;&nbsp;&nbsp;GpioWrite
<LI><a href="#[83]">&gt;&gt;</a>&nbsp;&nbsp;&nbsp;GpioInit
</UL>
<BR>[Called By]<UL><LI><a href="#[dd]">&gt;&gt;</a>&nbsp;&nbsp;&nbsp;Init
</UL>

<P><STRONG><a name="[4]"></a>BusFault_Handler</STRONG> (Thumb, 2 bytes, Stack size 0 bytes, sysirqhandlers.o(i.BusFault_Handler))
<BR><BR>[Calls]<UL><LI><a href="#[4]">&gt;&gt;</a>&nbsp;&nbsp;&nbsp;BusFault_Handler
</UL>
<BR>[Called By]<UL><LI><a href="#[4]">&gt;&gt;</a>&nbsp;&nbsp;&nbsp;BusFault_Handler
</UL>
<BR>[Address Reference Count : 1]<UL><LI> startup_stm32l151xb.o(RESET)
</UL>
<P><STRONG><a name="[7]"></a>DebugMon_Handler</STRONG> (Thumb, 2 bytes, Stack size 0 bytes, sysirqhandlers.o(i.DebugMon_Handler))
<BR>[Address Reference Count : 1]<UL><LI> startup_stm32l151xb.o(RESET)
</UL>
<P><STRONG><a name="[d7]"></a>DelayMicroSeconds</STRONG> (Thumb, 20 bytes, Stack size 0 bytes, hal_temhum.o(i.DelayMicroSeconds))
<BR><BR>[Called By]<UL><LI><a href="#[115]">&gt;&gt;</a>&nbsp;&nbsp;&nbsp;SHT3X_SoftReset
<LI><a href="#[114]">&gt;&gt;</a>&nbsp;&nbsp;&nbsp;SHT3X_Init
<LI><a href="#[113]">&gt;&gt;</a>&nbsp;&nbsp;&nbsp;SHT3X_HardReset
<LI><a href="#[10e]">&gt;&gt;</a>&nbsp;&nbsp;&nbsp;SHT3X_GetTempAndHumiPolling
<LI><a href="#[dc]">&gt;&gt;</a>&nbsp;&nbsp;&nbsp;I2c_WriteByte
<LI><a href="#[db]">&gt;&gt;</a>&nbsp;&nbsp;&nbsp;I2c_StopCondition
<LI><a href="#[da]">&gt;&gt;</a>&nbsp;&nbsp;&nbsp;I2c_StartCondition
<LI><a href="#[d5]">&gt;&gt;</a>&nbsp;&nbsp;&nbsp;I2c_ReadByte
</UL>

<P><STRONG><a name="[9a]"></a>DelayMs</STRONG> (Thumb, 4 bytes, Stack size 0 bytes, delay.o(i.DelayMs))
<BR><BR>[Stack]<UL><LI>Max Depth = 16<LI>Call Chain = DelayMs &rArr; HAL_Delay
</UL>
<BR>[Calls]<UL><LI><a href="#[9b]">&gt;&gt;</a>&nbsp;&nbsp;&nbsp;HAL_Delay
</UL>
<BR>[Called By]<UL><LI><a href="#[4c]">&gt;&gt;</a>&nbsp;&nbsp;&nbsp;SX1276Send
<LI><a href="#[47]">&gt;&gt;</a>&nbsp;&nbsp;&nbsp;SX1276Random
<LI><a href="#[46]">&gt;&gt;</a>&nbsp;&nbsp;&nbsp;SX1276IsChannelFree
</UL>

<P><STRONG><a name="[10]"></a>EXTI0_IRQHandler</STRONG> (Thumb, 16 bytes, Stack size 8 bytes, gpio-board.o(i.EXTI0_IRQHandler))
<BR><BR>[Stack]<UL><LI>Max Depth = 216<LI>Call Chain = EXTI0_IRQHandler &rArr; RtcRecoverMcuStatus &rArr; BoardInitMcu &rArr; SpiInit &rArr; GpioInit &rArr; GpioMcuInit &rArr; HAL_GPIO_Init
</UL>
<BR>[Calls]<UL><LI><a href="#[8d]">&gt;&gt;</a>&nbsp;&nbsp;&nbsp;RtcRecoverMcuStatus
<LI><a href="#[9c]">&gt;&gt;</a>&nbsp;&nbsp;&nbsp;HAL_GPIO_EXTI_IRQHandler
</UL>
<BR>[Address Reference Count : 1]<UL><LI> startup_stm32l151xb.o(RESET)
</UL>
<P><STRONG><a name="[31]"></a>EXTI15_10_IRQHandler</STRONG> (Thumb, 58 bytes, Stack size 8 bytes, gpio-board.o(i.EXTI15_10_IRQHandler))
<BR><BR>[Stack]<UL><LI>Max Depth = 216<LI>Call Chain = EXTI15_10_IRQHandler &rArr; RtcRecoverMcuStatus &rArr; BoardInitMcu &rArr; SpiInit &rArr; GpioInit &rArr; GpioMcuInit &rArr; HAL_GPIO_Init
</UL>
<BR>[Calls]<UL><LI><a href="#[8d]">&gt;&gt;</a>&nbsp;&nbsp;&nbsp;RtcRecoverMcuStatus
<LI><a href="#[9c]">&gt;&gt;</a>&nbsp;&nbsp;&nbsp;HAL_GPIO_EXTI_IRQHandler
</UL>
<BR>[Address Reference Count : 1]<UL><LI> startup_stm32l151xb.o(RESET)
</UL>
<P><STRONG><a name="[11]"></a>EXTI1_IRQHandler</STRONG> (Thumb, 16 bytes, Stack size 8 bytes, gpio-board.o(i.EXTI1_IRQHandler))
<BR><BR>[Stack]<UL><LI>Max Depth = 216<LI>Call Chain = EXTI1_IRQHandler &rArr; RtcRecoverMcuStatus &rArr; BoardInitMcu &rArr; SpiInit &rArr; GpioInit &rArr; GpioMcuInit &rArr; HAL_GPIO_Init
</UL>
<BR>[Calls]<UL><LI><a href="#[8d]">&gt;&gt;</a>&nbsp;&nbsp;&nbsp;RtcRecoverMcuStatus
<LI><a href="#[9c]">&gt;&gt;</a>&nbsp;&nbsp;&nbsp;HAL_GPIO_EXTI_IRQHandler
</UL>
<BR>[Address Reference Count : 1]<UL><LI> startup_stm32l151xb.o(RESET)
</UL>
<P><STRONG><a name="[12]"></a>EXTI2_IRQHandler</STRONG> (Thumb, 16 bytes, Stack size 8 bytes, gpio-board.o(i.EXTI2_IRQHandler))
<BR><BR>[Stack]<UL><LI>Max Depth = 216<LI>Call Chain = EXTI2_IRQHandler &rArr; RtcRecoverMcuStatus &rArr; BoardInitMcu &rArr; SpiInit &rArr; GpioInit &rArr; GpioMcuInit &rArr; HAL_GPIO_Init
</UL>
<BR>[Calls]<UL><LI><a href="#[8d]">&gt;&gt;</a>&nbsp;&nbsp;&nbsp;RtcRecoverMcuStatus
<LI><a href="#[9c]">&gt;&gt;</a>&nbsp;&nbsp;&nbsp;HAL_GPIO_EXTI_IRQHandler
</UL>
<BR>[Address Reference Count : 1]<UL><LI> startup_stm32l151xb.o(RESET)
</UL>
<P><STRONG><a name="[13]"></a>EXTI3_IRQHandler</STRONG> (Thumb, 16 bytes, Stack size 8 bytes, gpio-board.o(i.EXTI3_IRQHandler))
<BR><BR>[Stack]<UL><LI>Max Depth = 216<LI>Call Chain = EXTI3_IRQHandler &rArr; RtcRecoverMcuStatus &rArr; BoardInitMcu &rArr; SpiInit &rArr; GpioInit &rArr; GpioMcuInit &rArr; HAL_GPIO_Init
</UL>
<BR>[Calls]<UL><LI><a href="#[8d]">&gt;&gt;</a>&nbsp;&nbsp;&nbsp;RtcRecoverMcuStatus
<LI><a href="#[9c]">&gt;&gt;</a>&nbsp;&nbsp;&nbsp;HAL_GPIO_EXTI_IRQHandler
</UL>
<BR>[Address Reference Count : 1]<UL><LI> startup_stm32l151xb.o(RESET)
</UL>
<P><STRONG><a name="[14]"></a>EXTI4_IRQHandler</STRONG> (Thumb, 16 bytes, Stack size 8 bytes, gpio-board.o(i.EXTI4_IRQHandler))
<BR><BR>[Stack]<UL><LI>Max Depth = 216<LI>Call Chain = EXTI4_IRQHandler &rArr; RtcRecoverMcuStatus &rArr; BoardInitMcu &rArr; SpiInit &rArr; GpioInit &rArr; GpioMcuInit &rArr; HAL_GPIO_Init
</UL>
<BR>[Calls]<UL><LI><a href="#[8d]">&gt;&gt;</a>&nbsp;&nbsp;&nbsp;RtcRecoverMcuStatus
<LI><a href="#[9c]">&gt;&gt;</a>&nbsp;&nbsp;&nbsp;HAL_GPIO_EXTI_IRQHandler
</UL>
<BR>[Address Reference Count : 1]<UL><LI> startup_stm32l151xb.o(RESET)
</UL>
<P><STRONG><a name="[21]"></a>EXTI9_5_IRQHandler</STRONG> (Thumb, 44 bytes, Stack size 8 bytes, gpio-board.o(i.EXTI9_5_IRQHandler))
<BR><BR>[Stack]<UL><LI>Max Depth = 216<LI>Call Chain = EXTI9_5_IRQHandler &rArr; RtcRecoverMcuStatus &rArr; BoardInitMcu &rArr; SpiInit &rArr; GpioInit &rArr; GpioMcuInit &rArr; HAL_GPIO_Init
</UL>
<BR>[Calls]<UL><LI><a href="#[8d]">&gt;&gt;</a>&nbsp;&nbsp;&nbsp;RtcRecoverMcuStatus
<LI><a href="#[9c]">&gt;&gt;</a>&nbsp;&nbsp;&nbsp;HAL_GPIO_EXTI_IRQHandler
</UL>
<BR>[Address Reference Count : 1]<UL><LI> startup_stm32l151xb.o(RESET)
</UL>
<P><STRONG><a name="[83]"></a>GpioInit</STRONG> (Thumb, 16 bytes, Stack size 24 bytes, gpio.o(i.GpioInit))
<BR><BR>[Stack]<UL><LI>Max Depth = 112<LI>Call Chain = GpioInit &rArr; GpioMcuInit &rArr; HAL_GPIO_Init
</UL>
<BR>[Calls]<UL><LI><a href="#[9d]">&gt;&gt;</a>&nbsp;&nbsp;&nbsp;GpioMcuInit
</UL>
<BR>[Called By]<UL><LI><a href="#[98]">&gt;&gt;</a>&nbsp;&nbsp;&nbsp;BoardInitPeriph
<LI><a href="#[8e]">&gt;&gt;</a>&nbsp;&nbsp;&nbsp;BoardInitMcu
<LI><a href="#[90]">&gt;&gt;</a>&nbsp;&nbsp;&nbsp;SpiInit
<LI><a href="#[91]">&gt;&gt;</a>&nbsp;&nbsp;&nbsp;SX1276IoInit
<LI><a href="#[7f]">&gt;&gt;</a>&nbsp;&nbsp;&nbsp;AdcMcuInit
<LI><a href="#[f4]">&gt;&gt;</a>&nbsp;&nbsp;&nbsp;OLED_Init_Set_Inverse
</UL>

<P><STRONG><a name="[9d]"></a>GpioMcuInit</STRONG> (Thumb, 234 bytes, Stack size 48 bytes, gpio-board.o(i.GpioMcuInit))
<BR><BR>[Stack]<UL><LI>Max Depth = 88<LI>Call Chain = GpioMcuInit &rArr; HAL_GPIO_Init
</UL>
<BR>[Calls]<UL><LI><a href="#[9f]">&gt;&gt;</a>&nbsp;&nbsp;&nbsp;HAL_GPIO_Init
<LI><a href="#[9e]">&gt;&gt;</a>&nbsp;&nbsp;&nbsp;GpioMcuWrite
</UL>
<BR>[Called By]<UL><LI><a href="#[83]">&gt;&gt;</a>&nbsp;&nbsp;&nbsp;GpioInit
</UL>

<P><STRONG><a name="[a0]"></a>GpioMcuSetInterrupt</STRONG> (Thumb, 246 bytes, Stack size 48 bytes, gpio-board.o(i.GpioMcuSetInterrupt))
<BR><BR>[Stack]<UL><LI>Max Depth = 88<LI>Call Chain = GpioMcuSetInterrupt &rArr; HAL_GPIO_Init
</UL>
<BR>[Calls]<UL><LI><a href="#[a2]">&gt;&gt;</a>&nbsp;&nbsp;&nbsp;HAL_NVIC_EnableIRQ
<LI><a href="#[9f]">&gt;&gt;</a>&nbsp;&nbsp;&nbsp;HAL_GPIO_Init
<LI><a href="#[a1]">&gt;&gt;</a>&nbsp;&nbsp;&nbsp;HAL_NVIC_SetPriority
</UL>
<BR>[Called By]<UL><LI><a href="#[a6]">&gt;&gt;</a>&nbsp;&nbsp;&nbsp;GpioSetInterrupt
</UL>

<P><STRONG><a name="[a3]"></a>GpioMcuToggle</STRONG> (Thumb, 18 bytes, Stack size 0 bytes, gpio-board.o(i.GpioMcuToggle))
<BR><BR>[Calls]<UL><LI><a href="#[a4]">&gt;&gt;</a>&nbsp;&nbsp;&nbsp;HAL_GPIO_TogglePin
</UL>
<BR>[Called By]<UL><LI><a href="#[a7]">&gt;&gt;</a>&nbsp;&nbsp;&nbsp;GpioToggle
</UL>

<P><STRONG><a name="[9e]"></a>GpioMcuWrite</STRONG> (Thumb, 20 bytes, Stack size 0 bytes, gpio-board.o(i.GpioMcuWrite))
<BR><BR>[Calls]<UL><LI><a href="#[a5]">&gt;&gt;</a>&nbsp;&nbsp;&nbsp;HAL_GPIO_WritePin
</UL>
<BR>[Called By]<UL><LI><a href="#[99]">&gt;&gt;</a>&nbsp;&nbsp;&nbsp;GpioWrite
<LI><a href="#[9d]">&gt;&gt;</a>&nbsp;&nbsp;&nbsp;GpioMcuInit
</UL>

<P><STRONG><a name="[a6]"></a>GpioSetInterrupt</STRONG> (Thumb, 4 bytes, Stack size 0 bytes, gpio.o(i.GpioSetInterrupt))
<BR><BR>[Stack]<UL><LI>Max Depth = 88<LI>Call Chain = GpioSetInterrupt &rArr; GpioMcuSetInterrupt &rArr; HAL_GPIO_Init
</UL>
<BR>[Calls]<UL><LI><a href="#[a0]">&gt;&gt;</a>&nbsp;&nbsp;&nbsp;GpioMcuSetInterrupt
</UL>
<BR>[Called By]<UL><LI><a href="#[11c]">&gt;&gt;</a>&nbsp;&nbsp;&nbsp;SX1276IoIrqInit
</UL>

<P><STRONG><a name="[a7]"></a>GpioToggle</STRONG> (Thumb, 4 bytes, Stack size 0 bytes, gpio.o(i.GpioToggle))
<BR><BR>[Calls]<UL><LI><a href="#[a3]">&gt;&gt;</a>&nbsp;&nbsp;&nbsp;GpioMcuToggle
</UL>
<BR>[Called By]<UL><LI><a href="#[e1]">&gt;&gt;</a>&nbsp;&nbsp;&nbsp;KeyDownHandler
</UL>

<P><STRONG><a name="[99]"></a>GpioWrite</STRONG> (Thumb, 4 bytes, Stack size 0 bytes, gpio.o(i.GpioWrite))
<BR><BR>[Calls]<UL><LI><a href="#[9e]">&gt;&gt;</a>&nbsp;&nbsp;&nbsp;GpioMcuWrite
</UL>
<BR>[Called By]<UL><LI><a href="#[98]">&gt;&gt;</a>&nbsp;&nbsp;&nbsp;BoardInitPeriph
<LI><a href="#[36]">&gt;&gt;</a>&nbsp;&nbsp;&nbsp;main
<LI><a href="#[55]">&gt;&gt;</a>&nbsp;&nbsp;&nbsp;SX1276WriteBuffer
<LI><a href="#[56]">&gt;&gt;</a>&nbsp;&nbsp;&nbsp;SX1276ReadBuffer
<LI><a href="#[f2]">&gt;&gt;</a>&nbsp;&nbsp;&nbsp;OLED_WR_Byte
</UL>

<P><STRONG><a name="[85]"></a>HAL_ADC_ConfigChannel</STRONG> (Thumb, 316 bytes, Stack size 24 bytes, stm32l1xx_hal_adc.o(i.HAL_ADC_ConfigChannel))
<BR><BR>[Stack]<UL><LI>Max Depth = 24<LI>Call Chain = HAL_ADC_ConfigChannel
</UL>
<BR>[Called By]<UL><LI><a href="#[84]">&gt;&gt;</a>&nbsp;&nbsp;&nbsp;AdcMcuReadChannel
</UL>

<P><STRONG><a name="[82]"></a>HAL_ADC_DeInit</STRONG> (Thumb, 242 bytes, Stack size 16 bytes, stm32l1xx_hal_adc.o(i.HAL_ADC_DeInit))
<BR><BR>[Stack]<UL><LI>Max Depth = 32<LI>Call Chain = HAL_ADC_DeInit &rArr; ADC_ConversionStop_Disable
</UL>
<BR>[Calls]<UL><LI><a href="#[a8]">&gt;&gt;</a>&nbsp;&nbsp;&nbsp;HAL_ADC_MspDeInit
<LI><a href="#[7c]">&gt;&gt;</a>&nbsp;&nbsp;&nbsp;ADC_ConversionStop_Disable
</UL>
<BR>[Called By]<UL><LI><a href="#[84]">&gt;&gt;</a>&nbsp;&nbsp;&nbsp;AdcMcuReadChannel
<LI><a href="#[7f]">&gt;&gt;</a>&nbsp;&nbsp;&nbsp;AdcMcuInit
</UL>

<P><STRONG><a name="[88]"></a>HAL_ADC_GetValue</STRONG> (Thumb, 6 bytes, Stack size 0 bytes, stm32l1xx_hal_adc.o(i.HAL_ADC_GetValue))
<BR><BR>[Called By]<UL><LI><a href="#[84]">&gt;&gt;</a>&nbsp;&nbsp;&nbsp;AdcMcuReadChannel
</UL>

<P><STRONG><a name="[81]"></a>HAL_ADC_Init</STRONG> (Thumb, 390 bytes, Stack size 24 bytes, stm32l1xx_hal_adc.o(i.HAL_ADC_Init))
<BR><BR>[Stack]<UL><LI>Max Depth = 24<LI>Call Chain = HAL_ADC_Init
</UL>
<BR>[Calls]<UL><LI><a href="#[a9]">&gt;&gt;</a>&nbsp;&nbsp;&nbsp;HAL_ADC_MspInit
</UL>
<BR>[Called By]<UL><LI><a href="#[80]">&gt;&gt;</a>&nbsp;&nbsp;&nbsp;AdcMcuConfig
</UL>

<P><STRONG><a name="[a8]"></a>HAL_ADC_MspDeInit</STRONG> (Thumb, 2 bytes, Stack size 0 bytes, stm32l1xx_hal_adc.o(i.HAL_ADC_MspDeInit))
<BR><BR>[Called By]<UL><LI><a href="#[82]">&gt;&gt;</a>&nbsp;&nbsp;&nbsp;HAL_ADC_DeInit
</UL>

<P><STRONG><a name="[a9]"></a>HAL_ADC_MspInit</STRONG> (Thumb, 2 bytes, Stack size 0 bytes, stm32l1xx_hal_adc.o(i.HAL_ADC_MspInit))
<BR><BR>[Called By]<UL><LI><a href="#[81]">&gt;&gt;</a>&nbsp;&nbsp;&nbsp;HAL_ADC_Init
</UL>

<P><STRONG><a name="[87]"></a>HAL_ADC_PollForConversion</STRONG> (Thumb, 166 bytes, Stack size 24 bytes, stm32l1xx_hal_adc.o(i.HAL_ADC_PollForConversion))
<BR><BR>[Stack]<UL><LI>Max Depth = 24<LI>Call Chain = HAL_ADC_PollForConversion
</UL>
<BR>[Calls]<UL><LI><a href="#[7d]">&gt;&gt;</a>&nbsp;&nbsp;&nbsp;HAL_GetTick
</UL>
<BR>[Called By]<UL><LI><a href="#[84]">&gt;&gt;</a>&nbsp;&nbsp;&nbsp;AdcMcuReadChannel
</UL>

<P><STRONG><a name="[86]"></a>HAL_ADC_Start</STRONG> (Thumb, 118 bytes, Stack size 8 bytes, stm32l1xx_hal_adc.o(i.HAL_ADC_Start))
<BR><BR>[Stack]<UL><LI>Max Depth = 32<LI>Call Chain = HAL_ADC_Start &rArr; ADC_Enable
</UL>
<BR>[Calls]<UL><LI><a href="#[7e]">&gt;&gt;</a>&nbsp;&nbsp;&nbsp;ADC_Enable
</UL>
<BR>[Called By]<UL><LI><a href="#[84]">&gt;&gt;</a>&nbsp;&nbsp;&nbsp;AdcMcuReadChannel
</UL>

<P><STRONG><a name="[96]"></a>HAL_DBGMCU_EnableDBGSleepMode</STRONG> (Thumb, 12 bytes, Stack size 0 bytes, stm32l1xx_hal.o(i.HAL_DBGMCU_EnableDBGSleepMode))
<BR><BR>[Called By]<UL><LI><a href="#[8e]">&gt;&gt;</a>&nbsp;&nbsp;&nbsp;BoardInitMcu
</UL>

<P><STRONG><a name="[97]"></a>HAL_DBGMCU_EnableDBGStandbyMode</STRONG> (Thumb, 12 bytes, Stack size 0 bytes, stm32l1xx_hal.o(i.HAL_DBGMCU_EnableDBGStandbyMode))
<BR><BR>[Called By]<UL><LI><a href="#[8e]">&gt;&gt;</a>&nbsp;&nbsp;&nbsp;BoardInitMcu
</UL>

<P><STRONG><a name="[95]"></a>HAL_DBGMCU_EnableDBGStopMode</STRONG> (Thumb, 12 bytes, Stack size 0 bytes, stm32l1xx_hal.o(i.HAL_DBGMCU_EnableDBGStopMode))
<BR><BR>[Called By]<UL><LI><a href="#[8e]">&gt;&gt;</a>&nbsp;&nbsp;&nbsp;BoardInitMcu
</UL>

<P><STRONG><a name="[9b]"></a>HAL_Delay</STRONG> (Thumb, 22 bytes, Stack size 16 bytes, stm32l1xx_hal.o(i.HAL_Delay))
<BR><BR>[Stack]<UL><LI>Max Depth = 16<LI>Call Chain = HAL_Delay
</UL>
<BR>[Calls]<UL><LI><a href="#[7d]">&gt;&gt;</a>&nbsp;&nbsp;&nbsp;HAL_GetTick
</UL>
<BR>[Called By]<UL><LI><a href="#[9a]">&gt;&gt;</a>&nbsp;&nbsp;&nbsp;DelayMs
</UL>

<P><STRONG><a name="[aa]"></a>HAL_GPIO_EXTI_Callback</STRONG> (Thumb, 30 bytes, Stack size 0 bytes, gpio-board.o(i.HAL_GPIO_EXTI_Callback))
<BR><BR>[Called By]<UL><LI><a href="#[9c]">&gt;&gt;</a>&nbsp;&nbsp;&nbsp;HAL_GPIO_EXTI_IRQHandler
</UL>

<P><STRONG><a name="[9c]"></a>HAL_GPIO_EXTI_IRQHandler</STRONG> (Thumb, 18 bytes, Stack size 8 bytes, stm32l1xx_hal_gpio.o(i.HAL_GPIO_EXTI_IRQHandler))
<BR><BR>[Stack]<UL><LI>Max Depth = 8<LI>Call Chain = HAL_GPIO_EXTI_IRQHandler
</UL>
<BR>[Calls]<UL><LI><a href="#[aa]">&gt;&gt;</a>&nbsp;&nbsp;&nbsp;HAL_GPIO_EXTI_Callback
</UL>
<BR>[Called By]<UL><LI><a href="#[21]">&gt;&gt;</a>&nbsp;&nbsp;&nbsp;EXTI9_5_IRQHandler
<LI><a href="#[14]">&gt;&gt;</a>&nbsp;&nbsp;&nbsp;EXTI4_IRQHandler
<LI><a href="#[13]">&gt;&gt;</a>&nbsp;&nbsp;&nbsp;EXTI3_IRQHandler
<LI><a href="#[12]">&gt;&gt;</a>&nbsp;&nbsp;&nbsp;EXTI2_IRQHandler
<LI><a href="#[11]">&gt;&gt;</a>&nbsp;&nbsp;&nbsp;EXTI1_IRQHandler
<LI><a href="#[31]">&gt;&gt;</a>&nbsp;&nbsp;&nbsp;EXTI15_10_IRQHandler
<LI><a href="#[10]">&gt;&gt;</a>&nbsp;&nbsp;&nbsp;EXTI0_IRQHandler
</UL>

<P><STRONG><a name="[9f]"></a>HAL_GPIO_Init</STRONG> (Thumb, 364 bytes, Stack size 40 bytes, stm32l1xx_hal_gpio.o(i.HAL_GPIO_Init))
<BR><BR>[Stack]<UL><LI>Max Depth = 40<LI>Call Chain = HAL_GPIO_Init
</UL>
<BR>[Called By]<UL><LI><a href="#[de]">&gt;&gt;</a>&nbsp;&nbsp;&nbsp;keys_init
<LI><a href="#[a0]">&gt;&gt;</a>&nbsp;&nbsp;&nbsp;GpioMcuSetInterrupt
<LI><a href="#[9d]">&gt;&gt;</a>&nbsp;&nbsp;&nbsp;GpioMcuInit
<LI><a href="#[105]">&gt;&gt;</a>&nbsp;&nbsp;&nbsp;Serial_Init
<LI><a href="#[12a]">&gt;&gt;</a>&nbsp;&nbsp;&nbsp;Serial_DataInOutInit
<LI><a href="#[d6]">&gt;&gt;</a>&nbsp;&nbsp;&nbsp;I2c_sdaInOutInit
<LI><a href="#[d8]">&gt;&gt;</a>&nbsp;&nbsp;&nbsp;I2c_SclInOutInit
<LI><a href="#[d3]">&gt;&gt;</a>&nbsp;&nbsp;&nbsp;I2c_Init
</UL>

<P><STRONG><a name="[d9]"></a>HAL_GPIO_ReadPin</STRONG> (Thumb, 10 bytes, Stack size 0 bytes, stm32l1xx_hal_gpio.o(i.HAL_GPIO_ReadPin))
<BR><BR>[Called By]<UL><LI><a href="#[148]">&gt;&gt;</a>&nbsp;&nbsp;&nbsp;scan_keys
<LI><a href="#[14c]">&gt;&gt;</a>&nbsp;&nbsp;&nbsp;s_write_byte
<LI><a href="#[14d]">&gt;&gt;</a>&nbsp;&nbsp;&nbsp;s_read_byte
<LI><a href="#[146]">&gt;&gt;</a>&nbsp;&nbsp;&nbsp;s_measure
<LI><a href="#[dc]">&gt;&gt;</a>&nbsp;&nbsp;&nbsp;I2c_WriteByte
<LI><a href="#[d5]">&gt;&gt;</a>&nbsp;&nbsp;&nbsp;I2c_ReadByte
</UL>

<P><STRONG><a name="[a4]"></a>HAL_GPIO_TogglePin</STRONG> (Thumb, 8 bytes, Stack size 0 bytes, stm32l1xx_hal_gpio.o(i.HAL_GPIO_TogglePin))
<BR><BR>[Called By]<UL><LI><a href="#[a3]">&gt;&gt;</a>&nbsp;&nbsp;&nbsp;GpioMcuToggle
</UL>

<P><STRONG><a name="[a5]"></a>HAL_GPIO_WritePin</STRONG> (Thumb, 10 bytes, Stack size 0 bytes, stm32l1xx_hal_gpio.o(i.HAL_GPIO_WritePin))
<BR><BR>[Called By]<UL><LI><a href="#[9e]">&gt;&gt;</a>&nbsp;&nbsp;&nbsp;GpioMcuWrite
<LI><a href="#[14c]">&gt;&gt;</a>&nbsp;&nbsp;&nbsp;s_write_byte
<LI><a href="#[14b]">&gt;&gt;</a>&nbsp;&nbsp;&nbsp;s_transstart
<LI><a href="#[14d]">&gt;&gt;</a>&nbsp;&nbsp;&nbsp;s_read_byte
<LI><a href="#[106]">&gt;&gt;</a>&nbsp;&nbsp;&nbsp;s_connectionreset
<LI><a href="#[105]">&gt;&gt;</a>&nbsp;&nbsp;&nbsp;Serial_Init
<LI><a href="#[dc]">&gt;&gt;</a>&nbsp;&nbsp;&nbsp;I2c_WriteByte
<LI><a href="#[db]">&gt;&gt;</a>&nbsp;&nbsp;&nbsp;I2c_StopCondition
<LI><a href="#[da]">&gt;&gt;</a>&nbsp;&nbsp;&nbsp;I2c_StartCondition
<LI><a href="#[d5]">&gt;&gt;</a>&nbsp;&nbsp;&nbsp;I2c_ReadByte
<LI><a href="#[d3]">&gt;&gt;</a>&nbsp;&nbsp;&nbsp;I2c_Init
</UL>

<P><STRONG><a name="[7d]"></a>HAL_GetTick</STRONG> (Thumb, 6 bytes, Stack size 0 bytes, stm32l1xx_hal.o(i.HAL_GetTick))
<BR><BR>[Called By]<UL><LI><a href="#[9b]">&gt;&gt;</a>&nbsp;&nbsp;&nbsp;HAL_Delay
<LI><a href="#[c1]">&gt;&gt;</a>&nbsp;&nbsp;&nbsp;HAL_RTC_SetAlarm_IT
<LI><a href="#[b9]">&gt;&gt;</a>&nbsp;&nbsp;&nbsp;HAL_RTC_DeactivateAlarm
<LI><a href="#[b5]">&gt;&gt;</a>&nbsp;&nbsp;&nbsp;HAL_RTCEx_DeactivateWakeUpTimer
<LI><a href="#[b3]">&gt;&gt;</a>&nbsp;&nbsp;&nbsp;HAL_RCC_OscConfig
<LI><a href="#[b1]">&gt;&gt;</a>&nbsp;&nbsp;&nbsp;HAL_RCC_ClockConfig
<LI><a href="#[b0]">&gt;&gt;</a>&nbsp;&nbsp;&nbsp;HAL_RCCEx_PeriphCLKConfig
<LI><a href="#[87]">&gt;&gt;</a>&nbsp;&nbsp;&nbsp;HAL_ADC_PollForConversion
<LI><a href="#[7e]">&gt;&gt;</a>&nbsp;&nbsp;&nbsp;ADC_Enable
<LI><a href="#[7c]">&gt;&gt;</a>&nbsp;&nbsp;&nbsp;ADC_ConversionStop_Disable
<LI><a href="#[c4]">&gt;&gt;</a>&nbsp;&nbsp;&nbsp;HAL_RTC_WaitForSynchro
<LI><a href="#[c0]">&gt;&gt;</a>&nbsp;&nbsp;&nbsp;RTC_EnterInitMode
</UL>

<P><STRONG><a name="[12f]"></a>HAL_IncTick</STRONG> (Thumb, 10 bytes, Stack size 0 bytes, stm32l1xx_hal.o(i.HAL_IncTick))
<BR><BR>[Called By]<UL><LI><a href="#[9]">&gt;&gt;</a>&nbsp;&nbsp;&nbsp;SysTick_Handler
</UL>

<P><STRONG><a name="[92]"></a>HAL_Init</STRONG> (Thumb, 22 bytes, Stack size 8 bytes, stm32l1xx_hal.o(i.HAL_Init))
<BR><BR>[Stack]<UL><LI>Max Depth = 32<LI>Call Chain = HAL_Init &rArr; HAL_InitTick &rArr; HAL_NVIC_SetPriority
</UL>
<BR>[Calls]<UL><LI><a href="#[ab]">&gt;&gt;</a>&nbsp;&nbsp;&nbsp;HAL_NVIC_SetPriorityGrouping
<LI><a href="#[ad]">&gt;&gt;</a>&nbsp;&nbsp;&nbsp;HAL_MspInit
<LI><a href="#[ac]">&gt;&gt;</a>&nbsp;&nbsp;&nbsp;HAL_InitTick
</UL>
<BR>[Called By]<UL><LI><a href="#[8e]">&gt;&gt;</a>&nbsp;&nbsp;&nbsp;BoardInitMcu
</UL>

<P><STRONG><a name="[ac]"></a>HAL_InitTick</STRONG> (Thumb, 34 bytes, Stack size 8 bytes, stm32l1xx_hal.o(i.HAL_InitTick))
<BR><BR>[Stack]<UL><LI>Max Depth = 24<LI>Call Chain = HAL_InitTick &rArr; HAL_NVIC_SetPriority
</UL>
<BR>[Calls]<UL><LI><a href="#[ae]">&gt;&gt;</a>&nbsp;&nbsp;&nbsp;HAL_SYSTICK_Config
<LI><a href="#[a1]">&gt;&gt;</a>&nbsp;&nbsp;&nbsp;HAL_NVIC_SetPriority
</UL>
<BR>[Called By]<UL><LI><a href="#[b3]">&gt;&gt;</a>&nbsp;&nbsp;&nbsp;HAL_RCC_OscConfig
<LI><a href="#[b1]">&gt;&gt;</a>&nbsp;&nbsp;&nbsp;HAL_RCC_ClockConfig
<LI><a href="#[92]">&gt;&gt;</a>&nbsp;&nbsp;&nbsp;HAL_Init
</UL>

<P><STRONG><a name="[ad]"></a>HAL_MspInit</STRONG> (Thumb, 2 bytes, Stack size 0 bytes, stm32l1xx_hal.o(i.HAL_MspInit))
<BR><BR>[Called By]<UL><LI><a href="#[92]">&gt;&gt;</a>&nbsp;&nbsp;&nbsp;HAL_Init
</UL>

<P><STRONG><a name="[a2]"></a>HAL_NVIC_EnableIRQ</STRONG> (Thumb, 22 bytes, Stack size 0 bytes, stm32l1xx_hal_cortex.o(i.HAL_NVIC_EnableIRQ))
<BR><BR>[Called By]<UL><LI><a href="#[cb]">&gt;&gt;</a>&nbsp;&nbsp;&nbsp;HAL_TIM_Base_MspInit
<LI><a href="#[a0]">&gt;&gt;</a>&nbsp;&nbsp;&nbsp;GpioMcuSetInterrupt
<LI><a href="#[94]">&gt;&gt;</a>&nbsp;&nbsp;&nbsp;RtcInit
</UL>

<P><STRONG><a name="[a1]"></a>HAL_NVIC_SetPriority</STRONG> (Thumb, 60 bytes, Stack size 16 bytes, stm32l1xx_hal_cortex.o(i.HAL_NVIC_SetPriority))
<BR><BR>[Stack]<UL><LI>Max Depth = 16<LI>Call Chain = HAL_NVIC_SetPriority
</UL>
<BR>[Calls]<UL><LI><a href="#[af]">&gt;&gt;</a>&nbsp;&nbsp;&nbsp;NVIC_SetPriority
</UL>
<BR>[Called By]<UL><LI><a href="#[cb]">&gt;&gt;</a>&nbsp;&nbsp;&nbsp;HAL_TIM_Base_MspInit
<LI><a href="#[a0]">&gt;&gt;</a>&nbsp;&nbsp;&nbsp;GpioMcuSetInterrupt
<LI><a href="#[94]">&gt;&gt;</a>&nbsp;&nbsp;&nbsp;RtcInit
<LI><a href="#[93]">&gt;&gt;</a>&nbsp;&nbsp;&nbsp;SystemClockConfig
<LI><a href="#[ac]">&gt;&gt;</a>&nbsp;&nbsp;&nbsp;HAL_InitTick
</UL>

<P><STRONG><a name="[ab]"></a>HAL_NVIC_SetPriorityGrouping</STRONG> (Thumb, 26 bytes, Stack size 0 bytes, stm32l1xx_hal_cortex.o(i.HAL_NVIC_SetPriorityGrouping))
<BR><BR>[Called By]<UL><LI><a href="#[92]">&gt;&gt;</a>&nbsp;&nbsp;&nbsp;HAL_Init
<LI><a href="#[93]">&gt;&gt;</a>&nbsp;&nbsp;&nbsp;SystemClockConfig
</UL>

<P><STRONG><a name="[f7]"></a>HAL_PWREx_GetVoltageRange</STRONG> (Thumb, 10 bytes, Stack size 0 bytes, stm32l1xx_hal_pwr_ex.o(i.HAL_PWREx_GetVoltageRange))
<BR><BR>[Called By]<UL><LI><a href="#[b4]">&gt;&gt;</a>&nbsp;&nbsp;&nbsp;RCC_SetFlashLatencyFromMSIRange
</UL>

<P><STRONG><a name="[b0]"></a>HAL_RCCEx_PeriphCLKConfig</STRONG> (Thumb, 348 bytes, Stack size 40 bytes, stm32l1xx_hal_rcc_ex.o(i.HAL_RCCEx_PeriphCLKConfig))
<BR><BR>[Stack]<UL><LI>Max Depth = 40<LI>Call Chain = HAL_RCCEx_PeriphCLKConfig
</UL>
<BR>[Calls]<UL><LI><a href="#[7d]">&gt;&gt;</a>&nbsp;&nbsp;&nbsp;HAL_GetTick
</UL>
<BR>[Called By]<UL><LI><a href="#[93]">&gt;&gt;</a>&nbsp;&nbsp;&nbsp;SystemClockConfig
</UL>

<P><STRONG><a name="[b1]"></a>HAL_RCC_ClockConfig</STRONG> (Thumb, 450 bytes, Stack size 32 bytes, stm32l1xx_hal_rcc.o(i.HAL_RCC_ClockConfig))
<BR><BR>[Stack]<UL><LI>Max Depth = 56<LI>Call Chain = HAL_RCC_ClockConfig &rArr; HAL_InitTick &rArr; HAL_NVIC_SetPriority
</UL>
<BR>[Calls]<UL><LI><a href="#[ac]">&gt;&gt;</a>&nbsp;&nbsp;&nbsp;HAL_InitTick
<LI><a href="#[7d]">&gt;&gt;</a>&nbsp;&nbsp;&nbsp;HAL_GetTick
<LI><a href="#[b2]">&gt;&gt;</a>&nbsp;&nbsp;&nbsp;HAL_RCC_GetSysClockFreq
</UL>
<BR>[Called By]<UL><LI><a href="#[93]">&gt;&gt;</a>&nbsp;&nbsp;&nbsp;SystemClockConfig
</UL>

<P><STRONG><a name="[130]"></a>HAL_RCC_GetHCLKFreq</STRONG> (Thumb, 6 bytes, Stack size 0 bytes, stm32l1xx_hal_rcc.o(i.HAL_RCC_GetHCLKFreq))
<BR><BR>[Called By]<UL><LI><a href="#[93]">&gt;&gt;</a>&nbsp;&nbsp;&nbsp;SystemClockConfig
</UL>

<P><STRONG><a name="[b2]"></a>HAL_RCC_GetSysClockFreq</STRONG> (Thumb, 122 bytes, Stack size 0 bytes, stm32l1xx_hal_rcc.o(i.HAL_RCC_GetSysClockFreq))
<BR><BR>[Called By]<UL><LI><a href="#[b1]">&gt;&gt;</a>&nbsp;&nbsp;&nbsp;HAL_RCC_ClockConfig
</UL>

<P><STRONG><a name="[b3]"></a>HAL_RCC_OscConfig</STRONG> (Thumb, 1860 bytes, Stack size 40 bytes, stm32l1xx_hal_rcc.o(i.HAL_RCC_OscConfig))
<BR><BR>[Stack]<UL><LI>Max Depth = 64<LI>Call Chain = HAL_RCC_OscConfig &rArr; HAL_InitTick &rArr; HAL_NVIC_SetPriority
</UL>
<BR>[Calls]<UL><LI><a href="#[ac]">&gt;&gt;</a>&nbsp;&nbsp;&nbsp;HAL_InitTick
<LI><a href="#[7d]">&gt;&gt;</a>&nbsp;&nbsp;&nbsp;HAL_GetTick
<LI><a href="#[b4]">&gt;&gt;</a>&nbsp;&nbsp;&nbsp;RCC_SetFlashLatencyFromMSIRange
</UL>
<BR>[Called By]<UL><LI><a href="#[93]">&gt;&gt;</a>&nbsp;&nbsp;&nbsp;SystemClockConfig
</UL>

<P><STRONG><a name="[b8]"></a>HAL_RTCEx_AlarmBEventCallback</STRONG> (Thumb, 2 bytes, Stack size 0 bytes, stm32l1xx_hal_rtc_ex.o(i.HAL_RTCEx_AlarmBEventCallback))
<BR><BR>[Called By]<UL><LI><a href="#[b6]">&gt;&gt;</a>&nbsp;&nbsp;&nbsp;HAL_RTC_AlarmIRQHandler
</UL>

<P><STRONG><a name="[b5]"></a>HAL_RTCEx_DeactivateWakeUpTimer</STRONG> (Thumb, 122 bytes, Stack size 32 bytes, stm32l1xx_hal_rtc_ex.o(i.HAL_RTCEx_DeactivateWakeUpTimer), UNUSED)
<BR><BR>[Calls]<UL><LI><a href="#[7d]">&gt;&gt;</a>&nbsp;&nbsp;&nbsp;HAL_GetTick
</UL>
<BR>[Called By]<UL><LI><a href="#[102]">&gt;&gt;</a>&nbsp;&nbsp;&nbsp;RtcStartWakeUpAlarm
</UL>

<P><STRONG><a name="[b7]"></a>HAL_RTC_AlarmAEventCallback</STRONG> (Thumb, 2 bytes, Stack size 0 bytes, stm32l1xx_hal_rtc.o(i.HAL_RTC_AlarmAEventCallback))
<BR><BR>[Called By]<UL><LI><a href="#[b6]">&gt;&gt;</a>&nbsp;&nbsp;&nbsp;HAL_RTC_AlarmIRQHandler
</UL>

<P><STRONG><a name="[b6]"></a>HAL_RTC_AlarmIRQHandler</STRONG> (Thumb, 86 bytes, Stack size 8 bytes, stm32l1xx_hal_rtc.o(i.HAL_RTC_AlarmIRQHandler))
<BR><BR>[Stack]<UL><LI>Max Depth = 8<LI>Call Chain = HAL_RTC_AlarmIRQHandler
</UL>
<BR>[Calls]<UL><LI><a href="#[b7]">&gt;&gt;</a>&nbsp;&nbsp;&nbsp;HAL_RTC_AlarmAEventCallback
<LI><a href="#[b8]">&gt;&gt;</a>&nbsp;&nbsp;&nbsp;HAL_RTCEx_AlarmBEventCallback
</UL>
<BR>[Called By]<UL><LI><a href="#[32]">&gt;&gt;</a>&nbsp;&nbsp;&nbsp;RTC_Alarm_IRQHandler
</UL>

<P><STRONG><a name="[b9]"></a>HAL_RTC_DeactivateAlarm</STRONG> (Thumb, 178 bytes, Stack size 32 bytes, stm32l1xx_hal_rtc.o(i.HAL_RTC_DeactivateAlarm))
<BR><BR>[Stack]<UL><LI>Max Depth = 32<LI>Call Chain = HAL_RTC_DeactivateAlarm
</UL>
<BR>[Calls]<UL><LI><a href="#[7d]">&gt;&gt;</a>&nbsp;&nbsp;&nbsp;HAL_GetTick
</UL>
<BR>[Called By]<UL><LI><a href="#[32]">&gt;&gt;</a>&nbsp;&nbsp;&nbsp;RTC_Alarm_IRQHandler
<LI><a href="#[102]">&gt;&gt;</a>&nbsp;&nbsp;&nbsp;RtcStartWakeUpAlarm
</UL>

<P><STRONG><a name="[ba]"></a>HAL_RTC_GetAlarm</STRONG> (Thumb, 110 bytes, Stack size 8 bytes, stm32l1xx_hal_rtc_ex.o(i.HAL_RTC_GetAlarm))
<BR><BR>[Stack]<UL><LI>Max Depth = 8<LI>Call Chain = HAL_RTC_GetAlarm
</UL>
<BR>[Calls]<UL><LI><a href="#[bb]">&gt;&gt;</a>&nbsp;&nbsp;&nbsp;RTC_Bcd2ToByte
</UL>
<BR>[Called By]<UL><LI><a href="#[f8]">&gt;&gt;</a>&nbsp;&nbsp;&nbsp;RtcComputeWakeUpTime
</UL>

<P><STRONG><a name="[bc]"></a>HAL_RTC_GetDate</STRONG> (Thumb, 62 bytes, Stack size 8 bytes, stm32l1xx_hal_rtc.o(i.HAL_RTC_GetDate))
<BR><BR>[Stack]<UL><LI>Max Depth = 8<LI>Call Chain = HAL_RTC_GetDate
</UL>
<BR>[Calls]<UL><LI><a href="#[bb]">&gt;&gt;</a>&nbsp;&nbsp;&nbsp;RTC_Bcd2ToByte
</UL>
<BR>[Called By]<UL><LI><a href="#[fe]">&gt;&gt;</a>&nbsp;&nbsp;&nbsp;RtcGetCalendar
</UL>

<P><STRONG><a name="[bd]"></a>HAL_RTC_GetTime</STRONG> (Thumb, 66 bytes, Stack size 8 bytes, stm32l1xx_hal_rtc_ex.o(i.HAL_RTC_GetTime))
<BR><BR>[Stack]<UL><LI>Max Depth = 8<LI>Call Chain = HAL_RTC_GetTime
</UL>
<BR>[Calls]<UL><LI><a href="#[bb]">&gt;&gt;</a>&nbsp;&nbsp;&nbsp;RTC_Bcd2ToByte
</UL>
<BR>[Called By]<UL><LI><a href="#[fe]">&gt;&gt;</a>&nbsp;&nbsp;&nbsp;RtcGetCalendar
</UL>

<P><STRONG><a name="[be]"></a>HAL_RTC_Init</STRONG> (Thumb, 150 bytes, Stack size 16 bytes, stm32l1xx_hal_rtc.o(i.HAL_RTC_Init))
<BR><BR>[Stack]<UL><LI>Max Depth = 32<LI>Call Chain = HAL_RTC_Init &rArr; RTC_EnterInitMode
</UL>
<BR>[Calls]<UL><LI><a href="#[bf]">&gt;&gt;</a>&nbsp;&nbsp;&nbsp;HAL_RTC_MspInit
<LI><a href="#[c0]">&gt;&gt;</a>&nbsp;&nbsp;&nbsp;RTC_EnterInitMode
</UL>
<BR>[Called By]<UL><LI><a href="#[94]">&gt;&gt;</a>&nbsp;&nbsp;&nbsp;RtcInit
</UL>

<P><STRONG><a name="[bf]"></a>HAL_RTC_MspInit</STRONG> (Thumb, 2 bytes, Stack size 0 bytes, stm32l1xx_hal_rtc.o(i.HAL_RTC_MspInit))
<BR><BR>[Called By]<UL><LI><a href="#[be]">&gt;&gt;</a>&nbsp;&nbsp;&nbsp;HAL_RTC_Init
</UL>

<P><STRONG><a name="[c1]"></a>HAL_RTC_SetAlarm_IT</STRONG> (Thumb, 378 bytes, Stack size 40 bytes, stm32l1xx_hal_rtc_ex.o(i.HAL_RTC_SetAlarm_IT), UNUSED)
<BR><BR>[Calls]<UL><LI><a href="#[7d]">&gt;&gt;</a>&nbsp;&nbsp;&nbsp;HAL_GetTick
<LI><a href="#[c2]">&gt;&gt;</a>&nbsp;&nbsp;&nbsp;RTC_ByteToBcd2
<LI><a href="#[bb]">&gt;&gt;</a>&nbsp;&nbsp;&nbsp;RTC_Bcd2ToByte
</UL>
<BR>[Called By]<UL><LI><a href="#[102]">&gt;&gt;</a>&nbsp;&nbsp;&nbsp;RtcStartWakeUpAlarm
</UL>

<P><STRONG><a name="[c3]"></a>HAL_RTC_SetDate</STRONG> (Thumb, 196 bytes, Stack size 32 bytes, stm32l1xx_hal_rtc.o(i.HAL_RTC_SetDate))
<BR><BR>[Stack]<UL><LI>Max Depth = 48<LI>Call Chain = HAL_RTC_SetDate &rArr; HAL_RTC_WaitForSynchro
</UL>
<BR>[Calls]<UL><LI><a href="#[c4]">&gt;&gt;</a>&nbsp;&nbsp;&nbsp;HAL_RTC_WaitForSynchro
<LI><a href="#[c0]">&gt;&gt;</a>&nbsp;&nbsp;&nbsp;RTC_EnterInitMode
<LI><a href="#[c2]">&gt;&gt;</a>&nbsp;&nbsp;&nbsp;RTC_ByteToBcd2
<LI><a href="#[bb]">&gt;&gt;</a>&nbsp;&nbsp;&nbsp;RTC_Bcd2ToByte
</UL>
<BR>[Called By]<UL><LI><a href="#[94]">&gt;&gt;</a>&nbsp;&nbsp;&nbsp;RtcInit
</UL>

<P><STRONG><a name="[c5]"></a>HAL_RTC_SetTime</STRONG> (Thumb, 228 bytes, Stack size 32 bytes, stm32l1xx_hal_rtc.o(i.HAL_RTC_SetTime))
<BR><BR>[Stack]<UL><LI>Max Depth = 48<LI>Call Chain = HAL_RTC_SetTime &rArr; HAL_RTC_WaitForSynchro
</UL>
<BR>[Calls]<UL><LI><a href="#[c4]">&gt;&gt;</a>&nbsp;&nbsp;&nbsp;HAL_RTC_WaitForSynchro
<LI><a href="#[c0]">&gt;&gt;</a>&nbsp;&nbsp;&nbsp;RTC_EnterInitMode
<LI><a href="#[c2]">&gt;&gt;</a>&nbsp;&nbsp;&nbsp;RTC_ByteToBcd2
<LI><a href="#[bb]">&gt;&gt;</a>&nbsp;&nbsp;&nbsp;RTC_Bcd2ToByte
</UL>
<BR>[Called By]<UL><LI><a href="#[94]">&gt;&gt;</a>&nbsp;&nbsp;&nbsp;RtcInit
</UL>

<P><STRONG><a name="[c4]"></a>HAL_RTC_WaitForSynchro</STRONG> (Thumb, 54 bytes, Stack size 16 bytes, stm32l1xx_hal_rtc_ex.o(i.HAL_RTC_WaitForSynchro))
<BR><BR>[Stack]<UL><LI>Max Depth = 16<LI>Call Chain = HAL_RTC_WaitForSynchro
</UL>
<BR>[Calls]<UL><LI><a href="#[7d]">&gt;&gt;</a>&nbsp;&nbsp;&nbsp;HAL_GetTick
</UL>
<BR>[Called By]<UL><LI><a href="#[c5]">&gt;&gt;</a>&nbsp;&nbsp;&nbsp;HAL_RTC_SetTime
<LI><a href="#[c3]">&gt;&gt;</a>&nbsp;&nbsp;&nbsp;HAL_RTC_SetDate
</UL>

<P><STRONG><a name="[c6]"></a>HAL_SPI_Init</STRONG> (Thumb, 122 bytes, Stack size 16 bytes, stm32l1xx_hal_spi_ex.o(i.HAL_SPI_Init))
<BR><BR>[Stack]<UL><LI>Max Depth = 16<LI>Call Chain = HAL_SPI_Init
</UL>
<BR>[Calls]<UL><LI><a href="#[c7]">&gt;&gt;</a>&nbsp;&nbsp;&nbsp;HAL_SPI_MspInit
</UL>
<BR>[Called By]<UL><LI><a href="#[90]">&gt;&gt;</a>&nbsp;&nbsp;&nbsp;SpiInit
</UL>

<P><STRONG><a name="[c7]"></a>HAL_SPI_MspInit</STRONG> (Thumb, 2 bytes, Stack size 0 bytes, stm32l1xx_hal_spi.o(i.HAL_SPI_MspInit))
<BR><BR>[Called By]<UL><LI><a href="#[c6]">&gt;&gt;</a>&nbsp;&nbsp;&nbsp;HAL_SPI_Init
</UL>

<P><STRONG><a name="[131]"></a>HAL_SYSTICK_CLKSourceConfig</STRONG> (Thumb, 24 bytes, Stack size 0 bytes, stm32l1xx_hal_cortex.o(i.HAL_SYSTICK_CLKSourceConfig))
<BR><BR>[Called By]<UL><LI><a href="#[93]">&gt;&gt;</a>&nbsp;&nbsp;&nbsp;SystemClockConfig
</UL>

<P><STRONG><a name="[c9]"></a>HAL_SYSTICK_Callback</STRONG> (Thumb, 2 bytes, Stack size 0 bytes, stm32l1xx_hal_cortex.o(i.HAL_SYSTICK_Callback))
<BR><BR>[Called By]<UL><LI><a href="#[c8]">&gt;&gt;</a>&nbsp;&nbsp;&nbsp;HAL_SYSTICK_IRQHandler
</UL>

<P><STRONG><a name="[ae]"></a>HAL_SYSTICK_Config</STRONG> (Thumb, 40 bytes, Stack size 8 bytes, stm32l1xx_hal_cortex.o(i.HAL_SYSTICK_Config))
<BR><BR>[Stack]<UL><LI>Max Depth = 8<LI>Call Chain = HAL_SYSTICK_Config
</UL>
<BR>[Calls]<UL><LI><a href="#[af]">&gt;&gt;</a>&nbsp;&nbsp;&nbsp;NVIC_SetPriority
</UL>
<BR>[Called By]<UL><LI><a href="#[93]">&gt;&gt;</a>&nbsp;&nbsp;&nbsp;SystemClockConfig
<LI><a href="#[ac]">&gt;&gt;</a>&nbsp;&nbsp;&nbsp;HAL_InitTick
</UL>

[...]
</UL>
<BR>[Calls]<UL><LI><a href="#[a5]">&gt;&gt;</a>&nbsp;&nbsp;&nbsp;HAL_GPIO_WritePin
<LI><a href="#[108]">&gt;&gt;</a>&nbsp;&nbsp;&nbsp;Serial_DelayUS
<LI><a href="#[14b]">&gt;&gt;</a>&nbsp;&nbsp;&nbsp;s_transstart
</UL>
<BR>[Called By]<UL><LI><a href="#[107]">&gt;&gt;</a>&nbsp;&nbsp;&nbsp;s_softreset
<LI><a href="#[145]">&gt;&gt;</a>&nbsp;&nbsp;&nbsp;call_sht1x
<LI><a href="#[104]">&gt;&gt;</a>&nbsp;&nbsp;&nbsp;SHT1X_Init
</UL>

<P><STRONG><a name="[146]"></a>s_measure</STRONG> (Thumb, 126 bytes, Stack size 32 bytes, hal_temhum.o(i.s_measure))
<BR><BR>[Stack]<UL><LI>Max Depth = 128<LI>Call Chain = s_measure &rArr; s_read_byte &rArr; Serial_DataInOutInit &rArr; HAL_GPIO_Init
</UL>
<BR>[Calls]<UL><LI><a href="#[d9]">&gt;&gt;</a>&nbsp;&nbsp;&nbsp;HAL_GPIO_ReadPin
<LI><a href="#[108]">&gt;&gt;</a>&nbsp;&nbsp;&nbsp;Serial_DelayUS
<LI><a href="#[14c]">&gt;&gt;</a>&nbsp;&nbsp;&nbsp;s_write_byte
<LI><a href="#[14b]">&gt;&gt;</a>&nbsp;&nbsp;&nbsp;s_transstart
<LI><a href="#[14d]">&gt;&gt;</a>&nbsp;&nbsp;&nbsp;s_read_byte
<LI><a href="#[12a]">&gt;&gt;</a>&nbsp;&nbsp;&nbsp;Serial_DataInOutInit
</UL>
<BR>[Called By]<UL><LI><a href="#[145]">&gt;&gt;</a>&nbsp;&nbsp;&nbsp;call_sht1x
</UL>

<P><STRONG><a name="[14d]"></a>s_read_byte</STRONG> (Thumb, 152 bytes, Stack size 24 bytes, hal_temhum.o(i.s_read_byte))
<BR><BR>[Stack]<UL><LI>Max Depth = 96<LI>Call Chain = s_read_byte &rArr; Serial_DataInOutInit &rArr; HAL_GPIO_Init
</UL>
<BR>[Calls]<UL><LI><a href="#[a5]">&gt;&gt;</a>&nbsp;&nbsp;&nbsp;HAL_GPIO_WritePin
<LI><a href="#[d9]">&gt;&gt;</a>&nbsp;&nbsp;&nbsp;HAL_GPIO_ReadPin
<LI><a href="#[108]">&gt;&gt;</a>&nbsp;&nbsp;&nbsp;Serial_DelayUS
<LI><a href="#[12a]">&gt;&gt;</a>&nbsp;&nbsp;&nbsp;Serial_DataInOutInit
</UL>
<BR>[Called By]<UL><LI><a href="#[146]">&gt;&gt;</a>&nbsp;&nbsp;&nbsp;s_measure
</UL>

<P><STRONG><a name="[107]"></a>s_softreset</STRONG> (Thumb, 16 bytes, Stack size 8 bytes, hal_temhum.o(i.s_softreset))
<BR><BR>[Stack]<UL><LI>Max Depth = 96<LI>Call Chain = s_softreset &rArr; s_write_byte &rArr; Serial_DataInOutInit &rArr; HAL_GPIO_Init
</UL>
<BR>[Calls]<UL><LI><a href="#[14c]">&gt;&gt;</a>&nbsp;&nbsp;&nbsp;s_write_byte
<LI><a href="#[106]">&gt;&gt;</a>&nbsp;&nbsp;&nbsp;s_connectionreset
</UL>
<BR>[Called By]<UL><LI><a href="#[104]">&gt;&gt;</a>&nbsp;&nbsp;&nbsp;SHT1X_Init
</UL>

<P><STRONG><a name="[14b]"></a>s_transstart</STRONG> (Thumb, 124 bytes, Stack size 8 bytes, hal_temhum.o(i.s_transstart))
<BR><BR>[Stack]<UL><LI>Max Depth = 8<LI>Call Chain = s_transstart
</UL>
<BR>[Calls]<UL><LI><a href="#[a5]">&gt;&gt;</a>&nbsp;&nbsp;&nbsp;HAL_GPIO_WritePin
<LI><a href="#[108]">&gt;&gt;</a>&nbsp;&nbsp;&nbsp;Serial_DelayUS
</UL>
<BR>[Called By]<UL><LI><a href="#[146]">&gt;&gt;</a>&nbsp;&nbsp;&nbsp;s_measure
<LI><a href="#[106]">&gt;&gt;</a>&nbsp;&nbsp;&nbsp;s_connectionreset
</UL>

<P><STRONG><a name="[14c]"></a>s_write_byte</STRONG> (Thumb, 148 bytes, Stack size 16 bytes, hal_temhum.o(i.s_write_byte))
<BR><BR>[Stack]<UL><LI>Max Depth = 88<LI>Call Chain = s_write_byte &rArr; Serial_DataInOutInit &rArr; HAL_GPIO_Init
</UL>
<BR>[Calls]<UL><LI><a href="#[a5]">&gt;&gt;</a>&nbsp;&nbsp;&nbsp;HAL_GPIO_WritePin
<LI><a href="#[d9]">&gt;&gt;</a>&nbsp;&nbsp;&nbsp;HAL_GPIO_ReadPin
<LI><a href="#[108]">&gt;&gt;</a>&nbsp;&nbsp;&nbsp;Serial_DelayUS
<LI><a href="#[12a]">&gt;&gt;</a>&nbsp;&nbsp;&nbsp;Serial_DataInOutInit
</UL>
<BR>[Called By]<UL><LI><a href="#[107]">&gt;&gt;</a>&nbsp;&nbsp;&nbsp;s_softreset
<LI><a href="#[146]">&gt;&gt;</a>&nbsp;&nbsp;&nbsp;s_measure
</UL>

<P><STRONG><a name="[148]"></a>scan_keys</STRONG> (Thumb, 208 bytes, Stack size 24 bytes, hal_key.o(i.scan_keys))
<BR><BR>[Stack]<UL><LI>Max Depth = 24<LI>Call Chain = scan_keys
</UL>
<BR>[Calls]<UL><LI><a href="#[d9]">&gt;&gt;</a>&nbsp;&nbsp;&nbsp;HAL_GPIO_ReadPin
</UL>
<BR>[Called By]<UL><LI><a href="#[134]">&gt;&gt;</a>&nbsp;&nbsp;&nbsp;keyScanner
</UL>

<P><STRONG><a name="[df]"></a>setTimer2Callback</STRONG> (Thumb, 6 bytes, Stack size 0 bytes, tim-board.o(i.setTimer2Callback))
<BR><BR>[Called By]<UL><LI><a href="#[dd]">&gt;&gt;</a>&nbsp;&nbsp;&nbsp;Init
</UL>
<P>
<H3>
Local Symbols
</H3>
<P><STRONG><a name="[93]"></a>SystemClockConfig</STRONG> (Thumb, 146 bytes, Stack size 96 bytes, board.o(i.SystemClockConfig))
<BR><BR>[Stack]<UL><LI>Max Depth = 160<LI>Call Chain = SystemClockConfig &rArr; HAL_RCC_OscConfig &rArr; HAL_InitTick &rArr; HAL_NVIC_SetPriority
</UL>
<BR>[Calls]<UL><LI><a href="#[ae]">&gt;&gt;</a>&nbsp;&nbsp;&nbsp;HAL_SYSTICK_Config
<LI><a href="#[131]">&gt;&gt;</a>&nbsp;&nbsp;&nbsp;HAL_SYSTICK_CLKSourceConfig
<LI><a href="#[b3]">&gt;&gt;</a>&nbsp;&nbsp;&nbsp;HAL_RCC_OscConfig
<LI><a href="#[130]">&gt;&gt;</a>&nbsp;&nbsp;&nbsp;HAL_RCC_GetHCLKFreq
<LI><a href="#[b1]">&gt;&gt;</a>&nbsp;&nbsp;&nbsp;HAL_RCC_ClockConfig
<LI><a href="#[b0]">&gt;&gt;</a>&nbsp;&nbsp;&nbsp;HAL_RCCEx_PeriphCLKConfig
<LI><a href="#[ab]">&gt;&gt;</a>&nbsp;&nbsp;&nbsp;HAL_NVIC_SetPriorityGrouping
<LI><a href="#[a1]">&gt;&gt;</a>&nbsp;&nbsp;&nbsp;HAL_NVIC_SetPriority
</UL>
<BR>[Called By]<UL><LI><a href="#[8e]">&gt;&gt;</a>&nbsp;&nbsp;&nbsp;BoardInitMcu
</UL>

<P><STRONG><a name="[8f]"></a>SystemClockReConfig</STRONG> (Thumb, 186 bytes, Stack size 16 bytes, board.o(i.SystemClockReConfig))
<BR><BR>[Stack]<UL><LI>Max Depth = 16<LI>Call Chain = SystemClockReConfig
</UL>
<BR>[Called By]<UL><LI><a href="#[8e]">&gt;&gt;</a>&nbsp;&nbsp;&nbsp;BoardInitMcu
</UL>

<P><STRONG><a name="[fa]"></a>RtcComputeTimerTimeToAlarmTick</STRONG> (Thumb, 436 bytes, Stack size 80 bytes, rtc-board.o(i.RtcComputeTimerTimeToAlarmTick), UNUSED)
<BR><BR>[Calls]<UL><LI><a href="#[71]">&gt;&gt;</a>&nbsp;&nbsp;&nbsp;__aeabi_ui2d
<LI><a href="#[6d]">&gt;&gt;</a>&nbsp;&nbsp;&nbsp;__aeabi_dmul
<LI><a href="#[70]">&gt;&gt;</a>&nbsp;&nbsp;&nbsp;__aeabi_i2d
<LI><a href="#[6b]">&gt;&gt;</a>&nbsp;&nbsp;&nbsp;__aeabi_dsub
<LI><a href="#[66]">&gt;&gt;</a>&nbsp;&nbsp;&nbsp;__aeabi_dadd
<LI><a href="#[74]">&gt;&gt;</a>&nbsp;&nbsp;&nbsp;__aeabi_d2uiz
<LI><a href="#[72]">&gt;&gt;</a>&nbsp;&nbsp;&nbsp;__aeabi_d2iz
<LI><a href="#[fd]">&gt;&gt;</a>&nbsp;&nbsp;&nbsp;__aeabi_cdrcmple
<LI><a href="#[fb]">&gt;&gt;</a>&nbsp;&nbsp;&nbsp;__aeabi_memcpy4
<LI><a href="#[fc]">&gt;&gt;</a>&nbsp;&nbsp;&nbsp;round
</UL>
<BR>[Called By]<UL><LI><a href="#[102]">&gt;&gt;</a>&nbsp;&nbsp;&nbsp;RtcStartWakeUpAlarm
</UL>

<P><STRONG><a name="[f8]"></a>RtcComputeWakeUpTime</STRONG> (Thumb, 138 bytes, Stack size 80 bytes, rtc-board.o(i.RtcComputeWakeUpTime))
<BR><BR>[Stack]<UL><LI>Max Depth = 192<LI>Call Chain = RtcComputeWakeUpTime &rArr; ceil &rArr; __aeabi_drsub &rArr; __aeabi_dadd &rArr; _double_epilogue &rArr; _double_round
</UL>
<BR>[Calls]<UL><LI><a href="#[71]">&gt;&gt;</a>&nbsp;&nbsp;&nbsp;__aeabi_ui2d
<LI><a href="#[6d]">&gt;&gt;</a>&nbsp;&nbsp;&nbsp;__aeabi_dmul
<LI><a href="#[74]">&gt;&gt;</a>&nbsp;&nbsp;&nbsp;__aeabi_d2uiz
<LI><a href="#[ba]">&gt;&gt;</a>&nbsp;&nbsp;&nbsp;HAL_RTC_GetAlarm
<LI><a href="#[fe]">&gt;&gt;</a>&nbsp;&nbsp;&nbsp;RtcGetCalendar
<LI><a href="#[fb]">&gt;&gt;</a>&nbsp;&nbsp;&nbsp;__aeabi_memcpy4
<LI><a href="#[ff]">&gt;&gt;</a>&nbsp;&nbsp;&nbsp;ceil
</UL>
<BR>[Called By]<UL><LI><a href="#[32]">&gt;&gt;</a>&nbsp;&nbsp;&nbsp;RTC_Alarm_IRQHandler
</UL>

<P><STRONG><a name="[100]"></a>RtcConvertCalendarTickToTimerTime</STRONG> (Thumb, 280 bytes, Stack size 72 bytes, rtc-board.o(i.RtcConvertCalendarTickToTimerTime))
<BR><BR>[Stack]<UL><LI>Max Depth = 192<LI>Call Chain = RtcConvertCalendarTickToTimerTime &rArr; round &rArr; __aeabi_dsub &rArr; __aeabi_dadd &rArr; _double_epilogue &rArr; _double_round
</UL>
<BR>[Calls]<UL><LI><a href="#[71]">&gt;&gt;</a>&nbsp;&nbsp;&nbsp;__aeabi_ui2d
<LI><a href="#[6d]">&gt;&gt;</a>&nbsp;&nbsp;&nbsp;__aeabi_dmul
<LI><a href="#[66]">&gt;&gt;</a>&nbsp;&nbsp;&nbsp;__aeabi_dadd
<LI><a href="#[74]">&gt;&gt;</a>&nbsp;&nbsp;&nbsp;__aeabi_d2uiz
<LI><a href="#[fe]">&gt;&gt;</a>&nbsp;&nbsp;&nbsp;RtcGetCalendar
<LI><a href="#[fb]">&gt;&gt;</a>&nbsp;&nbsp;&nbsp;__aeabi_memcpy4
<LI><a href="#[fc]">&gt;&gt;</a>&nbsp;&nbsp;&nbsp;round
</UL>
<BR>[Called By]<UL><LI><a href="#[101]">&gt;&gt;</a>&nbsp;&nbsp;&nbsp;RtcGetElapsedAlarmTime
</UL>

<P><STRONG><a name="[fe]"></a>RtcGetCalendar</STRONG> (Thumb, 80 bytes, Stack size 32 bytes, rtc-board.o(i.RtcGetCalendar))
<BR><BR>[Stack]<UL><LI>Max Depth = 40<LI>Call Chain = RtcGetCalendar &rArr; HAL_RTC_GetTime
</UL>
<BR>[Calls]<UL><LI><a href="#[bd]">&gt;&gt;</a>&nbsp;&nbsp;&nbsp;HAL_RTC_GetTime
<LI><a href="#[bc]">&gt;&gt;</a>&nbsp;&nbsp;&nbsp;HAL_RTC_GetDate
<LI><a href="#[fb]">&gt;&gt;</a>&nbsp;&nbsp;&nbsp;__aeabi_memcpy4
</UL>
<BR>[Called By]<UL><LI><a href="#[102]">&gt;&gt;</a>&nbsp;&nbsp;&nbsp;RtcStartWakeUpAlarm
<LI><a href="#[100]">&gt;&gt;</a>&nbsp;&nbsp;&nbsp;RtcConvertCalendarTickToTimerTime
<LI><a href="#[f8]">&gt;&gt;</a>&nbsp;&nbsp;&nbsp;RtcComputeWakeUpTime
</UL>

<P><STRONG><a name="[102]"></a>RtcStartWakeUpAlarm</STRONG> (Thumb, 142 bytes, Stack size 112 bytes, rtc-board.o(i.RtcStartWakeUpAlarm), UNUSED)
<BR><BR>[Calls]<UL><LI><a href="#[c1]">&gt;&gt;</a>&nbsp;&nbsp;&nbsp;HAL_RTC_SetAlarm_IT
<LI><a href="#[b9]">&gt;&gt;</a>&nbsp;&nbsp;&nbsp;HAL_RTC_DeactivateAlarm
<LI><a href="#[b5]">&gt;&gt;</a>&nbsp;&nbsp;&nbsp;HAL_RTCEx_DeactivateWakeUpTimer
<LI><a href="#[fe]">&gt;&gt;</a>&nbsp;&nbsp;&nbsp;RtcGetCalendar
<LI><a href="#[fa]">&gt;&gt;</a>&nbsp;&nbsp;&nbsp;RtcComputeTimerTimeToAlarmTick
<LI><a href="#[fb]">&gt;&gt;</a>&nbsp;&nbsp;&nbsp;__aeabi_memcpy4
</UL>

<P><STRONG><a name="[af]"></a>NVIC_SetPriority</STRONG> (Thumb, 32 bytes, Stack size 0 bytes, stm32l1xx_hal_cortex.o(i.NVIC_SetPriority))
<BR><BR>[Called By]<UL><LI><a href="#[ae]">&gt;&gt;</a>&nbsp;&nbsp;&nbsp;HAL_SYSTICK_Config
<LI><a href="#[a1]">&gt;&gt;</a>&nbsp;&nbsp;&nbsp;HAL_NVIC_SetPriority
</UL>

<P><STRONG><a name="[b4]"></a>RCC_SetFlashLatencyFromMSIRange</STRONG> (Thumb, 112 bytes, Stack size 24 bytes, stm32l1xx_hal_rcc.o(i.RCC_SetFlashLatencyFromMSIRange))
<BR><BR>[Stack]<UL><LI>Max Depth = 24<LI>Call Chain = RCC_SetFlashLatencyFromMSIRange
</UL>
<BR>[Calls]<UL><LI><a href="#[f7]">&gt;&gt;</a>&nbsp;&nbsp;&nbsp;HAL_PWREx_GetVoltageRange
</UL>
<BR>[Called By]<UL><LI><a href="#[b3]">&gt;&gt;</a>&nbsp;&nbsp;&nbsp;HAL_RCC_OscConfig
</UL>

<P><STRONG><a name="[cc]"></a>TIM_Base_SetConfig</STRONG> (Thumb, 86 bytes, Stack size 16 bytes, stm32l1xx_hal_tim.o(i.TIM_Base_SetConfig))
<BR><BR>[Stack]<UL><LI>Max Depth = 16<LI>Call Chain = TIM_Base_SetConfig
</UL>
<BR>[Called By]<UL><LI><a href="#[ca]">&gt;&gt;</a>&nbsp;&nbsp;&nbsp;HAL_TIM_Base_Init
</UL>

<P><STRONG><a name="[117]"></a>SHT3X_CalcCrc</STRONG> (Thumb, 52 bytes, Stack size 16 bytes, hal_temhum.o(i.SHT3X_CalcCrc))
<BR><BR>[Stack]<UL><LI>Max Depth = 16<LI>Call Chain = SHT3X_CalcCrc
</UL>
<BR>[Called By]<UL><LI><a href="#[112]">&gt;&gt;</a>&nbsp;&nbsp;&nbsp;SHT3X_Read2BytesAndCrc
</UL>

<P><STRONG><a name="[109]"></a>SHT3X_CalcHumidity</STRONG> (Thumb, 22 bytes, Stack size 8 bytes, hal_temhum.o(i.SHT3X_CalcHumidity))
<BR><BR>[Stack]<UL><LI>Max Depth = 16<LI>Call Chain = SHT3X_CalcHumidity &rArr; __aeabi_fmul
</UL>
<BR>[Calls]<UL><LI><a href="#[10a]">&gt;&gt;</a>&nbsp;&nbsp;&nbsp;__aeabi_fmul
<LI><a href="#[6f]">&gt;&gt;</a>&nbsp;&nbsp;&nbsp;__aeabi_ui2f
<LI><a href="#[65]">&gt;&gt;</a>&nbsp;&nbsp;&nbsp;__aeabi_fdiv
</UL>
<BR>[Called By]<UL><LI><a href="#[10e]">&gt;&gt;</a>&nbsp;&nbsp;&nbsp;SHT3X_GetTempAndHumiPolling
<LI><a href="#[10d]">&gt;&gt;</a>&nbsp;&nbsp;&nbsp;SHT3X_GetTempAndHumiClkStretch
</UL>

<P><STRONG><a name="[10b]"></a>SHT3X_CalcTemperature</STRONG> (Thumb, 28 bytes, Stack size 8 bytes, hal_temhum.o(i.SHT3X_CalcTemperature))
<BR><BR>[Stack]<UL><LI>Max Depth = 28<LI>Call Chain = SHT3X_CalcTemperature &rArr; __aeabi_fsub &rArr; __aeabi_fadd &rArr; _float_epilogue
</UL>
<BR>[Calls]<UL><LI><a href="#[10a]">&gt;&gt;</a>&nbsp;&nbsp;&nbsp;__aeabi_fmul
<LI><a href="#[6f]">&gt;&gt;</a>&nbsp;&nbsp;&nbsp;__aeabi_ui2f
<LI><a href="#[63]">&gt;&gt;</a>&nbsp;&nbsp;&nbsp;__aeabi_fsub
<LI><a href="#[65]">&gt;&gt;</a>&nbsp;&nbsp;&nbsp;__aeabi_fdiv
</UL>
<BR>[Called By]<UL><LI><a href="#[10e]">&gt;&gt;</a>&nbsp;&nbsp;&nbsp;SHT3X_GetTempAndHumiPolling
<LI><a href="#[10d]">&gt;&gt;</a>&nbsp;&nbsp;&nbsp;SHT3X_GetTempAndHumiClkStretch
</UL>

<P><STRONG><a name="[112]"></a>SHT3X_Read2BytesAndCrc</STRONG> (Thumb, 74 bytes, Stack size 24 bytes, hal_temhum.o(i.SHT3X_Read2BytesAndCrc))
<BR><BR>[Stack]<UL><LI>Max Depth = 136<LI>Call Chain = SHT3X_Read2BytesAndCrc &rArr; I2c_ReadByte &rArr; I2c_sdaInOutInit &rArr; HAL_GPIO_Init
</UL>
<BR>[Calls]<UL><LI><a href="#[117]">&gt;&gt;</a>&nbsp;&nbsp;&nbsp;SHT3X_CalcCrc
<LI><a href="#[d5]">&gt;&gt;</a>&nbsp;&nbsp;&nbsp;I2c_ReadByte
</UL>
<BR>[Called By]<UL><LI><a href="#[116]">&gt;&gt;</a>&nbsp;&nbsp;&nbsp;SHT3x_ReadSerialNumber
<LI><a href="#[10e]">&gt;&gt;</a>&nbsp;&nbsp;&nbsp;SHT3X_GetTempAndHumiPolling
<LI><a href="#[10d]">&gt;&gt;</a>&nbsp;&nbsp;&nbsp;SHT3X_GetTempAndHumiClkStretch
</UL>

<P><STRONG><a name="[111]"></a>SHT3X_StartReadAccess</STRONG> (Thumb, 26 bytes, Stack size 8 bytes, hal_temhum.o(i.SHT3X_StartReadAccess))
<BR><BR>[Stack]<UL><LI>Max Depth = 104<LI>Call Chain = SHT3X_StartReadAccess &rArr; I2c_WriteByte &rArr; I2c_sdaInOutInit &rArr; HAL_GPIO_Init
</UL>
<BR>[Calls]<UL><LI><a href="#[dc]">&gt;&gt;</a>&nbsp;&nbsp;&nbsp;I2c_WriteByte
<LI><a href="#[da]">&gt;&gt;</a>&nbsp;&nbsp;&nbsp;I2c_StartCondition
</UL>
<BR>[Called By]<UL><LI><a href="#[116]">&gt;&gt;</a>&nbsp;&nbsp;&nbsp;SHT3x_ReadSerialNumber
<LI><a href="#[10e]">&gt;&gt;</a>&nbsp;&nbsp;&nbsp;SHT3X_GetTempAndHumiPolling
<LI><a href="#[10d]">&gt;&gt;</a>&nbsp;&nbsp;&nbsp;SHT3X_GetTempAndHumiClkStretch
</UL>

<P><STRONG><a name="[10f]"></a>SHT3X_StartWriteAccess</STRONG> (Thumb, 22 bytes, Stack size 8 bytes, hal_temhum.o(i.SHT3X_StartWriteAccess))
<BR><BR>[Stack]<UL><LI>Max Depth = 104<LI>Call Chain = SHT3X_StartWriteAccess &rArr; I2c_WriteByte &rArr; I2c_sdaInOutInit &rArr; HAL_GPIO_Init
</UL>
<BR>[Calls]<UL><LI><a href="#[dc]">&gt;&gt;</a>&nbsp;&nbsp;&nbsp;I2c_WriteByte
<LI><a href="#[da]">&gt;&gt;</a>&nbsp;&nbsp;&nbsp;I2c_StartCondition
</UL>
<BR>[Called By]<UL><LI><a href="#[116]">&gt;&gt;</a>&nbsp;&nbsp;&nbsp;SHT3x_ReadSerialNumber
<LI><a href="#[115]">&gt;&gt;</a>&nbsp;&nbsp;&nbsp;SHT3X_SoftReset
<LI><a href="#[10e]">&gt;&gt;</a>&nbsp;&nbsp;&nbsp;SHT3X_GetTempAndHumiPolling
<LI><a href="#[10d]">&gt;&gt;</a>&nbsp;&nbsp;&nbsp;SHT3X_GetTempAndHumiClkStretch
</UL>

<P><STRONG><a name="[110]"></a>SHT3X_WriteCommand</STRONG> (Thumb, 22 bytes, Stack size 16 bytes, hal_temhum.o(i.SHT3X_WriteCommand))
<BR><BR>[Stack]<UL><LI>Max Depth = 112<LI>Call Chain = SHT3X_WriteCommand &rArr; I2c_WriteByte &rArr; I2c_sdaInOutInit &rArr; HAL_GPIO_Init
</UL>
<BR>[Calls]<UL><LI><a href="#[dc]">&gt;&gt;</a>&nbsp;&nbsp;&nbsp;I2c_WriteByte
</UL>
<BR>[Called By]<UL><LI><a href="#[116]">&gt;&gt;</a>&nbsp;&nbsp;&nbsp;SHT3x_ReadSerialNumber
<LI><a href="#[115]">&gt;&gt;</a>&nbsp;&nbsp;&nbsp;SHT3X_SoftReset
<LI><a href="#[10e]">&gt;&gt;</a>&nbsp;&nbsp;&nbsp;SHT3X_GetTempAndHumiPolling
<LI><a href="#[10d]">&gt;&gt;</a>&nbsp;&nbsp;&nbsp;SHT3X_GetTempAndHumiClkStretch
</UL>

<P><STRONG><a name="[108]"></a>Serial_DelayUS</STRONG> (Thumb, 28 bytes, Stack size 0 bytes, hal_temhum.o(i.Serial_DelayUS))
<BR><BR>[Called By]<UL><LI><a href="#[14c]">&gt;&gt;</a>&nbsp;&nbsp;&nbsp;s_write_byte
<LI><a href="#[14b]">&gt;&gt;</a>&nbsp;&nbsp;&nbsp;s_transstart
<LI><a href="#[14d]">&gt;&gt;</a>&nbsp;&nbsp;&nbsp;s_read_byte
<LI><a href="#[146]">&gt;&gt;</a>&nbsp;&nbsp;&nbsp;s_measure
<LI><a href="#[106]">&gt;&gt;</a>&nbsp;&nbsp;&nbsp;s_connectionreset
<LI><a href="#[104]">&gt;&gt;</a>&nbsp;&nbsp;&nbsp;SHT1X_Init
</UL>

<P><STRONG><a name="[129]"></a>GetFskBandwidthRegValue</STRONG> (Thumb, 40 bytes, Stack size 0 bytes, sx1276.o(i.GetFskBandwidthRegValue))
<BR><BR>[Called By]<UL><LI><a href="#[48]">&gt;&gt;</a>&nbsp;&nbsp;&nbsp;SX1276SetRxConfig
</UL>

<P><STRONG><a name="[103]"></a>RxChainCalibration</STRONG> (Thumb, 138 bytes, Stack size 16 bytes, sx1276.o(i.RxChainCalibration))
<BR><BR>[Stack]<UL><LI>Max Depth = 104<LI>Call Chain = RxChainCalibration &rArr; __aeabi_dmul &rArr; _double_epilogue &rArr; _double_round
</UL>
<BR>[Calls]<UL><LI><a href="#[71]">&gt;&gt;</a>&nbsp;&nbsp;&nbsp;__aeabi_ui2d
<LI><a href="#[6d]">&gt;&gt;</a>&nbsp;&nbsp;&nbsp;__aeabi_dmul
<LI><a href="#[53]">&gt;&gt;</a>&nbsp;&nbsp;&nbsp;SX1276Write
<LI><a href="#[45]">&gt;&gt;</a>&nbsp;&nbsp;&nbsp;SX1276SetChannel
<LI><a href="#[54]">&gt;&gt;</a>&nbsp;&nbsp;&nbsp;SX1276Read
<LI><a href="#[74]">&gt;&gt;</a>&nbsp;&nbsp;&nbsp;__aeabi_d2uiz
</UL>
<BR>[Called By]<UL><LI><a href="#[42]">&gt;&gt;</a>&nbsp;&nbsp;&nbsp;SX1276Init
<LI><a href="#[3f]">&gt;&gt;</a>&nbsp;&nbsp;&nbsp;SX1276OnTimeoutIrq
</UL>

<P><STRONG><a name="[135]"></a>TimerInsertNewHeadTimer</STRONG> (Thumb, 32 bytes, Stack size 8 bytes, timer.o(i.TimerInsertNewHeadTimer))
<BR><BR>[Stack]<UL><LI>Max Depth = 16<LI>Call Chain = TimerInsertNewHeadTimer &rArr; TimerSetTimeout
</UL>
<BR>[Calls]<UL><LI><a href="#[136]">&gt;&gt;</a>&nbsp;&nbsp;&nbsp;TimerSetTimeout
</UL>
<BR>[Called By]<UL><LI><a href="#[11e]">&gt;&gt;</a>&nbsp;&nbsp;&nbsp;TimerStart
</UL>

<P><STRONG><a name="[139]"></a>TimerInsertTimer</STRONG> (Thumb, 76 bytes, Stack size 16 bytes, timer.o(i.TimerInsertTimer))
<BR><BR>[Stack]<UL><LI>Max Depth = 16<LI>Call Chain = TimerInsertTimer
</UL>
<BR>[Called By]<UL><LI><a href="#[11e]">&gt;&gt;</a>&nbsp;&nbsp;&nbsp;TimerStart
</UL>

<P><STRONG><a name="[136]"></a>TimerSetTimeout</STRONG> (Thumb, 26 bytes, Stack size 8 bytes, timer.o(i.TimerSetTimeout))
<BR><BR>[Stack]<UL><LI>Max Depth = 8<LI>Call Chain = TimerSetTimeout
</UL>
<BR>[Calls]<UL><LI><a href="#[138]">&gt;&gt;</a>&nbsp;&nbsp;&nbsp;RtcSetTimeout
<LI><a href="#[137]">&gt;&gt;</a>&nbsp;&nbsp;&nbsp;RtcGetAdjustedTimeoutValue
</UL>
<BR>[Called By]<UL><LI><a href="#[f9]">&gt;&gt;</a>&nbsp;&nbsp;&nbsp;TimerIrqHandler
<LI><a href="#[11d]">&gt;&gt;</a>&nbsp;&nbsp;&nbsp;TimerStop
<LI><a href="#[135]">&gt;&gt;</a>&nbsp;&nbsp;&nbsp;TimerInsertNewHeadTimer
</UL>

<P><STRONG><a name="[13f]"></a>_fp_digits</STRONG> (Thumb, 334 bytes, Stack size 56 bytes, printfa.o(i._fp_digits), UNUSED)
<BR><BR>[Calls]<UL><LI><a href="#[6d]">&gt;&gt;</a>&nbsp;&nbsp;&nbsp;__aeabi_dmul
<LI><a href="#[66]">&gt;&gt;</a>&nbsp;&nbsp;&nbsp;__aeabi_dadd
<LI><a href="#[fd]">&gt;&gt;</a>&nbsp;&nbsp;&nbsp;__aeabi_cdrcmple
<LI><a href="#[6e]">&gt;&gt;</a>&nbsp;&nbsp;&nbsp;__aeabi_ddiv
<LI><a href="#[76]">&gt;&gt;</a>&nbsp;&nbsp;&nbsp;__aeabi_uldivmod
<LI><a href="#[78]">&gt;&gt;</a>&nbsp;&nbsp;&nbsp;__aeabi_d2ulz
</UL>
<BR>[Called By]<UL><LI><a href="#[13d]">&gt;&gt;</a>&nbsp;&nbsp;&nbsp;_printf_core
</UL>

<P><STRONG><a name="[13d]"></a>_printf_core</STRONG> (Thumb, 1744 bytes, Stack size 136 bytes, printfa.o(i._printf_core), UNUSED)
<BR><BR>[Calls]<UL><LI><a href="#[76]">&gt;&gt;</a>&nbsp;&nbsp;&nbsp;__aeabi_uldivmod
<LI><a href="#[142]">&gt;&gt;</a>&nbsp;&nbsp;&nbsp;__aeabi_uidivmod
<LI><a href="#[140]">&gt;&gt;</a>&nbsp;&nbsp;&nbsp;_printf_pre_padding
<LI><a href="#[141]">&gt;&gt;</a>&nbsp;&nbsp;&nbsp;_printf_post_padding
<LI><a href="#[13f]">&gt;&gt;</a>&nbsp;&nbsp;&nbsp;_fp_digits
</UL>
<BR>[Called By]<UL><LI><a href="#[13e]">&gt;&gt;</a>&nbsp;&nbsp;&nbsp;__0sprintf
<LI><a href="#[13c]">&gt;&gt;</a>&nbsp;&nbsp;&nbsp;__0printf
</UL>

<P><STRONG><a name="[141]"></a>_printf_post_padding</STRONG> (Thumb, 36 bytes, Stack size 24 bytes, printfa.o(i._printf_post_padding), UNUSED)
<BR><BR>[Called By]<UL><LI><a href="#[13d]">&gt;&gt;</a>&nbsp;&nbsp;&nbsp;_printf_core
</UL>

<P><STRONG><a name="[140]"></a>_printf_pre_padding</STRONG> (Thumb, 46 bytes, Stack size 24 bytes, printfa.o(i._printf_pre_padding), UNUSED)
<BR><BR>[Called By]<UL><LI><a href="#[13d]">&gt;&gt;</a>&nbsp;&nbsp;&nbsp;_printf_core
</UL>

<P><STRONG><a name="[41]"></a>_sputc</STRONG> (Thumb, 10 bytes, Stack size 0 bytes, printfa.o(i._sputc))
<BR><BR>[Called By]<UL><LI><a href="#[13e]">&gt;&gt;</a>&nbsp;&nbsp;&nbsp;__0sprintf
</UL>
<BR>[Address Reference Count : 1]<UL><LI> printfa.o(i.__0sprintf)
</UL><P>
<H3>
Undefined Global Symbols
</H3><HR></body></html>
