Component: ARM Compiler 5.05 update 1 (build 106) Tool: armlink [4d0efa]

==============================================================================

Section Cross References

    main.o(i.Init) refers to board.o(i.BoardInitMcu) for BoardInitMcu
    main.o(i.Init) refers to board.o(i.BoardInitPeriph) for BoardInitPeriph
    main.o(i.Init) refers to hal_key.o(i.keys_init) for keys_init
    main.o(i.Init) refers to tim-board.o(i.setTimer2Callback) for setTimer2Callback
    main.o(i.Init) refers to tim-board.o(i.Tim2McuInit) for Tim2McuInit
    main.o(i.Init) refers to timer_handles.o(i.Time2Handler) for Time2Handler
    main.o(i.OLED_State) refers to hal_oled.o(i.OLED_ShowString) for OLED_ShowString
    main.o(i.OLED_State) refers to gpio.o(i.GpioWrite) for GpioWrite
    main.o(i.OLED_State) refers to hal_oled.o(i.OLED_DrawBMP) for OLED_DrawBMP
    main.o(i.OLED_State) refers to main.o(.data) for .data
    main.o(i.OLED_State) refers to board.o(.bss) for Led1
    main.o(i.handlerPre10Ms) refers to stm32l1xx_hal.o(i.HAL_Delay) for HAL_Delay
    main.o(i.main) refers to main.o(i.Init) for Init
    main.o(i.main) refers to hal_oled.o(i.OLED_Init) for OLED_Init
    main.o(i.main) refers to ns_radio.o(i.NS_RadioInit) for NS_RadioInit
    main.o(i.main) refers to ns_radio.o(i.ReadRadioRxBuffer) for ReadRadioRxBuffer
    main.o(i.main) refers to main.o(i.OLED_State) for OLED_State
    main.o(i.main) refers to main.o(.data) for .data
    timer_handles.o(i.Time2Handler) refers to key_scaner.o(i.keyScanner) for keyScanner
    adc_reader.o(i.ADCS_Init) refers to adc.o(i.AdcInit) for AdcInit
    adc_reader.o(i.ADCS_Init) refers to adc_reader.o(.bss) for .bss
    adc_reader.o(i.AdcReadCh0) refers to adc_reader.o(.data) for .data
    adc_reader.o(i.AdcReadCh2) refers to adc_reader.o(.data) for .data
    adc_reader.o(i.AdcScanChannel) refers to adc.o(i.AdcReadChannel) for AdcReadChannel
    adc_reader.o(i.AdcScanChannel) refers to dfltui.o(.text) for __aeabi_ui2d
    adc_reader.o(i.AdcScanChannel) refers to dscalb.o(.text) for __ARM_scalbn
    adc_reader.o(i.AdcScanChannel) refers to dmul.o(.text) for __aeabi_dmul
    adc_reader.o(i.AdcScanChannel) refers to d2f.o(.text) for __aeabi_d2f
    adc_reader.o(i.AdcScanChannel) refers to adc_reader.o(.bss) for .bss
    adc_reader.o(i.AdcScanChannel) refers to adc_reader.o(.data) for .data
    configs.o(i.ReadFlashCfg) refers to flash.o(i.STMFLASH_ReadWord) for STMFLASH_ReadWord
    configs.o(i.ReadFlashCfg) refers to printf1.o(i.__0printf$1) for __2printf
    configs.o(i.ReadFlashCfg) refers to configs.o(.data) for .data
    configs.o(i.channelNumPP) refers to configs.o(.data) for .data
    configs.o(i.channelNumSS) refers to configs.o(.data) for .data
    configs.o(i.getChannelNum) refers to configs.o(.data) for .data
    configs.o(i.getCurrentPage) refers to configs.o(.data) for .data
    configs.o(i.getRfFrequency) refers to configs.o(.data) for .data
    configs.o(i.getSensorType) refers to configs.o(.data) for .data
    configs.o(i.setChannelNum) refers to configs.o(.data) for .data
    configs.o(i.setCurrentPage) refers to configs.o(.data) for .data
    configs.o(i.setRfFrequency) refers to configs.o(.data) for .data
    configs.o(i.setSensorType) refers to configs.o(.data) for .data
    ns_radio.o(i.NS_RadioEventsInit) refers to ns_radio.o(i.OnTxDone) for OnTxDone
    ns_radio.o(i.NS_RadioEventsInit) refers to ns_radio.o(.bss) for .bss
    ns_radio.o(i.NS_RadioEventsInit) refers to ns_radio.o(i.OnRxDone) for OnRxDone
    ns_radio.o(i.NS_RadioEventsInit) refers to ns_radio.o(i.OnTxTimeout) for OnTxTimeout
    ns_radio.o(i.NS_RadioEventsInit) refers to ns_radio.o(i.OnRxTimeout) for OnRxTimeout
    ns_radio.o(i.NS_RadioEventsInit) refers to ns_radio.o(i.OnRxError) for OnRxError
    ns_radio.o(i.NS_RadioEventsInit) refers to sx1276-board.o(.constdata) for Radio
    ns_radio.o(i.NS_RadioInit) refers to ns_radio.o(i.NS_RadioEventsInit) for NS_RadioEventsInit
    ns_radio.o(i.NS_RadioInit) refers to ns_radio.o(i.NS_RadioSetTxRxConfig) for NS_RadioSetTxRxConfig
    ns_radio.o(i.NS_RadioInit) refers to sx1276-board.o(.constdata) for Radio
    ns_radio.o(i.NS_RadioSetTxRxConfig) refers to sx1276-board.o(.constdata) for Radio
    ns_radio.o(i.OnRxDone) refers to memcpya.o(.text) for __aeabi_memcpy
    ns_radio.o(i.OnRxDone) refers to sx1276-board.o(.constdata) for Radio
    ns_radio.o(i.OnRxDone) refers to ns_radio.o(.data) for .data
    ns_radio.o(i.OnRxDone) refers to ns_radio.o(.bss) for .bss
    ns_radio.o(i.OnRxError) refers to sx1276-board.o(.constdata) for Radio
    ns_radio.o(i.OnRxTimeout) refers to sx1276-board.o(.constdata) for Radio
    ns_radio.o(i.OnTxDone) refers to sx1276-board.o(.constdata) for Radio
    ns_radio.o(i.OnTxTimeout) refers to sx1276-board.o(.constdata) for Radio
    ns_radio.o(i.ReadRadioRssiSnr) refers to ns_radio.o(.data) for .data
    ns_radio.o(i.ReadRadioRxBuffer) refers to memcpya.o(.text) for __aeabi_memcpy
[...]
    i.HAL_IncTick                            0x08000e74   Section        0  stm32l1xx_hal.o(i.HAL_IncTick)
    i.HAL_Init                               0x08000e84   Section        0  stm32l1xx_hal.o(i.HAL_Init)
    i.HAL_InitTick                           0x08000e9c   Section        0  stm32l1xx_hal.o(i.HAL_InitTick)
    i.HAL_MspInit                            0x08000ec4   Section        0  stm32l1xx_hal.o(i.HAL_MspInit)
    i.HAL_NVIC_EnableIRQ                     0x08000ec6   Section        0  stm32l1xx_hal_cortex.o(i.HAL_NVIC_EnableIRQ)
    i.HAL_NVIC_SetPriority                   0x08000edc   Section        0  stm32l1xx_hal_cortex.o(i.HAL_NVIC_SetPriority)
    i.HAL_NVIC_SetPriorityGrouping           0x08000f1c   Section        0  stm32l1xx_hal_cortex.o(i.HAL_NVIC_SetPriorityGrouping)
    i.HAL_PWREx_GetVoltageRange              0x08000f40   Section        0  stm32l1xx_hal_pwr_ex.o(i.HAL_PWREx_GetVoltageRange)
    i.HAL_RCCEx_PeriphCLKConfig              0x08000f50   Section        0  stm32l1xx_hal_rcc_ex.o(i.HAL_RCCEx_PeriphCLKConfig)
    i.HAL_RCC_ClockConfig                    0x080010b8   Section        0  stm32l1xx_hal_rcc.o(i.HAL_RCC_ClockConfig)
    i.HAL_RCC_GetHCLKFreq                    0x0800128c   Section        0  stm32l1xx_hal_rcc.o(i.HAL_RCC_GetHCLKFreq)
    i.HAL_RCC_GetSysClockFreq                0x08001298   Section        0  stm32l1xx_hal_rcc.o(i.HAL_RCC_GetSysClockFreq)
    i.HAL_RCC_OscConfig                      0x08001324   Section        0  stm32l1xx_hal_rcc.o(i.HAL_RCC_OscConfig)
    i.HAL_RTCEx_AlarmBEventCallback          0x08001a74   Section        0  stm32l1xx_hal_rtc_ex.o(i.HAL_RTCEx_AlarmBEventCallback)
    i.HAL_RTCEx_DeactivateWakeUpTimer        0x08001a76   Section        0  stm32l1xx_hal_rtc_ex.o(i.HAL_RTCEx_DeactivateWakeUpTimer)
    i.HAL_RTC_AlarmAEventCallback            0x08001af0   Section        0  stm32l1xx_hal_rtc.o(i.HAL_RTC_AlarmAEventCallback)
    i.HAL_RTC_AlarmIRQHandler                0x08001af4   Section        0  stm32l1xx_hal_rtc.o(i.HAL_RTC_AlarmIRQHandler)
    i.HAL_RTC_DeactivateAlarm                0x08001b50   Section        0  stm32l1xx_hal_rtc.o(i.HAL_RTC_DeactivateAlarm)
    i.HAL_RTC_GetAlarm                       0x08001c02   Section        0  stm32l1xx_hal_rtc_ex.o(i.HAL_RTC_GetAlarm)
    i.HAL_RTC_GetDate                        0x08001c70   Section        0  stm32l1xx_hal_rtc.o(i.HAL_RTC_GetDate)
    i.HAL_RTC_GetTime                        0x08001cb4   Section        0  stm32l1xx_hal_rtc_ex.o(i.HAL_RTC_GetTime)
    i.HAL_RTC_Init                           0x08001cfc   Section        0  stm32l1xx_hal_rtc.o(i.HAL_RTC_Init)
    i.HAL_RTC_MspInit                        0x08001d98   Section        0  stm32l1xx_hal_rtc.o(i.HAL_RTC_MspInit)
    i.HAL_RTC_SetAlarm_IT                    0x08001d9c   Section        0  stm32l1xx_hal_rtc_ex.o(i.HAL_RTC_SetAlarm_IT)
    i.HAL_RTC_SetDate                        0x08001f1c   Section        0  stm32l1xx_hal_rtc.o(i.HAL_RTC_SetDate)
    i.HAL_RTC_SetTime                        0x08001fe4   Section        0  stm32l1xx_hal_rtc.o(i.HAL_RTC_SetTime)
    i.HAL_RTC_WaitForSynchro                 0x080020cc   Section        0  stm32l1xx_hal_rtc_ex.o(i.HAL_RTC_WaitForSynchro)
    i.HAL_SPI_Init                           0x08002102   Section        0  stm32l1xx_hal_spi_ex.o(i.HAL_SPI_Init)
    i.HAL_SPI_MspInit                        0x0800217c   Section        0  stm32l1xx_hal_spi.o(i.HAL_SPI_MspInit)
    i.HAL_SYSTICK_CLKSourceConfig            0x0800217e   Section        0  stm32l1xx_hal_cortex.o(i.HAL_SYSTICK_CLKSourceConfig)
    i.HAL_SYSTICK_Callback                   0x08002196   Section        0  stm32l1xx_hal_cortex.o(i.HAL_SYSTICK_Callback)
    i.HAL_SYSTICK_Config                     0x08002198   Section        0  stm32l1xx_hal_cortex.o(i.HAL_SYSTICK_Config)
    i.HAL_SYSTICK_IRQHandler                 0x080021c0   Section        0  stm32l1xx_hal_cortex.o(i.HAL_SYSTICK_IRQHandler)
    i.HAL_TIM_Base_Init                      0x080021c8   Section        0  stm32l1xx_hal_tim.o(i.HAL_TIM_Base_Init)
    i.HAL_TIM_Base_MspInit                   0x08002200   Section        0  tim-board.o(i.HAL_TIM_Base_MspInit)
    i.HAL_TIM_Base_Start_IT                  0x08002260   Section        0  stm32l1xx_hal_tim.o(i.HAL_TIM_Base_Start_IT)
    i.HAL_TIM_IC_CaptureCallback             0x08002278   Section        0  stm32l1xx_hal_tim.o(i.HAL_TIM_IC_CaptureCallback)
    i.HAL_TIM_IRQHandler                     0x0800227a   Section        0  stm32l1xx_hal_tim.o(i.HAL_TIM_IRQHandler)
    i.HAL_TIM_OC_DelayElapsedCallback        0x080023a0   Section        0  stm32l1xx_hal_tim.o(i.HAL_TIM_OC_DelayElapsedCallback)
    i.HAL_TIM_PWM_PulseFinishedCallback      0x080023a2   Section        0  stm32l1xx_hal_tim.o(i.HAL_TIM_PWM_PulseFinishedCallback)
    i.HAL_TIM_PeriodElapsedCallback          0x080023a4   Section        0  tim-board.o(i.HAL_TIM_PeriodElapsedCallback)
    i.HAL_TIM_TriggerCallback                0x080023cc   Section        0  stm32l1xx_hal_tim.o(i.HAL_TIM_TriggerCallback)
    i.Init                                   0x080023d0   Section        0  main.o(i.Init)
    i.MemManage_Handler                      0x080023f4   Section        0  sysirqhandlers.o(i.MemManage_Handler)
    i.NMI_Handler                            0x080023f6   Section        0  sysirqhandlers.o(i.NMI_Handler)
    i.NS_RadioEventsInit                     0x080023f8   Section        0  ns_radio.o(i.NS_RadioEventsInit)
    i.NS_RadioInit                           0x08002434   Section        0  ns_radio.o(i.NS_RadioInit)
    i.NS_RadioSetTxRxConfig                  0x08002460   Section        0  ns_radio.o(i.NS_RadioSetTxRxConfig)
    i.NVIC_SetPriority                       0x080024c8   Section        0  stm32l1xx_hal_cortex.o(i.NVIC_SetPriority)
    NVIC_SetPriority                         0x080024c9   Thumb Code    32  stm32l1xx_hal_cortex.o(i.NVIC_SetPriority)
    i.OLED_Clear                             0x080024e8   Section        0  hal_oled.o(i.OLED_Clear)
    i.OLED_DrawBMP                           0x08002524   Section        0  hal_oled.o(i.OLED_DrawBMP)
    i.OLED_DrawBMP2                          0x0800253a   Section        0  hal_oled.o(i.OLED_DrawBMP2)
    i.OLED_Init                              0x0800257a   Section        0  hal_oled.o(i.OLED_Init)
    i.OLED_Init_Set_Inverse                  0x08002580   Section        0  hal_oled.o(i.OLED_Init_Set_Inverse)
    i.OLED_Set_Pos                           0x080026c8   Section        0  hal_oled.o(i.OLED_Set_Pos)
    i.OLED_ShowChar                          0x080026f4   Section        0  hal_oled.o(i.OLED_ShowChar)
    i.OLED_ShowString                        0x08002758   Section        0  hal_oled.o(i.OLED_ShowString)
    i.OLED_State                             0x0800278c   Section        0  main.o(i.OLED_State)
    i.OLED_WR_Byte                           0x0800288c   Section        0  hal_oled.o(i.OLED_WR_Byte)
    i.OnRxDone                               0x080028f4   Section        0  ns_radio.o(i.OnRxDone)
    i.OnRxError                              0x08002938   Section        0  ns_radio.o(i.OnRxError)
    i.OnRxTimeout                            0x08002950   Section        0  ns_radio.o(i.OnRxTimeout)
    i.OnTxDone                               0x08002968   Section        0  ns_radio.o(i.OnTxDone)
    i.OnTxTimeout                            0x08002980   Section        0  ns_radio.o(i.OnTxTimeout)
    i.RCC_SetFlashLatencyFromMSIRange        0x08002998   Section        0  stm32l1xx_hal_rcc.o(i.RCC_SetFlashLatencyFromMSIRange)
    RCC_SetFlashLatencyFromMSIRange          0x08002999   Thumb Code   112  stm32l1xx_hal_rcc.o(i.RCC_SetFlashLatencyFromMSIRange)
    i.RTC_Alarm_IRQHandler                   0x08002a10   Section        0  rtc-board.o(i.RTC_Alarm_IRQHandler)
    i.RTC_Bcd2ToByte                         0x08002a3c   Section        0  stm32l1xx_hal_rtc.o(i.RTC_Bcd2ToByte)
    i.RTC_ByteToBcd2                         0x08002a4e   Section        0  stm32l1xx_hal_rtc.o(i.RTC_ByteToBcd2)
    i.RTC_EnterInitMode                      0x08002a64   Section        0  stm32l1xx_hal_rtc.o(i.RTC_EnterInitMode)
    i.ReadRadioRxBuffer                      0x08002aa0   Section        0  ns_radio.o(i.ReadRadioRxBuffer)
    i.RtcComputeTimerTimeToAlarmTick         0x08002ac8   Section        0  rtc-board.o(i.RtcComputeTimerTimeToAlarmTick)
    RtcComputeTimerTimeToAlarmTick           0x08002ac9   Thumb Code   436  rtc-board.o(i.RtcComputeTimerTimeToAlarmTick)
    i.RtcComputeWakeUpTime                   0x08002ca4   Section        0  rtc-board.o(i.RtcComputeWakeUpTime)
    RtcComputeWakeUpTime                     0x08002ca5   Thumb Code   138  rtc-board.o(i.RtcComputeWakeUpTime)
    i.RtcConvertCalendarTickToTimerTime      0x08002d3c   Section        0  rtc-board.o(i.RtcConvertCalendarTickToTimerTime)
    RtcConvertCalendarTickToTimerTime        0x08002d3d   Thumb Code   280  rtc-board.o(i.RtcConvertCalendarTickToTimerTime)
    i.RtcGetAdjustedTimeoutValue             0x08002e68   Section        0  rtc-board.o(i.RtcGetAdjustedTimeoutValue)
    i.RtcGetCalendar                         0x08002e98   Section        0  rtc-board.o(i.RtcGetCalendar)
    RtcGetCalendar                           0x08002e99   Thumb Code    80  rtc-board.o(i.RtcGetCalendar)
    i.RtcGetElapsedAlarmTime                 0x08002ef0   Section        0  rtc-board.o(i.RtcGetElapsedAlarmTime)
    i.RtcInit                                0x08002f14   Section        0  rtc-board.o(i.RtcInit)
    i.RtcRecoverMcuStatus                    0x08002fa4   Section        0  rtc-board.o(i.RtcRecoverMcuStatus)
    i.RtcSetTimeout                          0x08002fe4   Section        0  rtc-board.o(i.RtcSetTimeout)
    i.RtcStartWakeUpAlarm                    0x08002fe8   Section        0  rtc-board.o(i.RtcStartWakeUpAlarm)
    RtcStartWakeUpAlarm                      0x08002fe9   Thumb Code   142  rtc-board.o(i.RtcStartWakeUpAlarm)
    i.RxChainCalibration                     0x0800307c   Section        0  sx1276.o(i.RxChainCalibration)
    RxChainCalibration                       0x0800307d   Thumb Code   138  sx1276.o(i.RxChainCalibration)
    i.SX1276CheckRfFrequency                 0x08003110   Section        0  sx1276-board.o(i.SX1276CheckRfFrequency)
    i.SX1276GetPaSelect                      0x08003114   Section        0  sx1276-board.o(i.SX1276GetPaSelect)
    i.SX1276GetStatus                        0x08003128   Section        0  sx1276.o(i.SX1276GetStatus)
    i.SX1276GetTimeOnAir                     0x08003134   Section        0  sx1276.o(i.SX1276GetTimeOnAir)
    i.SX1276Init                             0x0800332c   Section        0  sx1276.o(i.SX1276Init)
    i.SX1276IoInit                           0x080033a4   Section        0  sx1276-board.o(i.SX1276IoInit)
    i.SX1276IoIrqInit                        0x080033e4   Section        0  sx1276-board.o(i.SX1276IoIrqInit)
    i.SX1276IsChannelFree                    0x0800340c   Section        0  sx1276.o(i.SX1276IsChannelFree)
    i.SX1276OnDio0Irq                        0x08003444   Section        0  sx1276.o(i.SX1276OnDio0Irq)
    i.SX1276OnDio1Irq                        0x0800369c   Section        0  sx1276.o(i.SX1276OnDio1Irq)
    i.SX1276OnTimeoutIrq                     0x08003778   Section        0  sx1276.o(i.SX1276OnTimeoutIrq)
    i.SX1276Random                           0x08003858   Section        0  sx1276.o(i.SX1276Random)
    i.SX1276Read                             0x08003896   Section        0  sx1276.o(i.SX1276Read)
    i.SX1276ReadBuffer                       0x080038a8   Section        0  sx1276.o(i.SX1276ReadBuffer)
    i.SX1276ReadFifo                         0x080038f0   Section        0  sx1276.o(i.SX1276ReadFifo)
    i.SX1276ReadRssi                         0x080038fc   Section        0  sx1276.o(i.SX1276ReadRssi)
    i.SX1276Send                             0x08003940   Section        0  sx1276.o(i.SX1276Send)
    i.SX1276SetAntSw                         0x08003a38   Section        0  sx1276-board.o(i.SX1276SetAntSw)
    i.SX1276SetAntSwLowPower                 0x08003a3c   Section        0  sx1276-board.o(i.SX1276SetAntSwLowPower)
    i.SX1276SetChannel                       0x08003a4c   Section        0  sx1276.o(i.SX1276SetChannel)
    i.SX1276SetMaxPayloadLength              0x08003a90   Section        0  sx1276.o(i.SX1276SetMaxPayloadLength)
    i.SX1276SetModem                         0x08003ac4   Section        0  sx1276.o(i.SX1276SetModem)
    i.SX1276SetOpMode                        0x08003b3c   Section        0  sx1276.o(i.SX1276SetOpMode)
    i.SX1276SetPublicNetwork                 0x08003b6c   Section        0  sx1276.o(i.SX1276SetPublicNetwork)
    i.SX1276SetRfTxPower                     0x08003b94   Section        0  sx1276-board.o(i.SX1276SetRfTxPower)
    i.SX1276SetRx                            0x08003c38   Section        0  sx1276.o(i.SX1276SetRx)
    i.SX1276SetRxConfig                      0x08003e74   Section        0  sx1276.o(i.SX1276SetRxConfig)
    i.SX1276SetSleep                         0x08004108   Section        0  sx1276.o(i.SX1276SetSleep)
    i.SX1276SetStby                          0x08004130   Section        0  sx1276.o(i.SX1276SetStby)
    i.SX1276SetTx                            0x08004158   Section        0  sx1276.o(i.SX1276SetTx)
    i.SX1276SetTxConfig                      0x080041fc   Section        0  sx1276.o(i.SX1276SetTxConfig)
    i.SX1276SetTxContinuousWave              0x08004404   Section        0  sx1276.o(i.SX1276SetTxContinuousWave)
    i.SX1276StartCad                         0x0800449c   Section        0  sx1276.o(i.SX1276StartCad)
    i.SX1276Write                            0x080044dc   Section        0  sx1276.o(i.SX1276Write)
    i.SX1276WriteBuffer                      0x080044e8   Section        0  sx1276.o(i.SX1276WriteBuffer)
    i.SX1276WriteFifo                        0x08004530   Section        0  sx1276.o(i.SX1276WriteFifo)
    i.SpiFormat                              0x0800453a   Section        0  spi-board.o(i.SpiFormat)
    i.SpiFrequency                           0x0800456c   Section        0  spi-board.o(i.SpiFrequency)
    i.SpiInOut                               0x08004598   Section        0  spi-board.o(i.SpiInOut)
    i.SpiInit                                0x080045d0   Section        0  spi-board.o(i.SpiInit)
    i.SysTick_Handler                        0x080046e0   Section        0  board.o(i.SysTick_Handler)
    i.SystemClockConfig                      0x080046f0   Section        0  board.o(i.SystemClockConfig)
    SystemClockConfig                        0x080046f1   Thumb Code   146  board.o(i.SystemClockConfig)
    i.SystemClockReConfig                    0x0800478c   Section        0  board.o(i.SystemClockReConfig)
    SystemClockReConfig                      0x0800478d   Thumb Code   186  board.o(i.SystemClockReConfig)
    i.SystemInit                             0x08004854   Section        0  system_stm32l1xx.o(i.SystemInit)
    i.TIM2_IRQHandler                        0x080048a4   Section        0  tim-board.o(i.TIM2_IRQHandler)
    i.TIM3_IRQHandler                        0x080048b0   Section        0  tim-board.o(i.TIM3_IRQHandler)
    i.TIM_Base_SetConfig                     0x080048bc   Section        0  stm32l1xx_hal_tim.o(i.TIM_Base_SetConfig)
    TIM_Base_SetConfig                       0x080048bd   Thumb Code    86  stm32l1xx_hal_tim.o(i.TIM_Base_SetConfig)
    i.Tim2McuInit                            0x08004928   Section        0  tim-board.o(i.Tim2McuInit)
    i.Time2Handler                           0x080049b0   Section        0  timer_handles.o(i.Time2Handler)
    i.TimerInit                              0x080049b4   Section        0  timer.o(i.TimerInit)
    i.TimerInsertNewHeadTimer                0x080049c4   Section        0  timer.o(i.TimerInsertNewHeadTimer)
    TimerInsertNewHeadTimer                  0x080049c5   Thumb Code    32  timer.o(i.TimerInsertNewHeadTimer)
    i.TimerInsertTimer                       0x080049e8   Section        0  timer.o(i.TimerInsertTimer)
    TimerInsertTimer                         0x080049e9   Thumb Code    76  timer.o(i.TimerInsertTimer)
    i.TimerIrqHandler                        0x08004a38   Section        0  timer.o(i.TimerIrqHandler)
    i.TimerSetTimeout                        0x08004a8c   Section        0  timer.o(i.TimerSetTimeout)
    TimerSetTimeout                          0x08004a8d   Thumb Code    26  timer.o(i.TimerSetTimeout)
    i.TimerSetValue                          0x08004aac   Section        0  timer.o(i.TimerSetValue)
    i.TimerStart                             0x08004abc   Section        0  timer.o(i.TimerStart)
    i.TimerStop                              0x08004b1c   Section        0  timer.o(i.TimerStop)
    i.USART1_GetFlagStatus                   0x08004ba8   Section        0  usart1-board.o(i.USART1_GetFlagStatus)
    i.USART1_IRQHandler                      0x08004bbc   Section        0  usart1-board.o(i.USART1_IRQHandler)
    i.USART1_ReceiveData                     0x08004bf4   Section        0  usart1-board.o(i.USART1_ReceiveData)
    i.UsageFault_Handler                     0x08004c04   Section        0  sysirqhandlers.o(i.UsageFault_Handler)
    i.__0printf$1                            0x08004c08   Section        0  printf1.o(i.__0printf$1)
    i.__scatterload_copy                     0x08004c28   Section       14  handlers.o(i.__scatterload_copy)
    i.__scatterload_null                     0x08004c36   Section        2  handlers.o(i.__scatterload_null)
    i.__scatterload_zeroinit                 0x08004c38   Section       14  handlers.o(i.__scatterload_zeroinit)
    i._printf_core                           0x08004c48   Section        0  printf1.o(i._printf_core)
    _printf_core                             0x08004c49   Thumb Code   336  printf1.o(i._printf_core)
    i.ceil                                   0x08004d9c   Section        0  ceil.o(i.ceil)
    i.floor                                  0x08004e78   Section        0  floor.o(i.floor)
    i.fputc                                  0x08004f54   Section        0  uart.o(i.fputc)
    i.keyScanner                             0x08004f6c   Section        0  key_scaner.o(i.keyScanner)
    i.keys_init                              0x08004f88   Section        0  hal_key.o(i.keys_init)
    i.main                                   0x08004fcc   Section        0  main.o(i.main)
    i.memcpy1                                0x08004ff8   Section        0  utilities.o(i.memcpy1)
    i.round                                  0x0800500c   Section        0  round.o(i.round)
    i.scan_keys                              0x080050a0   Section        0  hal_key.o(i.scan_keys)
    i.setTimer2Callback                      0x0800517c   Section        0  tim-board.o(i.setTimer2Callback)
    .constdata                               0x08005188   Section       24  rtc-board.o(.constdata)
    DaysInMonth                              0x08005188   Data          12  rtc-board.o(.constdata)
    DaysInMonthLeapYear                      0x08005194   Data          12  rtc-board.o(.constdata)
    .constdata                               0x080051a0   Section       92  sx1276-board.o(.constdata)
    .constdata                               0x080051fc   Section       25  system_stm32l1xx.o(.constdata)
    .constdata                               0x08005215   Section     4848  hal_oled.o(.constdata)
    F8X16                                    0x08005215   Data        1520  hal_oled.o(.constdata)
    Hzk                                      0x08005805   Data        3328  hal_oled.o(.constdata)
    .constdata                               0x08006508   Section      224  sx1276.o(.constdata)
    .data                                    0x20000000   Section      577  main.o(.data)
    .data                                    0x20000242   Section        4  ns_radio.o(.data)
    RssiValue                                0x20000242   Data           1  ns_radio.o(.data)
    SnrValue                                 0x20000243   Data           1  ns_radio.o(.data)
    LoRaBufferSize                           0x20000244   Data           2  ns_radio.o(.data)
    .data                                    0x20000248   Section        4  key_scaner.o(.data)
    key_scan_tick                            0x20000248   Data           4  key_scaner.o(.data)
    .data                                    0x2000024c   Section        4  board.o(.data)
    McuInitialized                           0x2000024c   Data           1  board.o(.data)
    IrqNestLevel                             0x2000024d   Data           1  board.o(.data)
    BatteryVoltage                           0x2000024e   Data           2  board.o(.data)
    .data                                    0x20000250   Section       16  rtc-board.o(.data)
    CalendarRollOverReady                    0x20000250   Data           1  rtc-board.o(.data)
    RtcTimerEventAllowsLowPower              0x20000252   Data           1  rtc-board.o(.data)
    LowPowerDisableDuringTask                0x20000253   Data           1  rtc-board.o(.data)
    RtcInitialized                           0x20000254   Data           1  rtc-board.o(.data)
    WakeUpTimeInitialized                    0x20000255   Data           1  rtc-board.o(.data)
    Century                                  0x20000256   Data           2  rtc-board.o(.data)
    TimeoutValueError                        0x2000025c   Data           4  rtc-board.o(.data)
    .data                                    0x20000260   Section        1  sx1276-board.o(.data)
    RadioIsActive                            0x20000260   Data           1  sx1276-board.o(.data)
    .data                                    0x20000264   Section        8  tim-board.o(.data)
    .data                                    0x2000026c   Section        6  usart1-board.o(.data)
    .data                                    0x20000274   Section        4  system_stm32l1xx.o(.data)
    .data                                    0x20000278   Section        4  stm32l1xx_hal.o(.data)
    .data                                    0x2000027c   Section       14  hal_key.o(.data)
    key2_status                              0x20000281   Data           1  hal_key.o(.data)
    key2_down_cnt                            0x20000282   Data           1  hal_key.o(.data)
    key2_up_cnt                              0x20000283   Data           1  hal_key.o(.data)
    key3_status                              0x20000284   Data           1  hal_key.o(.data)
    key3_down_cnt                            0x20000285   Data           1  hal_key.o(.data)
    key3_up_cnt                              0x20000286   Data           1  hal_key.o(.data)
    key4_status                              0x20000287   Data           1  hal_key.o(.data)
    key4_down_cnt                            0x20000288   Data           1  hal_key.o(.data)
    key4_up_cnt                              0x20000289   Data           1  hal_key.o(.data)
    .data                                    0x2000028c   Section       16  sx1276.o(.data)
    RadioEvents                              0x2000028c   Data           4  sx1276.o(.data)
    .data                                    0x2000029c   Section        8  timer.o(.data)
    TimerListHead                            0x200002a0   Data           4  timer.o(.data)
    .data                                    0x200002a4   Section        4  uart.o(.data)
    .bss                                     0x200002a8   Section      283  ns_radio.o(.bss)
    RadioEvents                              0x200002a8   Data          28  ns_radio.o(.bss)
    LoRaBuffer                               0x200002c4   Data         255  ns_radio.o(.bss)
    .bss                                     0x200003c4   Section       48  board.o(.bss)
    .bss                                     0x200003f4   Section       64  gpio-board.o(.bss)
    GpioIrq                                  0x200003f4   Data          64  gpio-board.o(.bss)
    .bss                                     0x20000434   Section       52  rtc-board.o(.bss)
    .bss                                     0x20000468   Section      112  tim-board.o(.bss)
    .bss                                     0x200004d8   Section      276  usart1-board.o(.bss)
    Usart1Timer                              0x200005d8   Data          20  usart1-board.o(.bss)
    .bss                                     0x200005ec   Section       48  hal_oled.o(.bss)
    .bss                                     0x2000061c   Section      588  sx1276.o(.bss)
    RxTxBuffer                               0x2000061c   Data         256  sx1276.o(.bss)
    STACK                                    0x20000868   Section     1024  startup_stm32l151xb.o(STACK)

    Global Symbols

    Symbol Name                              Value     Ov Type        Size  Object(Section)

    BuildAttributes$$THM_ISAv4$P$D$K$B$S$PE$A:L22UL41UL21$X:L11$S22US41US21$IEEE1$IW$USESV6$~STKCKD$USESV7$~SHL$OTIME$ROPI$IEEEJ$EBA8$MICROLIB$REQ8$PRES8$EABIv2 0x00000000   Number         0  anon$$obj.o ABSOLUTE
    __ARM_use_no_argv                        0x00000000   Number         0  main.o ABSOLUTE
    __use_no_errno                           0x00000000   Number         0  useno.o ABSOLUTE
    __use_no_exception_handling              0x00000000   Number         0  useno.o ABSOLUTE
    __use_no_fp                              0x00000000   Number         0  useno.o ABSOLUTE
    __use_no_heap                            0x00000000   Number         0  useno.o ABSOLUTE
    __use_no_heap_region                     0x00000000   Number         0  useno.o ABSOLUTE
    __use_no_semihosting                     0x00000000   Number         0  useno.o ABSOLUTE
    __use_no_semihosting_swi                 0x00000000   Number         0  useno.o ABSOLUTE
    __use_no_signal_handling                 0x00000000   Number         0  useno.o ABSOLUTE
    _printf_a                                0x00000000   Number         0  stubs.o ABSOLUTE
    _printf_c                                0x00000000   Number         0  stubs.o ABSOLUTE
    _printf_charcount                        0x00000000   Number         0  stubs.o ABSOLUTE
    _printf_d                                0x00000000   Number         0  stubs.o ABSOLUTE
    _printf_e                                0x00000000   Number         0  stubs.o ABSOLUTE
    _printf_f                                0x00000000   Number         0  stubs.o ABSOLUTE
    _printf_flags                            0x00000000   Number         0  stubs.o ABSOLUTE
    _printf_fp_dec                           0x00000000   Number         0  stubs.o ABSOLUTE
    _printf_fp_hex                           0x00000000   Number         0  stubs.o ABSOLUTE
    _printf_g                                0x00000000   Number         0  stubs.o ABSOLUTE
    _printf_i                                0x00000000   Number         0  stubs.o ABSOLUTE
    _printf_int_dec                          0x00000000   Number         0  stubs.o ABSOLUTE
    _printf_l                                0x00000000   Number         0  stubs.o ABSOLUTE
    _printf_lc                               0x00000000   Number         0  stubs.o ABSOLUTE
    _printf_ll                               0x00000000   Number         0  stubs.o ABSOLUTE
    _printf_lld                              0x00000000   Number         0  stubs.o ABSOLUTE
    _printf_lli                              0x00000000   Number         0  stubs.o ABSOLUTE
    _printf_llo                              0x00000000   Number         0  stubs.o ABSOLUTE
    _printf_llu                              0x00000000   Number         0  stubs.o ABSOLUTE
    _printf_llx                              0x00000000   Number         0  stubs.o ABSOLUTE
    _printf_longlong_dec                     0x00000000   Number         0  stubs.o ABSOLUTE
    _printf_longlong_hex                     0x00000000   Number         0  stubs.o ABSOLUTE
    _printf_longlong_oct                     0x00000000   Number         0  stubs.o ABSOLUTE
    _printf_ls                               0x00000000   Number         0  stubs.o ABSOLUTE
    _printf_mbtowc                           0x00000000   Number         0  stubs.o ABSOLUTE
    _printf_n                                0x00000000   Number         0  stubs.o ABSOLUTE
    _printf_o                                0x00000000   Number         0  stubs.o ABSOLUTE
    _printf_p                                0x00000000   Number         0  stubs.o ABSOLUTE
    _printf_percent                          0x00000000   Number         0  stubs.o ABSOLUTE
    _printf_pre_padding                      0x00000000   Number         0  stubs.o ABSOLUTE
    _printf_return_value                     0x00000000   Number         0  stubs.o ABSOLUTE
    _printf_s                                0x00000000   Number         0  stubs.o ABSOLUTE
    _printf_sizespec                         0x00000000   Number         0  stubs.o ABSOLUTE
    _printf_str                              0x00000000   Number         0  stubs.o ABSOLUTE
    _printf_truncate_signed                  0x00000000   Number         0  stubs.o ABSOLUTE
    _printf_truncate_unsigned                0x00000000   Number         0  stubs.o ABSOLUTE
    _printf_u                                0x00000000   Number         0  stubs.o ABSOLUTE
    _printf_wc                               0x00000000   Number         0  stubs.o ABSOLUTE
    _printf_wctomb                           0x00000000   Number         0  stubs.o ABSOLUTE
    _printf_widthprec                        0x00000000   Number         0  stubs.o ABSOLUTE
    _printf_x                                0x00000000   Number         0  stubs.o ABSOLUTE
    __cpp_initialize__aeabi_                  - Undefined Weak Reference
    __cxa_finalize                            - Undefined Weak Reference
    _clock_init                               - Undefined Weak Reference
    _microlib_exit                            - Undefined Weak Reference
    __Vectors_Size                           0x000000f4   Number         0  startup_stm32l151xb.o ABSOLUTE
    __Vectors                                0x08000000   Data           4  startup_stm32l151xb.o(RESET)
    __Vectors_End                            0x080000f4   Data           0  startup_stm32l151xb.o(RESET)
    __main                                   0x080000f5   Thumb Code     0  entry.o(.ARM.Collect$$$$00000000)
    _main_stk                                0x080000f5   Thumb Code     0  entry2.o(.ARM.Collect$$$$00000001)
    _main_scatterload                        0x080000f9   Thumb Code     0  entry5.o(.ARM.Collect$$$$00000004)
    __main_after_scatterload                 0x080000fd   Thumb Code     0  entry5.o(.ARM.Collect$$$$00000004)
    _main_clock                              0x080000fd   Thumb Code     0  entry7b.o(.ARM.Collect$$$$00000008)
    _main_cpp_init                           0x080000fd   Thumb Code     0  entry8b.o(.ARM.Collect$$$$0000000A)
    _main_init                               0x080000fd   Thumb Code     0  entry9a.o(.ARM.Collect$$$$0000000B)
    __rt_final_cpp                           0x08000105   Thumb Code     0  entry10a.o(.ARM.Collect$$$$0000000D)
    __rt_final_exit                          0x08000105   Thumb Code     0  entry11a.o(.ARM.Collect$$$$0000000F)
    Reset_Handler                            0x08000109   Thumb Code     8  startup_stm32l151xb.o(.text)
    HardFault_Handler                        0x08000113   Thumb Code     2  startup_stm32l151xb.o(.text)
    SVC_Handler                              0x0800011b   Thumb Code     2  startup_stm32l151xb.o(.text)
    PendSV_Handler                           0x0800011f   Thumb Code     2  startup_stm32l151xb.o(.text)
    ADC1_IRQHandler                          0x08000123   Thumb Code     0  startup_stm32l151xb.o(.text)
    COMP_IRQHandler                          0x08000123   Thumb Code     0  startup_stm32l151xb.o(.text)
    DAC_IRQHandler                           0x08000123   Thumb Code     0  startup_stm32l151xb.o(.text)
    DMA1_Channel1_IRQHandler                 0x08000123   Thumb Code     0  startup_stm32l151xb.o(.text)
    DMA1_Channel2_IRQHandler                 0x08000123   Thumb Code     0  startup_stm32l151xb.o(.text)
    DMA1_Channel3_IRQHandler                 0x08000123   Thumb Code     0  startup_stm32l151xb.o(.text)
    DMA1_Channel4_IRQHandler                 0x08000123   Thumb Code     0  startup_stm32l151xb.o(.text)
    DMA1_Channel5_IRQHandler                 0x08000123   Thumb Code     0  startup_stm32l151xb.o(.text)
    DMA1_Channel6_IRQHandler                 0x08000123   Thumb Code     0  startup_stm32l151xb.o(.text)
    DMA1_Channel7_IRQHandler                 0x08000123   Thumb Code     0  startup_stm32l151xb.o(.text)
    FLASH_IRQHandler                         0x08000123   Thumb Code     0  startup_stm32l151xb.o(.text)
    I2C1_ER_IRQHandler                       0x08000123   Thumb Code     0  startup_stm32l151xb.o(.text)
    I2C1_EV_IRQHandler                       0x08000123   Thumb Code     0  startup_stm32l151xb.o(.text)
    I2C2_ER_IRQHandler                       0x08000123   Thumb Code     0  startup_stm32l151xb.o(.text)
    I2C2_EV_IRQHandler                       0x08000123   Thumb Code     0  startup_stm32l151xb.o(.text)
    PVD_IRQHandler                           0x08000123   Thumb Code     0  startup_stm32l151xb.o(.text)
    RCC_IRQHandler                           0x08000123   Thumb Code     0  startup_stm32l151xb.o(.text)
    RTC_WKUP_IRQHandler                      0x08000123   Thumb Code     0  startup_stm32l151xb.o(.text)
    SPI1_IRQHandler                          0x08000123   Thumb Code     0  startup_stm32l151xb.o(.text)
    SPI2_IRQHandler                          0x08000123   Thumb Code     0  startup_stm32l151xb.o(.text)
    TAMPER_STAMP_IRQHandler                  0x08000123   Thumb Code     0  startup_stm32l151xb.o(.text)
    TIM10_IRQHandler                         0x08000123   Thumb Code     0  startup_stm32l151xb.o(.text)
    TIM11_IRQHandler                         0x08000123   Thumb Code     0  startup_stm32l151xb.o(.text)
    TIM4_IRQHandler                          0x08000123   Thumb Code     0  startup_stm32l151xb.o(.text)
    TIM6_IRQHandler                          0x08000123   Thumb Code     0  startup_stm32l151xb.o(.text)
    TIM7_IRQHandler                          0x08000123   Thumb Code     0  startup_stm32l151xb.o(.text)
    TIM9_IRQHandler                          0x08000123   Thumb Code     0  startup_stm32l151xb.o(.text)
    USART2_IRQHandler                        0x08000123   Thumb Code     0  startup_stm32l151xb.o(.text)
    USART3_IRQHandler                        0x08000123   Thumb Code     0  startup_stm32l151xb.o(.text)
    USB_FS_WKUP_IRQHandler                   0x08000123   Thumb Code     0  startup_stm32l151xb.o(.text)
    USB_HP_IRQHandler                        0x08000123   Thumb Code     0  startup_stm32l151xb.o(.text)
    USB_LP_IRQHandler                        0x08000123   Thumb Code     0  startup_stm32l151xb.o(.text)
    WWDG_IRQHandler                          0x08000123   Thumb Code     0  startup_stm32l151xb.o(.text)
    __aeabi_memcpy                           0x0800012d   Thumb Code    36  memcpya.o(.text)
    __aeabi_memcpy4                          0x0800012d   Thumb Code     0  memcpya.o(.text)
    __aeabi_memcpy8                          0x0800012d   Thumb Code     0  memcpya.o(.text)
    __aeabi_memset                           0x08000151   Thumb Code    14  memseta.o(.text)
    __aeabi_memset4                          0x08000151   Thumb Code     0  memseta.o(.text)
    __aeabi_memset8                          0x08000151   Thumb Code     0  memseta.o(.text)
    __aeabi_memclr                           0x0800015f   Thumb Code     4  memseta.o(.text)
    __aeabi_memclr4                          0x0800015f   Thumb Code     0  memseta.o(.text)
    __aeabi_memclr8                          0x0800015f   Thumb Code     0  memseta.o(.text)
    _memset$wrapper                          0x08000163   Thumb Code    18  memseta.o(.text)
    __aeabi_dadd                             0x08000175   Thumb Code   322  dadd.o(.text)
    __aeabi_dsub                             0x080002b7   Thumb Code     6  dadd.o(.text)
    __aeabi_drsub                            0x080002bd   Thumb Code     6  dadd.o(.text)
    __aeabi_dmul                             0x080002c3   Thumb Code   228  dmul.o(.text)
    __aeabi_ddiv                             0x080003a7   Thumb Code   222  ddiv.o(.text)
    __ARM_scalbn                             0x08000485   Thumb Code    46  dscalb.o(.text)
    scalbn                                   0x08000485   Thumb Code     0  dscalb.o(.text)
    __aeabi_i2d                              0x080004b3   Thumb Code    34  dflti.o(.text)
    __aeabi_ui2d                             0x080004d5   Thumb Code    26  dfltui.o(.text)
    __aeabi_d2iz                             0x080004ef   Thumb Code    62  dfixi.o(.text)
    __aeabi_d2uiz                            0x0800052d   Thumb Code    50  dfixui.o(.text)
    __aeabi_cdcmpeq                          0x08000561   Thumb Code     0  cdcmple.o(.text)
    __aeabi_cdcmple                          0x08000561   Thumb Code    48  cdcmple.o(.text)
    __aeabi_cdrcmple                         0x08000591   Thumb Code    48  cdrcmple.o(.text)
    __aeabi_uidiv                            0x080005c1   Thumb Code     0  uidiv.o(.text)
    __aeabi_uidivmod                         0x080005c1   Thumb Code    44  uidiv.o(.text)
    __aeabi_llsl                             0x080005ed   Thumb Code    30  llshl.o(.text)
    _ll_shift_l                              0x080005ed   Thumb Code     0  llshl.o(.text)
    __aeabi_llsr                             0x0800060b   Thumb Code    32  llushr.o(.text)
    _ll_ushift_r                             0x0800060b   Thumb Code     0  llushr.o(.text)
    __aeabi_lasr                             0x0800062b   Thumb Code    36  llsshr.o(.text)
    _ll_sshift_r                             0x0800062b   Thumb Code     0  llsshr.o(.text)
    __I$use$fp                               0x0800064f   Thumb Code     0  iusefp.o(.text)
    _double_round                            0x0800064f   Thumb Code    30  depilogue.o(.text)
    _double_epilogue                         0x0800066d   Thumb Code   156  depilogue.o(.text)
    _drnd                                    0x08000709   Thumb Code   132  drnd.o(.text)
    __scatterload                            0x08000791   Thumb Code    28  init.o(.text)
    __scatterload_rt2                        0x08000791   Thumb Code     0  init.o(.text)
    __decompress                             0x080007b5   Thumb Code     0  __dczerorl2.o(.text)
    __decompress1                            0x080007b5   Thumb Code    86  __dczerorl2.o(.text)
    BlockLowPowerDuringTask                  0x0800080d   Thumb Code    16  rtc-board.o(i.BlockLowPowerDuringTask)
    BoardDisableIrq                          0x08000821   Thumb Code    12  board.o(i.BoardDisableIrq)
    BoardEnableIrq                           0x08000831   Thumb Code    18  board.o(i.BoardEnableIrq)
    BoardInitMcu                             0x08000849   Thumb Code   112  board.o(i.BoardInitMcu)
    BoardInitPeriph                          0x080008c1   Thumb Code    90  board.o(i.BoardInitPeriph)
    BusFault_Handler                         0x08000921   Thumb Code     2  sysirqhandlers.o(i.BusFault_Handler)
    DebugMon_Handler                         0x08000923   Thumb Code     2  sysirqhandlers.o(i.DebugMon_Handler)
    DelayMs                                  0x08000925   Thumb Code     4  delay.o(i.DelayMs)
    EXTI0_IRQHandler                         0x08000929   Thumb Code    16  gpio-board.o(i.EXTI0_IRQHandler)
    EXTI15_10_IRQHandler                     0x08000939   Thumb Code    58  gpio-board.o(i.EXTI15_10_IRQHandler)
    EXTI1_IRQHandler                         0x08000973   Thumb Code    16  gpio-board.o(i.EXTI1_IRQHandler)
    EXTI2_IRQHandler                         0x08000983   Thumb Code    16  gpio-board.o(i.EXTI2_IRQHandler)
    EXTI3_IRQHandler                         0x08000993   Thumb Code    16  gpio-board.o(i.EXTI3_IRQHandler)
    EXTI4_IRQHandler                         0x080009a3   Thumb Code    16  gpio-board.o(i.EXTI4_IRQHandler)
    EXTI9_5_IRQHandler                       0x080009b3   Thumb Code    44  gpio-board.o(i.EXTI9_5_IRQHandler)
    GpioInit                                 0x08000a0d   Thumb Code    16  gpio.o(i.GpioInit)
    GpioMcuInit                              0x08000a1d   Thumb Code   234  gpio-board.o(i.GpioMcuInit)
    GpioMcuSetInterrupt                      0x08000b21   Thumb Code   246  gpio-board.o(i.GpioMcuSetInterrupt)
    GpioMcuWrite                             0x08000c29   Thumb Code    20  gpio-board.o(i.GpioMcuWrite)
    GpioSetInterrupt                         0x08000c3d   Thumb Code     4  gpio.o(i.GpioSetInterrupt)
    GpioWrite                                0x08000c41   Thumb Code     4  gpio.o(i.GpioWrite)
    HAL_DBGMCU_EnableDBGSleepMode            0x08000c45   Thumb Code    12  stm32l1xx_hal.o(i.HAL_DBGMCU_EnableDBGSleepMode)
    HAL_DBGMCU_EnableDBGStandbyMode          0x08000c55   Thumb Code    12  stm32l1xx_hal.o(i.HAL_DBGMCU_EnableDBGStandbyMode)
    HAL_DBGMCU_EnableDBGStopMode             0x08000c65   Thumb Code    12  stm32l1xx_hal.o(i.HAL_DBGMCU_EnableDBGStopMode)
    HAL_Delay                                0x08000c75   Thumb Code    22  stm32l1xx_hal.o(i.HAL_Delay)
    HAL_GPIO_EXTI_Callback                   0x08000c8d   Thumb Code    30  gpio-board.o(i.HAL_GPIO_EXTI_Callback)
    HAL_GPIO_EXTI_IRQHandler                 0x08000cb1   Thumb Code    18  stm32l1xx_hal_gpio.o(i.HAL_GPIO_EXTI_IRQHandler)
    HAL_GPIO_Init                            0x08000cc9   Thumb Code   364  stm32l1xx_hal_gpio.o(i.HAL_GPIO_Init)
    HAL_GPIO_ReadPin                         0x08000e55   Thumb Code    10  stm32l1xx_hal_gpio.o(i.HAL_GPIO_ReadPin)
    HAL_GPIO_WritePin                        0x08000e5f   Thumb Code    10  stm32l1xx_hal_gpio.o(i.HAL_GPIO_WritePin)
    HAL_GetTick                              0x08000e69   Thumb Code     6  stm32l1xx_hal.o(i.HAL_GetTick)
    HAL_IncTick                              0x08000e75   Thumb Code    10  stm32l1xx_hal.o(i.HAL_IncTick)
    HAL_Init                                 0x08000e85   Thumb Code    22  stm32l1xx_hal.o(i.HAL_Init)
    HAL_InitTick                             0x08000e9d   Thumb Code    34  stm32l1xx_hal.o(i.HAL_InitTick)
    HAL_MspInit                              0x08000ec5   Thumb Code     2  stm32l1xx_hal.o(i.HAL_MspInit)
    HAL_NVIC_EnableIRQ                       0x08000ec7   Thumb Code    22  stm32l1xx_hal_cortex.o(i.HAL_NVIC_EnableIRQ)
    HAL_NVIC_SetPriority                     0x08000edd   Thumb Code    60  stm32l1xx_hal_cortex.o(i.HAL_NVIC_SetPriority)
    HAL_NVIC_SetPriorityGrouping             0x08000f1d   Thumb Code    26  stm32l1xx_hal_cortex.o(i.HAL_NVIC_SetPriorityGrouping)
    HAL_PWREx_GetVoltageRange                0x08000f41   Thumb Code    10  stm32l1xx_hal_pwr_ex.o(i.HAL_PWREx_GetVoltageRange)
    HAL_RCCEx_PeriphCLKConfig                0x08000f51   Thumb Code   348  stm32l1xx_hal_rcc_ex.o(i.HAL_RCCEx_PeriphCLKConfig)
    HAL_RCC_ClockConfig                      0x080010b9   Thumb Code   450  stm32l1xx_hal_rcc.o(i.HAL_RCC_ClockConfig)
    HAL_RCC_GetHCLKFreq                      0x0800128d   Thumb Code     6  stm32l1xx_hal_rcc.o(i.HAL_RCC_GetHCLKFreq)
    HAL_RCC_GetSysClockFreq                  0x08001299   Thumb Code   122  stm32l1xx_hal_rcc.o(i.HAL_RCC_GetSysClockFreq)
    HAL_RCC_OscConfig                        0x08001325   Thumb Code  1860  stm32l1xx_hal_rcc.o(i.HAL_RCC_OscConfig)
    HAL_RTCEx_AlarmBEventCallback            0x08001a75   Thumb Code     2  stm32l1xx_hal_rtc_ex.o(i.HAL_RTCEx_AlarmBEventCallback)
    HAL_RTCEx_DeactivateWakeUpTimer          0x08001a77   Thumb Code   122  stm32l1xx_hal_rtc_ex.o(i.HAL_RTCEx_DeactivateWakeUpTimer)
    HAL_RTC_AlarmAEventCallback              0x08001af1   Thumb Code     2  stm32l1xx_hal_rtc.o(i.HAL_RTC_AlarmAEventCallback)
    HAL_RTC_AlarmIRQHandler                  0x08001af5   Thumb Code    86  stm32l1xx_hal_rtc.o(i.HAL_RTC_AlarmIRQHandler)
    HAL_RTC_DeactivateAlarm                  0x08001b51   Thumb Code   178  stm32l1xx_hal_rtc.o(i.HAL_RTC_DeactivateAlarm)
    HAL_RTC_GetAlarm                         0x08001c03   Thumb Code   110  stm32l1xx_hal_rtc_ex.o(i.HAL_RTC_GetAlarm)
    HAL_RTC_GetDate                          0x08001c71   Thumb Code    62  stm32l1xx_hal_rtc.o(i.HAL_RTC_GetDate)
    HAL_RTC_GetTime                          0x08001cb5   Thumb Code    66  stm32l1xx_hal_rtc_ex.o(i.HAL_RTC_GetTime)
    HAL_RTC_Init                             0x08001cfd   Thumb Code   150  stm32l1xx_hal_rtc.o(i.HAL_RTC_Init)
    HAL_RTC_MspInit                          0x08001d99   Thumb Code     2  stm32l1xx_hal_rtc.o(i.HAL_RTC_MspInit)
    HAL_RTC_SetAlarm_IT                      0x08001d9d   Thumb Code   378  stm32l1xx_hal_rtc_ex.o(i.HAL_RTC_SetAlarm_IT)
    HAL_RTC_SetDate                          0x08001f1d   Thumb Code   196  stm32l1xx_hal_rtc.o(i.HAL_RTC_SetDate)
    HAL_RTC_SetTime                          0x08001fe5   Thumb Code   228  stm32l1xx_hal_rtc.o(i.HAL_RTC_SetTime)
    HAL_RTC_WaitForSynchro                   0x080020cd   Thumb Code    54  stm32l1xx_hal_rtc_ex.o(i.HAL_RTC_WaitForSynchro)
    HAL_SPI_Init                             0x08002103   Thumb Code   122  stm32l1xx_hal_spi_ex.o(i.HAL_SPI_Init)
    HAL_SPI_MspInit                          0x0800217d   Thumb Code     2  stm32l1xx_hal_spi.o(i.HAL_SPI_MspInit)
    HAL_SYSTICK_CLKSourceConfig              0x0800217f   Thumb Code    24  stm32l1xx_hal_cortex.o(i.HAL_SYSTICK_CLKSourceConfig)
    HAL_SYSTICK_Callback                     0x08002197   Thumb Code     2  stm32l1xx_hal_cortex.o(i.HAL_SYSTICK_Callback)
    HAL_SYSTICK_Config                       0x08002199   Thumb Code    40  stm32l1xx_hal_cortex.o(i.HAL_SYSTICK_Config)
    HAL_SYSTICK_IRQHandler                   0x080021c1   Thumb Code     8  stm32l1xx_hal_cortex.o(i.HAL_SYSTICK_IRQHandler)
    HAL_TIM_Base_Init                        0x080021c9   Thumb Code    54  stm32l1xx_hal_tim.o(i.HAL_TIM_Base_Init)
    HAL_TIM_Base_MspInit                     0x08002201   Thumb Code    86  tim-board.o(i.HAL_TIM_Base_MspInit)
    HAL_TIM_Base_Start_IT                    0x08002261   Thumb Code    24  stm32l1xx_hal_tim.o(i.HAL_TIM_Base_Start_IT)
    HAL_TIM_IC_CaptureCallback               0x08002279   Thumb Code     2  stm32l1xx_hal_tim.o(i.HAL_TIM_IC_CaptureCallback)
    HAL_TIM_IRQHandler                       0x0800227b   Thumb Code   294  stm32l1xx_hal_tim.o(i.HAL_TIM_IRQHandler)
    HAL_TIM_OC_DelayElapsedCallback          0x080023a1   Thumb Code     2  stm32l1xx_hal_tim.o(i.HAL_TIM_OC_DelayElapsedCallback)
    HAL_TIM_PWM_PulseFinishedCallback        0x080023a3   Thumb Code     2  stm32l1xx_hal_tim.o(i.HAL_TIM_PWM_PulseFinishedCallback)
    HAL_TIM_PeriodElapsedCallback            0x080023a5   Thumb Code    30  tim-board.o(i.HAL_TIM_PeriodElapsedCallback)
    HAL_TIM_TriggerCallback                  0x080023cd   Thumb Code     2  stm32l1xx_hal_tim.o(i.HAL_TIM_TriggerCallback)
    Init                                     0x080023d1   Thumb Code    30  main.o(i.Init)
    MemManage_Handler                        0x080023f5   Thumb Code     2  sysirqhandlers.o(i.MemManage_Handler)
    NMI_Handler                              0x080023f7   Thumb Code     2  sysirqhandlers.o(i.NMI_Handler)
    NS_RadioEventsInit                       0x080023f9   Thumb Code    30  ns_radio.o(i.NS_RadioEventsInit)
    NS_RadioInit                             0x08002435   Thumb Code    38  ns_radio.o(i.NS_RadioInit)
    NS_RadioSetTxRxConfig                    0x08002461   Thumb Code    98  ns_radio.o(i.NS_RadioSetTxRxConfig)
    OLED_Clear                               0x080024e9   Thumb Code    60  hal_oled.o(i.OLED_Clear)
    OLED_DrawBMP                             0x08002525   Thumb Code    22  hal_oled.o(i.OLED_DrawBMP)
    OLED_DrawBMP2                            0x0800253b   Thumb Code    64  hal_oled.o(i.OLED_DrawBMP2)
    OLED_Init                                0x0800257b   Thumb Code     6  hal_oled.o(i.OLED_Init)
    OLED_Init_Set_Inverse                    0x08002581   Thumb Code   324  hal_oled.o(i.OLED_Init_Set_Inverse)
    OLED_Set_Pos                             0x080026c9   Thumb Code    44  hal_oled.o(i.OLED_Set_Pos)
    OLED_ShowChar                            0x080026f5   Thumb Code    94  hal_oled.o(i.OLED_ShowChar)
    OLED_ShowString                          0x08002759   Thumb Code    50  hal_oled.o(i.OLED_ShowString)
    OLED_State                               0x0800278d   Thumb Code   218  main.o(i.OLED_State)
    OLED_WR_Byte                             0x0800288d   Thumb Code    98  hal_oled.o(i.OLED_WR_Byte)
    OnRxDone                                 0x080028f5   Thumb Code    56  ns_radio.o(i.OnRxDone)
    OnRxError                                0x08002939   Thumb Code    20  ns_radio.o(i.OnRxError)
    OnRxTimeout                              0x08002951   Thumb Code    20  ns_radio.o(i.OnRxTimeout)
    OnTxDone                                 0x08002969   Thumb Code    20  ns_radio.o(i.OnTxDone)
    OnTxTimeout                              0x08002981   Thumb Code    20  ns_radio.o(i.OnTxTimeout)
    RTC_Alarm_IRQHandler                     0x08002a11   Thumb Code    40  rtc-board.o(i.RTC_Alarm_IRQHandler)
    RTC_Bcd2ToByte                           0x08002a3d   Thumb Code    18  stm32l1xx_hal_rtc.o(i.RTC_Bcd2ToByte)
    RTC_ByteToBcd2                           0x08002a4f   Thumb Code    22  stm32l1xx_hal_rtc.o(i.RTC_ByteToBcd2)
    RTC_EnterInitMode                        0x08002a65   Thumb Code    58  stm32l1xx_hal_rtc.o(i.RTC_EnterInitMode)
    ReadRadioRxBuffer                        0x08002aa1   Thumb Code    32  ns_radio.o(i.ReadRadioRxBuffer)
    RtcGetAdjustedTimeoutValue               0x08002e69   Thumb Code    44  rtc-board.o(i.RtcGetAdjustedTimeoutValue)
    RtcGetElapsedAlarmTime                   0x08002ef1   Thumb Code    30  rtc-board.o(i.RtcGetElapsedAlarmTime)
    RtcInit                                  0x08002f15   Thumb Code   128  rtc-board.o(i.RtcInit)
    RtcRecoverMcuStatus                      0x08002fa5   Thumb Code    52  rtc-board.o(i.RtcRecoverMcuStatus)
    RtcSetTimeout                            0x08002fe5   Thumb Code     4  rtc-board.o(i.RtcSetTimeout)
    SX1276CheckRfFrequency                   0x08003111   Thumb Code     4  sx1276-board.o(i.SX1276CheckRfFrequency)
    SX1276GetPaSelect                        0x08003115   Thumb Code    14  sx1276-board.o(i.SX1276GetPaSelect)
    SX1276GetStatus                          0x08003129   Thumb Code     8  sx1276.o(i.SX1276GetStatus)
    SX1276GetTimeOnAir                       0x08003135   Thumb Code   462  sx1276.o(i.SX1276GetTimeOnAir)
    SX1276Init                               0x0800332d   Thumb Code   100  sx1276.o(i.SX1276Init)
    SX1276IoInit                             0x080033a5   Thumb Code    60  sx1276-board.o(i.SX1276IoInit)
    SX1276IoIrqInit                          0x080033e5   Thumb Code    34  sx1276-board.o(i.SX1276IoIrqInit)
    SX1276IsChannelFree                      0x0800340d   Thumb Code    54  sx1276.o(i.SX1276IsChannelFree)
    SX1276OnDio0Irq                          0x08003445   Thumb Code   580  sx1276.o(i.SX1276OnDio0Irq)
    SX1276OnDio1Irq                          0x0800369d   Thumb Code   208  sx1276.o(i.SX1276OnDio1Irq)
    SX1276OnTimeoutIrq                       0x08003779   Thumb Code   206  sx1276.o(i.SX1276OnTimeoutIrq)
    SX1276Random                             0x08003859   Thumb Code    62  sx1276.o(i.SX1276Random)
    SX1276Read                               0x08003897   Thumb Code    16  sx1276.o(i.SX1276Read)
    SX1276ReadBuffer                         0x080038a9   Thumb Code    68  sx1276.o(i.SX1276ReadBuffer)
    SX1276ReadFifo                           0x080038f1   Thumb Code    10  sx1276.o(i.SX1276ReadFifo)
    SX1276ReadRssi                           0x080038fd   Thumb Code    58  sx1276.o(i.SX1276ReadRssi)
    SX1276Send                               0x08003941   Thumb Code   240  sx1276.o(i.SX1276Send)
    SX1276SetAntSw                           0x08003a39   Thumb Code     2  sx1276-board.o(i.SX1276SetAntSw)
    SX1276SetAntSwLowPower                   0x08003a3d   Thumb Code    12  sx1276-board.o(i.SX1276SetAntSwLowPower)
    SX1276SetChannel                         0x08003a4d   Thumb Code    58  sx1276.o(i.SX1276SetChannel)
    SX1276SetMaxPayloadLength                0x08003a91   Thumb Code    46  sx1276.o(i.SX1276SetMaxPayloadLength)
    SX1276SetModem                           0x08003ac5   Thumb Code   114  sx1276.o(i.SX1276SetModem)
    SX1276SetOpMode                          0x08003b3d   Thumb Code    48  sx1276.o(i.SX1276SetOpMode)
    SX1276SetPublicNetwork                   0x08003b6d   Thumb Code    34  sx1276.o(i.SX1276SetPublicNetwork)
    SX1276SetRfTxPower                       0x08003b95   Thumb Code   158  sx1276-board.o(i.SX1276SetRfTxPower)
    SX1276SetRx                              0x08003c39   Thumb Code   534  sx1276.o(i.SX1276SetRx)
    SX1276SetRxConfig                        0x08003e75   Thumb Code   640  sx1276.o(i.SX1276SetRxConfig)
    SX1276SetSleep                           0x08004109   Thumb Code    32  sx1276.o(i.SX1276SetSleep)
    SX1276SetStby                            0x08004131   Thumb Code    32  sx1276.o(i.SX1276SetStby)
    SX1276SetTx                              0x08004159   Thumb Code   156  sx1276.o(i.SX1276SetTx)
    SX1276SetTxConfig                        0x080041fd   Thumb Code   506  sx1276.o(i.SX1276SetTxConfig)
    SX1276SetTxContinuousWave                0x08004405   Thumb Code   138  sx1276.o(i.SX1276SetTxContinuousWave)
    SX1276StartCad                           0x0800449d   Thumb Code    58  sx1276.o(i.SX1276StartCad)
    SX1276Write                              0x080044dd   Thumb Code    12  sx1276.o(i.SX1276Write)
    SX1276WriteBuffer                        0x080044e9   Thumb Code    66  sx1276.o(i.SX1276WriteBuffer)
    SX1276WriteFifo                          0x08004531   Thumb Code    10  sx1276.o(i.SX1276WriteFifo)
    SpiFormat                                0x0800453b   Thumb Code    48  spi-board.o(i.SpiFormat)
    SpiFrequency                             0x0800456d   Thumb Code    38  spi-board.o(i.SpiFrequency)
    SpiInOut                                 0x08004599   Thumb Code    56  spi-board.o(i.SpiInOut)
    SpiInit                                  0x080045d1   Thumb Code   256  spi-board.o(i.SpiInit)
    SysTick_Handler                          0x080046e1   Thumb Code    14  board.o(i.SysTick_Handler)
    SystemInit                               0x08004855   Thumb Code    62  system_stm32l1xx.o(i.SystemInit)
    TIM2_IRQHandler                          0x080048a5   Thumb Code     6  tim-board.o(i.TIM2_IRQHandler)
    TIM3_IRQHandler                          0x080048b1   Thumb Code     6  tim-board.o(i.TIM3_IRQHandler)
    Tim2McuInit                              0x08004929   Thumb Code    78  tim-board.o(i.Tim2McuInit)
    Time2Handler                             0x080049b1   Thumb Code     4  timer_handles.o(i.Time2Handler)
    TimerInit                                0x080049b5   Thumb Code    14  timer.o(i.TimerInit)
    TimerIrqHandler                          0x08004a39   Thumb Code    78  timer.o(i.TimerIrqHandler)
    TimerSetValue                            0x08004aad   Thumb Code    16  timer.o(i.TimerSetValue)
    TimerStart                               0x08004abd   Thumb Code    90  timer.o(i.TimerStart)
    TimerStop                                0x08004b1d   Thumb Code   134  timer.o(i.TimerStop)
    USART1_GetFlagStatus                     0x08004ba9   Thumb Code    16  usart1-board.o(i.USART1_GetFlagStatus)
    USART1_IRQHandler                        0x08004bbd   Thumb Code    46  usart1-board.o(i.USART1_IRQHandler)
    USART1_ReceiveData                       0x08004bf5   Thumb Code    10  usart1-board.o(i.USART1_ReceiveData)
    UsageFault_Handler                       0x08004c05   Thumb Code     2  sysirqhandlers.o(i.UsageFault_Handler)
    __0printf$1                              0x08004c09   Thumb Code    22  printf1.o(i.__0printf$1)
    __1printf$1                              0x08004c09   Thumb Code     0  printf1.o(i.__0printf$1)
    __2printf                                0x08004c09   Thumb Code     0  printf1.o(i.__0printf$1)
    __scatterload_copy                       0x08004c29   Thumb Code    14  handlers.o(i.__scatterload_copy)
    __scatterload_null                       0x08004c37   Thumb Code     2  handlers.o(i.__scatterload_null)
    __scatterload_zeroinit                   0x08004c39   Thumb Code    14  handlers.o(i.__scatterload_zeroinit)
    ceil                                     0x08004d9d   Thumb Code   204  ceil.o(i.ceil)
    floor                                    0x08004e79   Thumb Code   204  floor.o(i.floor)
    fputc                                    0x08004f55   Thumb Code    18  uart.o(i.fputc)
    keyScanner                               0x08004f6d   Thumb Code    22  key_scaner.o(i.keyScanner)
    keys_init                                0x08004f89   Thumb Code    60  hal_key.o(i.keys_init)
    main                                     0x08004fcd   Thumb Code    34  main.o(i.main)
    memcpy1                                  0x08004ff9   Thumb Code    20  utilities.o(i.memcpy1)
    round                                    0x0800500d   Thumb Code   136  round.o(i.round)
    scan_keys                                0x080050a1   Thumb Code   208  hal_key.o(i.scan_keys)
    setTimer2Callback                        0x0800517d   Thumb Code     6  tim-board.o(i.setTimer2Callback)
    Radio                                    0x080051a0   Data          92  sx1276-board.o(.constdata)
    PLLMulTable                              0x080051fc   Data           9  system_stm32l1xx.o(.constdata)
    AHBPrescTable                            0x08005205   Data          16  system_stm32l1xx.o(.constdata)
    RadioRegsInit                            0x08006508   Data          48  sx1276.o(.constdata)
    FskBandwidths                            0x08006538   Data         176  sx1276.o(.constdata)
    Region$$Table$$Base                      0x080065e8   Number         0  anon$$obj.o(Region$$Table)
    Region$$Table$$Limit                     0x08006608   Number         0  anon$$obj.o(Region$$Table)
    state                                    0x20000000   Data           1  main.o(.data)
    BMP0                                     0x20000001   Data         288  main.o(.data)
    BMP1                                     0x20000121   Data         288  main.o(.data)
    NonScheduledWakeUp                       0x20000251   Data           1  rtc-board.o(.data)
    McuWakeUpTime                            0x20000258   Data           4  rtc-board.o(.data)
    timer2Callback                           0x20000264   Data           4  tim-board.o(.data)
    timer3Callback                           0x20000268   Data           4  tim-board.o(.data)
    F_USART1_RX_FINISH                       0x2000026c   Data           1  usart1-board.o(.data)
    F_USART1_RX_RECEIVING                    0x2000026d   Data           1  usart1-board.o(.data)
    USART1_RX_TIMEOUT_COUNT                  0x2000026e   Data           1  usart1-board.o(.data)
    USART1_RX_COUNT                          0x20000270   Data           2  usart1-board.o(.data)
    SystemCoreClock                          0x20000274   Data           4  system_stm32l1xx.o(.data)
    uwTick                                   0x20000278   Data           4  stm32l1xx_hal.o(.data)
    light_status                             0x2000027c   Data           1  hal_key.o(.data)
    fan_status                               0x2000027d   Data           1  hal_key.o(.data)
    is_key2_down                             0x2000027e   Data           1  hal_key.o(.data)
    is_key3_down                             0x2000027f   Data           1  hal_key.o(.data)
    is_key4_down                             0x20000280   Data           1  hal_key.o(.data)
    DioIrq                                   0x20000290   Data          12  sx1276.o(.data)
    HasLoopedThroughMain                     0x2000029c   Data           1  timer.o(.data)
    __stdout                                 0x200002a4   Data           4  uart.o(.data)
    Led1                                     0x200003c4   Data          12  board.o(.bss)
    Led2                                     0x200003d0   Data          12  board.o(.bss)
    Key2                                     0x200003dc   Data          12  board.o(.bss)
    Adc                                      0x200003e8   Data          12  board.o(.bss)
    RtcHandle                                0x20000434   Data          32  rtc-board.o(.bss)
    RtcCalendarContext                       0x20000454   Data          20  rtc-board.o(.bss)
    Tim2Handle                               0x20000468   Data          56  tim-board.o(.bss)
    Tim3Handle                               0x200004a0   Data          56  tim-board.o(.bss)
    USART1_RX_BUF                            0x200004d8   Data         255  usart1-board.o(.bss)
    OLED_CS_PIN                              0x200005ec   Data          12  hal_oled.o(.bss)
    OLED_DC_PIN                              0x200005f8   Data          12  hal_oled.o(.bss)
    OLED_SCLK_PIN                            0x20000604   Data          12  hal_oled.o(.bss)
    OLED_SDIN_PIN                            0x20000610   Data          12  hal_oled.o(.bss)
    SX1276                                   0x2000071c   Data         272  sx1276.o(.bss)
    TxTimeoutTimer                           0x2000082c   Data          20  sx1276.o(.bss)
    RxTimeoutTimer                           0x20000840   Data          20  sx1276.o(.bss)
    RxTimeoutSyncWord                        0x20000854   Data          20  sx1276.o(.bss)
    __initial_sp                             0x20000c68   Data           0  startup_stm32l151xb.o(STACK)



==============================================================================

Memory Map of the image

  Image Entry point : 0x080000f5

  Load Region LR_IROM1 (Base: 0x08000000, Size: 0x000068b0, Max: 0x00010000, ABSOLUTE, COMPRESSED[0x00006718])

    Execution Region ER_IROM1 (Base: 0x08000000, Size: 0x00006608, Max: 0x00010000, ABSOLUTE)

    Base Addr    Size         Type   Attr      Idx    E Section Name        Object

    0x08000000   0x000000f4   Data   RO         1591    RESET               startup_stm32l151xb.o
    0x080000f4   0x00000000   Code   RO         6378  * .ARM.Collect$$$$00000000  mc_w.l(entry.o)
    0x080000f4   0x00000004   Code   RO         6682    .ARM.Collect$$$$00000001  mc_w.l(entry2.o)
    0x080000f8   0x00000004   Code   RO         6685    .ARM.Collect$$$$00000004  mc_w.l(entry5.o)
    0x080000fc   0x00000000   Code   RO         6687    .ARM.Collect$$$$00000008  mc_w.l(entry7b.o)
    0x080000fc   0x00000000   Code   RO         6689    .ARM.Collect$$$$0000000A  mc_w.l(entry8b.o)
    0x080000fc   0x00000008   Code   RO         6690    .ARM.Collect$$$$0000000B  mc_w.l(entry9a.o)
    0x08000104   0x00000000   Code   RO         6692    .ARM.Collect$$$$0000000D  mc_w.l(entry10a.o)
    0x08000104   0x00000000   Code   RO         6694    .ARM.Collect$$$$0000000F  mc_w.l(entry11a.o)
    0x08000104   0x00000004   Code   RO         6683    .ARM.Collect$$$$00002712  mc_w.l(entry2.o)
    0x08000108   0x00000024   Code   RO         1592    .text               startup_stm32l151xb.o
    0x0800012c   0x00000024   Code   RO         6381    .text               mc_w.l(memcpya.o)
    0x08000150   0x00000024   Code   RO         6383    .text               mc_w.l(memseta.o)
    0x08000174   0x0000014e   Code   RO         6654    .text               mf_w.l(dadd.o)
    0x080002c2   0x000000e4   Code   RO         6656    .text               mf_w.l(dmul.o)
    0x080003a6   0x000000de   Code   RO         6658    .text               mf_w.l(ddiv.o)
    0x08000484   0x0000002e   Code   RO         6660    .text               mf_w.l(dscalb.o)
    0x080004b2   0x00000022   Code   RO         6664    .text               mf_w.l(dflti.o)
    0x080004d4   0x0000001a   Code   RO         6666    .text               mf_w.l(dfltui.o)
    0x080004ee   0x0000003e   Code   RO         6670    .text               mf_w.l(dfixi.o)
    0x0800052c   0x00000032   Code   RO         6672    .text               mf_w.l(dfixui.o)
    0x0800055e   0x00000002   PAD
    0x08000560   0x00000030   Code   RO         6676    .text               mf_w.l(cdcmple.o)
    0x08000590   0x00000030   Code   RO         6678    .text               mf_w.l(cdrcmple.o)
    0x080005c0   0x0000002c   Code   RO         6696    .text               mc_w.l(uidiv.o)
    0x080005ec   0x0000001e   Code   RO         6700    .text               mc_w.l(llshl.o)
    0x0800060a   0x00000020   Code   RO         6702    .text               mc_w.l(llushr.o)
    0x0800062a   0x00000024   Code   RO         6704    .text               mc_w.l(llsshr.o)
    0x0800064e   0x00000000   Code   RO         6706    .text               mc_w.l(iusefp.o)
    0x0800064e   0x000000ba   Code   RO         6709    .text               mf_w.l(depilogue.o)
    0x08000708   0x00000088   Code   RO         6711    .text               mf_w.l(drnd.o)
    0x08000790   0x00000024   Code   RO         6715    .text               mc_w.l(init.o)
    0x080007b4   0x00000056   Code   RO         6725    .text               mc_w.l(__dczerorl2.o)
    0x0800080a   0x00000002   PAD
    0x0800080c   0x00000014   Code   RO         1134    i.BlockLowPowerDuringTask  rtc-board.o
    0x08000820   0x00000010   Code   RO          919    i.BoardDisableIrq   board.o
    0x08000830   0x00000018   Code   RO          920    i.BoardEnableIrq    board.o
    0x08000848   0x00000078   Code   RO          925    i.BoardInitMcu      board.o
    0x080008c0   0x00000060   Code   RO          926    i.BoardInitPeriph   board.o
    0x08000920   0x00000002   Code   RO         5027    i.BusFault_Handler  sysirqhandlers.o
    0x08000922   0x00000002   Code   RO         5028    i.DebugMon_Handler  sysirqhandlers.o
    0x08000924   0x00000004   Code   RO         6000    i.DelayMs           delay.o
    0x08000928   0x00000010   Code   RO         1027    i.EXTI0_IRQHandler  gpio-board.o
    0x08000938   0x0000003a   Code   RO         1028    i.EXTI15_10_IRQHandler  gpio-board.o
    0x08000972   0x00000010   Code   RO         1029    i.EXTI1_IRQHandler  gpio-board.o
    0x08000982   0x00000010   Code   RO         1030    i.EXTI2_IRQHandler  gpio-board.o
    0x08000992   0x00000010   Code   RO         1031    i.EXTI3_IRQHandler  gpio-board.o
    0x080009a2   0x00000010   Code   RO         1032    i.EXTI4_IRQHandler  gpio-board.o
    0x080009b2   0x0000002c   Code   RO         1033    i.EXTI9_5_IRQHandler  gpio-board.o
    0x080009de   0x00000002   PAD
    0x080009e0   0x0000002c   Code   RO         5752    i.GetFskBandwidthRegValue  sx1276.o
    0x08000a0c   0x00000010   Code   RO         6076    i.GpioInit          gpio.o
    0x08000a1c   0x00000104   Code   RO         1034    i.GpioMcuInit       gpio-board.o
    0x08000b20   0x00000108   Code   RO         1037    i.GpioMcuSetInterrupt  gpio-board.o
    0x08000c28   0x00000014   Code   RO         1039    i.GpioMcuWrite      gpio-board.o
    0x08000c3c   0x00000004   Code   RO         6079    i.GpioSetInterrupt  gpio.o
    0x08000c40   0x00000004   Code   RO         6081    i.GpioWrite         gpio.o
    0x08000c44   0x00000010   Code   RO         1640    i.HAL_DBGMCU_EnableDBGSleepMode  stm32l1xx_hal.o
    0x08000c54   0x00000010   Code   RO         1641    i.HAL_DBGMCU_EnableDBGStandbyMode  stm32l1xx_hal.o
    0x08000c64   0x00000010   Code   RO         1642    i.HAL_DBGMCU_EnableDBGStopMode  stm32l1xx_hal.o
    0x08000c74   0x00000016   Code   RO         1644    i.HAL_Delay         stm32l1xx_hal.o
    0x08000c8a   0x00000002   PAD
    0x08000c8c   0x00000024   Code   RO         1040    i.HAL_GPIO_EXTI_Callback  gpio-board.o
    0x08000cb0   0x00000018   Code   RO         2502    i.HAL_GPIO_EXTI_IRQHandler  stm32l1xx_hal_gpio.o
    0x08000cc8   0x0000018c   Code   RO         2503    i.HAL_GPIO_Init     stm32l1xx_hal_gpio.o
    0x08000e54   0x0000000a   Code   RO         2505    i.HAL_GPIO_ReadPin  stm32l1xx_hal_gpio.o
    0x08000e5e   0x0000000a   Code   RO         2507    i.HAL_GPIO_WritePin  stm32l1xx_hal_gpio.o
    0x08000e68   0x0000000c   Code   RO         1648    i.HAL_GetTick       stm32l1xx_hal.o
    0x08000e74   0x00000010   Code   RO         1649    i.HAL_IncTick       stm32l1xx_hal.o
    0x08000e84   0x00000016   Code   RO         1650    i.HAL_Init          stm32l1xx_hal.o
    0x08000e9a   0x00000002   PAD
    0x08000e9c   0x00000028   Code   RO         1651    i.HAL_InitTick      stm32l1xx_hal.o
    0x08000ec4   0x00000002   Code   RO         1653    i.HAL_MspInit       stm32l1xx_hal.o
    0x08000ec6   0x00000016   Code   RO         2018    i.HAL_NVIC_EnableIRQ  stm32l1xx_hal_cortex.o
    0x08000edc   0x00000040   Code   RO         2024    i.HAL_NVIC_SetPriority  stm32l1xx_hal_cortex.o
    0x08000f1c   0x00000024   Code   RO         2025    i.HAL_NVIC_SetPriorityGrouping  stm32l1xx_hal_cortex.o
    0x08000f40   0x00000010   Code   RO         3120    i.HAL_PWREx_GetVoltageRange  stm32l1xx_hal_pwr_ex.o
    0x08000f50   0x00000168   Code   RO         3283    i.HAL_RCCEx_PeriphCLKConfig  stm32l1xx_hal_rcc_ex.o
    0x080010b8   0x000001d4   Code   RO         3175    i.HAL_RCC_ClockConfig  stm32l1xx_hal_rcc.o
    0x0800128c   0x0000000c   Code   RO         3180    i.HAL_RCC_GetHCLKFreq  stm32l1xx_hal_rcc.o
    0x08001298   0x0000008c   Code   RO         3184    i.HAL_RCC_GetSysClockFreq  stm32l1xx_hal_rcc.o
    0x08001324   0x00000750   Code   RO         3187    i.HAL_RCC_OscConfig  stm32l1xx_hal_rcc.o
    0x08001a74   0x00000002   Code   RO         3424    i.HAL_RTCEx_AlarmBEventCallback  stm32l1xx_hal_rtc_ex.o
    0x08001a76   0x0000007a   Code   RO         3432    i.HAL_RTCEx_DeactivateWakeUpTimer  stm32l1xx_hal_rtc_ex.o
    0x08001af0   0x00000002   Code   RO         3317    i.HAL_RTC_AlarmAEventCallback  stm32l1xx_hal_rtc.o
    0x08001af2   0x00000002   PAD
    0x08001af4   0x0000005c   Code   RO         3318    i.HAL_RTC_AlarmIRQHandler  stm32l1xx_hal_rtc.o
    0x08001b50   0x000000b2   Code   RO         3320    i.HAL_RTC_DeactivateAlarm  stm32l1xx_hal_rtc.o
    0x08001c02   0x0000006e   Code   RO         3454    i.HAL_RTC_GetAlarm  stm32l1xx_hal_rtc_ex.o
    0x08001c70   0x00000044   Code   RO         3321    i.HAL_RTC_GetDate   stm32l1xx_hal_rtc.o
    0x08001cb4   0x00000048   Code   RO         3455    i.HAL_RTC_GetTime   stm32l1xx_hal_rtc_ex.o
    0x08001cfc   0x0000009c   Code   RO         3323    i.HAL_RTC_Init      stm32l1xx_hal_rtc.o
    0x08001d98   0x00000002   Code   RO         3325    i.HAL_RTC_MspInit   stm32l1xx_hal_rtc.o
    0x08001d9a   0x00000002   PAD
    0x08001d9c   0x00000180   Code   RO         3457    i.HAL_RTC_SetAlarm_IT  stm32l1xx_hal_rtc_ex.o
    0x08001f1c   0x000000c8   Code   RO         3327    i.HAL_RTC_SetDate   stm32l1xx_hal_rtc.o
    0x08001fe4   0x000000e8   Code   RO         3328    i.HAL_RTC_SetTime   stm32l1xx_hal_rtc.o
    0x080020cc   0x00000036   Code   RO         3458    i.HAL_RTC_WaitForSynchro  stm32l1xx_hal_rtc_ex.o
    0x08002102   0x0000007a   Code   RO         3891    i.HAL_SPI_Init      stm32l1xx_hal_spi_ex.o
    0x0800217c   0x00000002   Code   RO         3662    i.HAL_SPI_MspInit   stm32l1xx_hal_spi.o
    0x0800217e   0x00000018   Code   RO         2027    i.HAL_SYSTICK_CLKSourceConfig  stm32l1xx_hal_cortex.o
    0x08002196   0x00000002   Code   RO         2028    i.HAL_SYSTICK_Callback  stm32l1xx_hal_cortex.o
    0x08002198   0x00000028   Code   RO         2029    i.HAL_SYSTICK_Config  stm32l1xx_hal_cortex.o
    0x080021c0   0x00000008   Code   RO         2030    i.HAL_SYSTICK_IRQHandler  stm32l1xx_hal_cortex.o
    0x080021c8   0x00000036   Code   RO         3917    i.HAL_TIM_Base_Init  stm32l1xx_hal_tim.o
    0x080021fe   0x00000002   PAD
    0x08002200   0x00000060   Code   RO         1397    i.HAL_TIM_Base_MspInit  tim-board.o
    0x08002260   0x00000018   Code   RO         3922    i.HAL_TIM_Base_Start_IT  stm32l1xx_hal_tim.o
    0x08002278   0x00000002   Code   RO         3946    i.HAL_TIM_IC_CaptureCallback  stm32l1xx_hal_tim.o
    0x0800227a   0x00000126   Code   RO         3959    i.HAL_TIM_IRQHandler  stm32l1xx_hal_tim.o
    0x080023a0   0x00000002   Code   RO         3962    i.HAL_TIM_OC_DelayElapsedCallback  stm32l1xx_hal_tim.o
    0x080023a2   0x00000002   Code   RO         3989    i.HAL_TIM_PWM_PulseFinishedCallback  stm32l1xx_hal_tim.o
    0x080023a4   0x00000028   Code   RO         1398    i.HAL_TIM_PeriodElapsedCallback  tim-board.o
    0x080023cc   0x00000002   Code   RO         4000    i.HAL_TIM_TriggerCallback  stm32l1xx_hal_tim.o
    0x080023ce   0x00000002   PAD
    0x080023d0   0x00000024   Code   RO            4    i.Init              main.o
    0x080023f4   0x00000002   Code   RO         5029    i.MemManage_Handler  sysirqhandlers.o
    0x080023f6   0x00000002   Code   RO         5030    i.NMI_Handler       sysirqhandlers.o
    0x080023f8   0x0000003c   Code   RO          578    i.NS_RadioEventsInit  ns_radio.o
    0x08002434   0x0000002c   Code   RO          579    i.NS_RadioInit      ns_radio.o
    0x08002460   0x00000068   Code   RO          580    i.NS_RadioSetTxRxConfig  ns_radio.o
    0x080024c8   0x00000020   Code   RO         2031    i.NVIC_SetPriority  stm32l1xx_hal_cortex.o
    0x080024e8   0x0000003c   Code   RO         5230    i.OLED_Clear        hal_oled.o
    0x08002524   0x00000016   Code   RO         5234    i.OLED_DrawBMP      hal_oled.o
    0x0800253a   0x00000040   Code   RO         5235    i.OLED_DrawBMP2     hal_oled.o
    0x0800257a   0x00000006   Code   RO         5237    i.OLED_Init         hal_oled.o
    0x08002580   0x00000148   Code   RO         5239    i.OLED_Init_Set_Inverse  hal_oled.o
    0x080026c8   0x0000002c   Code   RO         5240    i.OLED_Set_Pos      hal_oled.o
    0x080026f4   0x00000064   Code   RO         5243    i.OLED_ShowChar     hal_oled.o
    0x08002758   0x00000032   Code   RO         5246    i.OLED_ShowString   hal_oled.o
    0x0800278a   0x00000002   PAD
    0x0800278c   0x00000100   Code   RO            6    i.OLED_State        main.o
    0x0800288c   0x00000068   Code   RO         5247    i.OLED_WR_Byte      hal_oled.o
    0x080028f4   0x00000044   Code   RO          581    i.OnRxDone          ns_radio.o
    0x08002938   0x00000018   Code   RO          582    i.OnRxError         ns_radio.o
    0x08002950   0x00000018   Code   RO          583    i.OnRxTimeout       ns_radio.o
    0x08002968   0x00000018   Code   RO          584    i.OnTxDone          ns_radio.o
    0x08002980   0x00000018   Code   RO          585    i.OnTxTimeout       ns_radio.o
    0x08002998   0x00000078   Code   RO         3188    i.RCC_SetFlashLatencyFromMSIRange  stm32l1xx_hal_rcc.o
    0x08002a10   0x0000002c   Code   RO         1135    i.RTC_Alarm_IRQHandler  rtc-board.o
    0x08002a3c   0x00000012   Code   RO         3329    i.RTC_Bcd2ToByte    stm32l1xx_hal_rtc.o
    0x08002a4e   0x00000016   Code   RO         3330    i.RTC_ByteToBcd2    stm32l1xx_hal_rtc.o
    0x08002a64   0x0000003a   Code   RO         3331    i.RTC_EnterInitMode  stm32l1xx_hal_rtc.o
    0x08002a9e   0x00000002   PAD
    0x08002aa0   0x00000028   Code   RO          587    i.ReadRadioRxBuffer  ns_radio.o
    0x08002ac8   0x000001dc   Code   RO         1138    i.RtcComputeTimerTimeToAlarmTick  rtc-board.o
    0x08002ca4   0x00000098   Code   RO         1139    i.RtcComputeWakeUpTime  rtc-board.o
    0x08002d3c   0x0000012c   Code   RO         1140    i.RtcConvertCalendarTickToTimerTime  rtc-board.o
    0x08002e68   0x00000030   Code   RO         1143    i.RtcGetAdjustedTimeoutValue  rtc-board.o
    0x08002e98   0x00000058   Code   RO         1144    i.RtcGetCalendar    rtc-board.o
    0x08002ef0   0x00000024   Code   RO         1145    i.RtcGetElapsedAlarmTime  rtc-board.o
    0x08002f14   0x00000090   Code   RO         1147    i.RtcInit           rtc-board.o
    0x08002fa4   0x00000040   Code   RO         1148    i.RtcRecoverMcuStatus  rtc-board.o
    0x08002fe4   0x00000004   Code   RO         1149    i.RtcSetTimeout     rtc-board.o
    0x08002fe8   0x00000094   Code   RO         1150    i.RtcStartWakeUpAlarm  rtc-board.o
    0x0800307c   0x00000094   Code   RO         5753    i.RxChainCalibration  sx1276.o
    0x08003110   0x00000004   Code   RO         1307    i.SX1276CheckRfFrequency  sx1276-board.o
    0x08003114   0x00000014   Code   RO         1308    i.SX1276GetPaSelect  sx1276-board.o
    0x08003128   0x0000000c   Code   RO         5754    i.SX1276GetStatus   sx1276.o
    0x08003134   0x000001f8   Code   RO         5755    i.SX1276GetTimeOnAir  sx1276.o
    0x0800332c   0x00000078   Code   RO         5756    i.SX1276Init        sx1276.o
    0x080033a4   0x00000040   Code   RO         1310    i.SX1276IoInit      sx1276-board.o
    0x080033e4   0x00000028   Code   RO         1311    i.SX1276IoIrqInit   sx1276-board.o
    0x0800340c   0x00000036   Code   RO         5757    i.SX1276IsChannelFree  sx1276.o
    0x08003442   0x00000002   PAD
    0x08003444   0x00000258   Code   RO         5758    i.SX1276OnDio0Irq   sx1276.o
    0x0800369c   0x000000dc   Code   RO         5759    i.SX1276OnDio1Irq   sx1276.o
    0x08003778   0x000000e0   Code   RO         5760    i.SX1276OnTimeoutIrq  sx1276.o
    0x08003858   0x0000003e   Code   RO         5761    i.SX1276Random      sx1276.o
    0x08003896   0x00000010   Code   RO         5762    i.SX1276Read        sx1276.o
    0x080038a6   0x00000002   PAD
    0x080038a8   0x00000048   Code   RO         5763    i.SX1276ReadBuffer  sx1276.o
    0x080038f0   0x0000000a   Code   RO         5764    i.SX1276ReadFifo    sx1276.o
    0x080038fa   0x00000002   PAD
    0x080038fc   0x00000044   Code   RO         5765    i.SX1276ReadRssi    sx1276.o
    0x08003940   0x000000f8   Code   RO         5767    i.SX1276Send        sx1276.o
    0x08003a38   0x00000002   Code   RO         1312    i.SX1276SetAntSw    sx1276-board.o
    0x08003a3a   0x00000002   PAD
    0x08003a3c   0x00000010   Code   RO         1313    i.SX1276SetAntSwLowPower  sx1276-board.o
    0x08003a4c   0x00000044   Code   RO         5768    i.SX1276SetChannel  sx1276.o
    0x08003a90   0x00000034   Code   RO         5769    i.SX1276SetMaxPayloadLength  sx1276.o
    0x08003ac4   0x00000078   Code   RO         5770    i.SX1276SetModem    sx1276.o
    0x08003b3c   0x00000030   Code   RO         5771    i.SX1276SetOpMode   sx1276.o
    0x08003b6c   0x00000028   Code   RO         5772    i.SX1276SetPublicNetwork  sx1276.o
    0x08003b94   0x000000a4   Code   RO         1314    i.SX1276SetRfTxPower  sx1276-board.o
    0x08003c38   0x0000023c   Code   RO         5773    i.SX1276SetRx       sx1276.o
    0x08003e74   0x00000294   Code   RO         5774    i.SX1276SetRxConfig  sx1276.o
    0x08004108   0x00000028   Code   RO         5775    i.SX1276SetSleep    sx1276.o
    0x08004130   0x00000028   Code   RO         5776    i.SX1276SetStby     sx1276.o
    0x08004158   0x000000a4   Code   RO         5777    i.SX1276SetTx       sx1276.o
    0x080041fc   0x00000208   Code   RO         5778    i.SX1276SetTxConfig  sx1276.o
    0x08004404   0x00000098   Code   RO         5779    i.SX1276SetTxContinuousWave  sx1276.o
    0x0800449c   0x00000040   Code   RO         5780    i.SX1276StartCad    sx1276.o
    0x080044dc   0x0000000c   Code   RO         5781    i.SX1276Write       sx1276.o
    0x080044e8   0x00000048   Code   RO         5782    i.SX1276WriteBuffer  sx1276.o
    0x08004530   0x0000000a   Code   RO         5783    i.SX1276WriteFifo   sx1276.o
    0x0800453a   0x00000030   Code   RO         1258    i.SpiFormat         spi-board.o
    0x0800456a   0x00000002   PAD
    0x0800456c   0x0000002c   Code   RO         1259    i.SpiFrequency      spi-board.o
    0x08004598   0x00000038   Code   RO         1260    i.SpiInOut          spi-board.o
    0x080045d0   0x00000110   Code   RO         1261    i.SpiInit           spi-board.o
    0x080046e0   0x0000000e   Code   RO          928    i.SysTick_Handler   board.o
    0x080046ee   0x00000002   PAD
    0x080046f0   0x0000009c   Code   RO          929    i.SystemClockConfig  board.o
    0x0800478c   0x000000c8   Code   RO          930    i.SystemClockReConfig  board.o
    0x08004854   0x00000050   Code   RO         1600    i.SystemInit        system_stm32l1xx.o
    0x080048a4   0x0000000c   Code   RO         1399    i.TIM2_IRQHandler   tim-board.o
    0x080048b0   0x0000000c   Code   RO         1400    i.TIM3_IRQHandler   tim-board.o
    0x080048bc   0x0000006c   Code   RO         4001    i.TIM_Base_SetConfig  stm32l1xx_hal_tim.o
    0x08004928   0x00000088   Code   RO         1401    i.Tim2McuInit       tim-board.o
    0x080049b0   0x00000004   Code   RO          269    i.Time2Handler      timer_handles.o
    0x080049b4   0x0000000e   Code   RO         6134    i.TimerInit         timer.o
    0x080049c2   0x00000002   PAD
    0x080049c4   0x00000024   Code   RO         6135    i.TimerInsertNewHeadTimer  timer.o
    0x080049e8   0x00000050   Code   RO         6136    i.TimerInsertTimer  timer.o
    0x08004a38   0x00000054   Code   RO         6137    i.TimerIrqHandler   timer.o
    0x08004a8c   0x00000020   Code   RO         6140    i.TimerSetTimeout   timer.o
    0x08004aac   0x00000010   Code   RO         6141    i.TimerSetValue     timer.o
    0x08004abc   0x00000060   Code   RO         6142    i.TimerStart        timer.o
    0x08004b1c   0x0000008c   Code   RO         6143    i.TimerStop         timer.o
    0x08004ba8   0x00000014   Code   RO         1512    i.USART1_GetFlagStatus  usart1-board.o
    0x08004bbc   0x00000038   Code   RO         1513    i.USART1_IRQHandler  usart1-board.o
    0x08004bf4   0x00000010   Code   RO         1517    i.USART1_ReceiveData  usart1-board.o
    0x08004c04   0x00000002   Code   RO         5031    i.UsageFault_Handler  sysirqhandlers.o
    0x08004c06   0x00000002   PAD
    0x08004c08   0x00000020   Code   RO         6432    i.__0printf$1       mc_w.l(printf1.o)
    0x08004c28   0x0000000e   Code   RO         6719    i.__scatterload_copy  mc_w.l(handlers.o)
    0x08004c36   0x00000002   Code   RO         6720    i.__scatterload_null  mc_w.l(handlers.o)
    0x08004c38   0x0000000e   Code   RO         6721    i.__scatterload_zeroinit  mc_w.l(handlers.o)
    0x08004c46   0x00000002   PAD
    0x08004c48   0x00000154   Code   RO         6439    i._printf_core      mc_w.l(printf1.o)
    0x08004d9c   0x000000dc   Code   RO         6369    i.ceil              m_ws.l(ceil.o)
    0x08004e78   0x000000dc   Code   RO         6373    i.floor             m_ws.l(floor.o)
    0x08004f54   0x00000018   Code   RO         6236    i.fputc             uart.o
    0x08004f6c   0x0000001c   Code   RO          703    i.keyScanner        key_scaner.o
    0x08004f88   0x00000044   Code   RO         5142    i.keys_init         hal_key.o
    0x08004fcc   0x0000002c   Code   RO            8    i.main              main.o
    0x08004ff8   0x00000014   Code   RO         5076    i.memcpy1           utilities.o
    0x0800500c   0x00000094   Code   RO         6376    i.round             m_ws.l(round.o)
    0x080050a0   0x000000dc   Code   RO         5148    i.scan_keys         hal_key.o
    0x0800517c   0x0000000c   Code   RO         1403    i.setTimer2Callback  tim-board.o
    0x08005188   0x00000018   Data   RO         1152    .constdata          rtc-board.o
    0x080051a0   0x0000005c   Data   RO         1317    .constdata          sx1276-board.o
    0x080051fc   0x00000019   Data   RO         1601    .constdata          system_stm32l1xx.o
    0x08005215   0x000012f0   Data   RO         5251    .constdata          hal_oled.o
    0x08006505   0x00000003   PAD
    0x08006508   0x000000e0   Data   RO         5785    .constdata          sx1276.o
    0x080065e8   0x00000020   Data   RO         6717    Region$$Table       anon$$obj.o


    Execution Region RW_IRAM1 (Base: 0x20000000, Size: 0x00000c68, Max: 0x00002800, ABSOLUTE, COMPRESSED[0x00000110])

    Base Addr    Size         Type   Attr      Idx    E Section Name        Object

    0x20000000   0x00000241   Data   RW           12    .data               main.o
    0x20000241   0x00000001   PAD
    0x20000242   0x00000004   Data   RW          589    .data               ns_radio.o
    0x20000246   0x00000002   PAD
    0x20000248   0x00000004   Data   RW          704    .data               key_scaner.o
    0x2000024c   0x00000004   Data   RW          934    .data               board.o
    0x20000250   0x00000010   Data   RW         1153    .data               rtc-board.o
    0x20000260   0x00000001   Data   RW         1318    .data               sx1276-board.o
    0x20000261   0x00000003   PAD
    0x20000264   0x00000008   Data   RW         1406    .data               tim-board.o
    0x2000026c   0x00000006   Data   RW         1521    .data               usart1-board.o
    0x20000272   0x00000002   PAD
    0x20000274   0x00000004   Data   RW         1603    .data               system_stm32l1xx.o
    0x20000278   0x00000004   Data   RW         1656    .data               stm32l1xx_hal.o
    0x2000027c   0x0000000e   Data   RW         5149    .data               hal_key.o
    0x2000028a   0x00000002   PAD
    0x2000028c   0x00000010   Data   RW         5786    .data               sx1276.o
    0x2000029c   0x00000008   Data   RW         6144    .data               timer.o
    0x200002a4   0x00000004   Data   RW         6237    .data               uart.o
    0x200002a8   0x0000011b   Zero   RW          588    .bss                ns_radio.o
    0x200003c3   0x00000001   PAD
    0x200003c4   0x00000030   Zero   RW          931    .bss                board.o
    0x200003f4   0x00000040   Zero   RW         1041    .bss                gpio-board.o
    0x20000434   0x00000034   Zero   RW         1151    .bss                rtc-board.o
    0x20000468   0x00000070   Zero   RW         1405    .bss                tim-board.o
    0x200004d8   0x00000114   Zero   RW         1520    .bss                usart1-board.o
    0x200005ec   0x00000030   Zero   RW         5249    .bss                hal_oled.o
    0x2000061c   0x0000024c   Zero   RW         5784    .bss                sx1276.o
    0x20000868   0x00000400   Zero   RW         1589    STACK               startup_stm32l151xb.o


==============================================================================

Image component sizes


      Code (inc. data)   RO Data    RW Data    ZI Data      Debug   Object Name

       626         48          0          4         48       4985   board.o
         0          0          0          0          0     108572   configs.o
         4          0          0          0          0        758   delay.o
       762         50          0          0         64       6875   gpio-board.o
        24          0          0          0          0       1750   gpio.o
       288         20          0         14          0       1897   hal_key.o
       778         16       4848          0         48       6563   hal_oled.o
        28          6          0          4          0        493   key_scaner.o
       336         54          0        577          0     383917   main.o
       412         78          0          4        283       5434   ns_radio.o
      1524        134         24         16         52       9280   rtc-board.o
       420         22          0          0          0       3060   spi-board.o
        36          8        244          0       1024        840   startup_stm32l151xb.o
       162         30          0          4          0       5774   stm32l1xx_hal.o
       228         14          0          0          0      28781   stm32l1xx_hal_cortex.o
       440         38          0          0          0       3426   stm32l1xx_hal_gpio.o
        16          6          0          0          0        560   stm32l1xx_hal_pwr_ex.o
      2612         82          0          0          0       5802   stm32l1xx_hal_rcc.o
       360         12          0          0          0       1420   stm32l1xx_hal_rcc_ex.o
      1028         26          0          0          0       7897   stm32l1xx_hal_rtc.o
       744         12          0          0          0       4858   stm32l1xx_hal_rtc_ex.o
         2          0          0          0          0       1018   stm32l1xx_hal_spi.o
       122          0          0          0          0       1075   stm32l1xx_hal_spi_ex.o
       488         22          0          0          0       6038   stm32l1xx_hal_tim.o
       310         26         92          1          0       7895   sx1276-board.o
      5036        312        224         16        588      20994   sx1276.o
        10          0          0          0          0       2245   sysirqhandlers.o
        80         18         25          4          0       1299   system_stm32l1xx.o
       308         96          0          8        112       3851   tim-board.o
       498         32          0          8          0       5358   timer.o
         4          0          0          0          0        427   timer_handles.o
        24          6          0          4          0       2342   uart.o
        92         20          0          6        276       2499   usart1-board.o
        20          0          0          0          0       1006   utilities.o

    ----------------------------------------------------------------------
     17856       1188       5492        680       2496     648989   Object Totals
         0          0         32          0          0          0   (incl. Generated)
        34          0          3         10          1          0   (incl. Padding)

    ----------------------------------------------------------------------

      Code (inc. data)   RO Data    RW Data    ZI Data      Debug   Library Member Name

       220         16          0          0          0         84   ceil.o
       220         16          0          0          0         84   floor.o
       148         12          0          0          0         88   round.o
        86          0          0          0          0          0   __dczerorl2.o
         0          0          0          0          0          0   entry.o
         0          0          0          0          0          0   entry10a.o
         0          0          0          0          0          0   entry11a.o
         8          4          0          0          0          0   entry2.o
         4          0          0          0          0          0   entry5.o
         0          0          0          0          0          0   entry7b.o
         0          0          0          0          0          0   entry8b.o
         8          4          0          0          0          0   entry9a.o
        30          0          0          0          0          0   handlers.o
        36          8          0          0          0         68   init.o
         0          0          0          0          0          0   iusefp.o
        30          0          0          0          0         68   llshl.o
        36          0          0          0          0         68   llsshr.o
        32          0          0          0          0         68   llushr.o
        36          0          0          0          0         68   memcpya.o
        36          0          0          0          0        108   memseta.o
       372         14          0          0          0        184   printf1.o
        44          0          0          0          0         80   uidiv.o
        48          0          0          0          0         68   cdcmple.o
        48          0          0          0          0         68   cdrcmple.o
       334          0          0          0          0        148   dadd.o
       222          0          0          0          0        100   ddiv.o
       186          0          0          0          0        176   depilogue.o
        62          0          0          0          0         80   dfixi.o
        50          0          0          0          0         76   dfixui.o
        34          0          0          0          0         76   dflti.o
        26          0          0          0          0         76   dfltui.o
       228          0          0          0          0         96   dmul.o
       136          4          0          0          0         92   drnd.o
        46          0          0          0          0         80   dscalb.o

    ----------------------------------------------------------------------
      2772         78          0          0          0       2104   Library Totals
         6          0          0          0          0          0   (incl. Padding)

    ----------------------------------------------------------------------

      Code (inc. data)   RO Data    RW Data    ZI Data      Debug   Library Name

       588         44          0          0          0        256   m_ws.l
       758         30          0          0          0        712   mc_w.l
      1420          4          0          0          0       1136   mf_w.l

    ----------------------------------------------------------------------
      2772         78          0          0          0       2104   Library Totals

    ----------------------------------------------------------------------

==============================================================================


      Code (inc. data)   RO Data    RW Data    ZI Data      Debug   

     20628       1266       5492        680       2496     640977   Grand Totals
     20628       1266       5492        272       2496     640977   ELF Image Totals (compressed)
     20628       1266       5492        272          0          0   ROM Totals

==============================================================================

    Total RO  Size (Code + RO Data)                26120 (  25.51kB)
    Total RW  Size (RW Data + ZI Data)              3176 (   3.10kB)
    Total ROM Size (Code + RO Data + RW Data)      26392 (  25.77kB)

==============================================================================

