Component: ARM Compiler 5.06 update 7 (build 960) Tool: armlink [4d3601]

==============================================================================

Section Cross References

    main.o(i.Init) refers to board.o(i.BoardInitMcu) for BoardInitMcu
    main.o(i.Init) refers to board.o(i.BoardInitPeriph) for BoardInitPeriph
    main.o(i.Init) refers to hal_key.o(i.keys_init) for keys_init
    main.o(i.Init) refers to tim-board.o(i.setTimer2Callback) for setTimer2Callback
    main.o(i.Init) refers to tim-board.o(i.Tim2McuInit) for Tim2McuInit
    main.o(i.Init) refers to timer_handles.o(i.Time2Handler) for Time2Handler
    main.o(i.KeyDownHandler) refers to hal_key.o(i.isKey2Pressed) for isKey2Pressed
    main.o(i.KeyDownHandler) refers to hal_oled.o(i.OLED_Clear) for OLED_Clear
    main.o(i.KeyDownHandler) refers to main.o(i.OLED_State) for OLED_State
    main.o(i.KeyDownHandler) refers to hal_key.o(i.resetKey2) for resetKey2
    main.o(i.KeyDownHandler) refers to hal_key.o(i.isKey3Pressed) for isKey3Pressed
    main.o(i.KeyDownHandler) refers to hal_key.o(i.resetKey3) for resetKey3
    main.o(i.KeyDownHandler) refers to hal_key.o(i.isKey4Pressed) for isKey4Pressed
    main.o(i.KeyDownHandler) refers to hal_key.o(i.resetKey4) for resetKey4
    main.o(i.KeyDownHandler) refers to main.o(.data) for .data
    main.o(i.OLED_State) refers to hal_oled.o(i.OLED_ShowChar) for OLED_ShowChar
    main.o(i.OLED_State) refers to hal_oled.o(i.OLED_ShowCHinese) for OLED_ShowCHinese
    main.o(i.OLED_State) refers to hal_oled.o(i.OLED_ShowString) for OLED_ShowString
    main.o(i.OLED_State) refers to hal_oled.o(i.OLED_ShowCHineseArray) for OLED_ShowCHineseArray
    main.o(i.OLED_State) refers to main.o(.data) for .data
    main.o(i.State_Send) refers to stm32l1xx_hal.o(i.HAL_Delay) for HAL_Delay
    main.o(i.State_Send) refers to usart1-board.o(i.USART1_SendStr) for USART1_SendStr
    main.o(i.State_Send) refers to sx1276.o(i.SX1276Send) for SX1276Send
    main.o(i.State_Send) refers to adc_reader.o(i.AdcScanChannel) for AdcScanChannel
    main.o(i.State_Send) refers to adc_reader.o(i.AdcReadCh0) for AdcReadCh0
    main.o(i.State_Send) refers to fmul.o(.text) for __aeabi_fmul
    main.o(i.State_Send) refers to f2d.o(.text) for __aeabi_f2d
    main.o(i.State_Send) refers to dscalb.o(.text) for __ARM_scalbn
    main.o(i.State_Send) refers to hal_temhum.o(i.call_sht11) for call_sht11
    main.o(i.State_Send) refers to printfa.o(i.__0sprintf) for __2sprintf
    main.o(i.State_Send) refers to main.o(.data) for .data
    main.o(i.handlerPre10Ms) refers to stm32l1xx_hal.o(i.HAL_Delay) for HAL_Delay
    main.o(i.main) refers to main.o(i.Init) for Init
    main.o(i.main) refers to hal_oled.o(i.OLED_Init) for OLED_Init
    main.o(i.main) refers to main.o(i.OLED_State) for OLED_State
    main.o(i.main) refers to adc_reader.o(i.ADCS_Init) for ADCS_Init
    main.o(i.main) refers to usart1-board.o(i.USART1_Init) for USART1_Init
    main.o(i.main) refers to adc_reader.o(i.AdcScanChannel) for AdcScanChannel
    main.o(i.main) refers to hal_temhum.o(i.hal_temHumInit) for hal_temHumInit
    main.o(i.main) refers to ns_radio.o(i.NS_RadioInit) for NS_RadioInit
    main.o(i.main) refers to main.o(i.KeyDownHandler) for KeyDownHandler
    main.o(i.main) refers to main.o(i.State_Send) for State_Send
    timer_handles.o(i.Time2Handler) refers to key_scaner.o(i.keyScanner) for keyScanner
    adc_reader.o(i.ADCS_Init) refers to adc.o(i.AdcInit) for AdcInit
    adc_reader.o(i.ADCS_Init) refers to adc_reader.o(.bss) for .bss
    adc_reader.o(i.AdcReadCh0) refers to adc_reader.o(.data) for .data
    adc_reader.o(i.AdcReadCh2) refers to adc_reader.o(.data) for .data
    adc_reader.o(i.AdcScanChannel) refers to adc.o(i.AdcReadChannel) for AdcReadChannel
    adc_reader.o(i.AdcScanChannel) refers to dfltui.o(.text) for __aeabi_ui2d
    adc_reader.o(i.AdcScanChannel) refers to dscalb.o(.text) for __ARM_scalbn
    adc_reader.o(i.AdcScanChannel) refers to dmul.o(.text) for __aeabi_dmul
    adc_reader.o(i.AdcScanChannel) refers to d2f.o(.text) for __aeabi_d2f
    adc_reader.o(i.AdcScanChannel) refers to adc_reader.o(.bss) for .bss
    adc_reader.o(i.AdcScanChannel) refers to adc_reader.o(.data) for .data
    configs.o(i.ReadFlashCfg) refers to flash.o(i.STMFLASH_ReadWord) for STMFLASH_ReadWord
    configs.o(i.ReadFlashCfg) refers to printfa.o(i.__0printf) for __2printf
    configs.o(i.ReadFlashCfg) refers to configs.o(.data) for .data
    configs.o(i.channelNumPP) refers to configs.o(.data) for .data
    configs.o(i.channelNumSS) refers to configs.o(.data) for .data
    configs.o(i.getChannelNum) refers to configs.o(.data) for .data
    configs.o(i.getCurrentPage) refers to configs.o(.data) for .data
    configs.o(i.getRfFrequency) refers to configs.o(.data) for .data
    configs.o(i.getSensorType) refers to configs.o(.data) for .data
    configs.o(i.setChannelNum) refers to configs.o(.data) for .data
[...]
    _printf_charcount                        0x00000000   Number         0  stubs.o ABSOLUTE
    _printf_d                                0x00000000   Number         0  stubs.o ABSOLUTE
    _printf_e                                0x00000000   Number         0  stubs.o ABSOLUTE
    _printf_f                                0x00000000   Number         0  stubs.o ABSOLUTE
    _printf_flags                            0x00000000   Number         0  stubs.o ABSOLUTE
    _printf_fp_dec                           0x00000000   Number         0  stubs.o ABSOLUTE
    _printf_fp_hex                           0x00000000   Number         0  stubs.o ABSOLUTE
    _printf_g                                0x00000000   Number         0  stubs.o ABSOLUTE
    _printf_i                                0x00000000   Number         0  stubs.o ABSOLUTE
    _printf_int_dec                          0x00000000   Number         0  stubs.o ABSOLUTE
    _printf_l                                0x00000000   Number         0  stubs.o ABSOLUTE
    _printf_lc                               0x00000000   Number         0  stubs.o ABSOLUTE
    _printf_ll                               0x00000000   Number         0  stubs.o ABSOLUTE
    _printf_lld                              0x00000000   Number         0  stubs.o ABSOLUTE
    _printf_lli                              0x00000000   Number         0  stubs.o ABSOLUTE
    _printf_llo                              0x00000000   Number         0  stubs.o ABSOLUTE
    _printf_llu                              0x00000000   Number         0  stubs.o ABSOLUTE
    _printf_llx                              0x00000000   Number         0  stubs.o ABSOLUTE
    _printf_longlong_dec                     0x00000000   Number         0  stubs.o ABSOLUTE
    _printf_longlong_hex                     0x00000000   Number         0  stubs.o ABSOLUTE
    _printf_longlong_oct                     0x00000000   Number         0  stubs.o ABSOLUTE
    _printf_ls                               0x00000000   Number         0  stubs.o ABSOLUTE
    _printf_mbtowc                           0x00000000   Number         0  stubs.o ABSOLUTE
    _printf_n                                0x00000000   Number         0  stubs.o ABSOLUTE
    _printf_o                                0x00000000   Number         0  stubs.o ABSOLUTE
    _printf_p                                0x00000000   Number         0  stubs.o ABSOLUTE
    _printf_percent                          0x00000000   Number         0  stubs.o ABSOLUTE
    _printf_pre_padding                      0x00000000   Number         0  stubs.o ABSOLUTE
    _printf_return_value                     0x00000000   Number         0  stubs.o ABSOLUTE
    _printf_s                                0x00000000   Number         0  stubs.o ABSOLUTE
    _printf_sizespec                         0x00000000   Number         0  stubs.o ABSOLUTE
    _printf_str                              0x00000000   Number         0  stubs.o ABSOLUTE
    _printf_truncate_signed                  0x00000000   Number         0  stubs.o ABSOLUTE
    _printf_truncate_unsigned                0x00000000   Number         0  stubs.o ABSOLUTE
    _printf_u                                0x00000000   Number         0  stubs.o ABSOLUTE
    _printf_wc                               0x00000000   Number         0  stubs.o ABSOLUTE
    _printf_wctomb                           0x00000000   Number         0  stubs.o ABSOLUTE
    _printf_widthprec                        0x00000000   Number         0  stubs.o ABSOLUTE
    _printf_x                                0x00000000   Number         0  stubs.o ABSOLUTE
    __arm_fini_                               - Undefined Weak Reference
    __cpp_initialize__aeabi_                  - Undefined Weak Reference
    __cxa_finalize                            - Undefined Weak Reference
    _clock_init                               - Undefined Weak Reference
    _microlib_exit                            - Undefined Weak Reference
    __Vectors_Size                           0x000000f4   Number         0  startup_stm32l151xb.o ABSOLUTE
    __Vectors                                0x08000000   Data           4  startup_stm32l151xb.o(RESET)
    __Vectors_End                            0x080000f4   Data           0  startup_stm32l151xb.o(RESET)
    __main                                   0x080000f5   Thumb Code     0  entry.o(.ARM.Collect$$$$00000000)
    _main_stk                                0x080000f5   Thumb Code     0  entry2.o(.ARM.Collect$$$$00000001)
    _main_scatterload                        0x080000f9   Thumb Code     0  entry5.o(.ARM.Collect$$$$00000004)
    __main_after_scatterload                 0x080000fd   Thumb Code     0  entry5.o(.ARM.Collect$$$$00000004)
    _main_clock                              0x080000fd   Thumb Code     0  entry7b.o(.ARM.Collect$$$$00000008)
    _main_cpp_init                           0x080000fd   Thumb Code     0  entry8b.o(.ARM.Collect$$$$0000000A)
    _main_init                               0x080000fd   Thumb Code     0  entry9a.o(.ARM.Collect$$$$0000000B)
    __rt_lib_shutdown_fini                   0x08000105   Thumb Code     0  entry12b.o(.ARM.Collect$$$$0000000E)
    __rt_final_cpp                           0x08000109   Thumb Code     0  entry10a.o(.ARM.Collect$$$$0000000F)
    __rt_final_exit                          0x08000109   Thumb Code     0  entry11a.o(.ARM.Collect$$$$00000011)
    Reset_Handler                            0x0800010d   Thumb Code     8  startup_stm32l151xb.o(.text)
    HardFault_Handler                        0x08000117   Thumb Code     2  startup_stm32l151xb.o(.text)
    SVC_Handler                              0x0800011f   Thumb Code     2  startup_stm32l151xb.o(.text)
    PendSV_Handler                           0x08000123   Thumb Code     2  startup_stm32l151xb.o(.text)
    ADC1_IRQHandler                          0x08000127   Thumb Code     0  startup_stm32l151xb.o(.text)
    COMP_IRQHandler                          0x08000127   Thumb Code     0  startup_stm32l151xb.o(.text)
    DAC_IRQHandler                           0x08000127   Thumb Code     0  startup_stm32l151xb.o(.text)
    DMA1_Channel1_IRQHandler                 0x08000127   Thumb Code     0  startup_stm32l151xb.o(.text)
    DMA1_Channel2_IRQHandler                 0x08000127   Thumb Code     0  startup_stm32l151xb.o(.text)
    DMA1_Channel3_IRQHandler                 0x08000127   Thumb Code     0  startup_stm32l151xb.o(.text)
    DMA1_Channel4_IRQHandler                 0x08000127   Thumb Code     0  startup_stm32l151xb.o(.text)
    DMA1_Channel5_IRQHandler                 0x08000127   Thumb Code     0  startup_stm32l151xb.o(.text)
    DMA1_Channel6_IRQHandler                 0x08000127   Thumb Code     0  startup_stm32l151xb.o(.text)
    DMA1_Channel7_IRQHandler                 0x08000127   Thumb Code     0  startup_stm32l151xb.o(.text)
    FLASH_IRQHandler                         0x08000127   Thumb Code     0  startup_stm32l151xb.o(.text)
    I2C1_ER_IRQHandler                       0x08000127   Thumb Code     0  startup_stm32l151xb.o(.text)
    I2C1_EV_IRQHandler                       0x08000127   Thumb Code     0  startup_stm32l151xb.o(.text)
    I2C2_ER_IRQHandler                       0x08000127   Thumb Code     0  startup_stm32l151xb.o(.text)
    I2C2_EV_IRQHandler                       0x08000127   Thumb Code     0  startup_stm32l151xb.o(.text)
    PVD_IRQHandler                           0x08000127   Thumb Code     0  startup_stm32l151xb.o(.text)
    RCC_IRQHandler                           0x08000127   Thumb Code     0  startup_stm32l151xb.o(.text)
    RTC_WKUP_IRQHandler                      0x08000127   Thumb Code     0  startup_stm32l151xb.o(.text)
    SPI1_IRQHandler                          0x08000127   Thumb Code     0  startup_stm32l151xb.o(.text)
    SPI2_IRQHandler                          0x08000127   Thumb Code     0  startup_stm32l151xb.o(.text)
    TAMPER_STAMP_IRQHandler                  0x08000127   Thumb Code     0  startup_stm32l151xb.o(.text)
    TIM10_IRQHandler                         0x08000127   Thumb Code     0  startup_stm32l151xb.o(.text)
    TIM11_IRQHandler                         0x08000127   Thumb Code     0  startup_stm32l151xb.o(.text)
    TIM4_IRQHandler                          0x08000127   Thumb Code     0  startup_stm32l151xb.o(.text)
    TIM6_IRQHandler                          0x08000127   Thumb Code     0  startup_stm32l151xb.o(.text)
    TIM7_IRQHandler                          0x08000127   Thumb Code     0  startup_stm32l151xb.o(.text)
    TIM9_IRQHandler                          0x08000127   Thumb Code     0  startup_stm32l151xb.o(.text)
    USART2_IRQHandler                        0x08000127   Thumb Code     0  startup_stm32l151xb.o(.text)
    USART3_IRQHandler                        0x08000127   Thumb Code     0  startup_stm32l151xb.o(.text)
    USB_FS_WKUP_IRQHandler                   0x08000127   Thumb Code     0  startup_stm32l151xb.o(.text)
    USB_HP_IRQHandler                        0x08000127   Thumb Code     0  startup_stm32l151xb.o(.text)
    USB_LP_IRQHandler                        0x08000127   Thumb Code     0  startup_stm32l151xb.o(.text)
    WWDG_IRQHandler                          0x08000127   Thumb Code     0  startup_stm32l151xb.o(.text)
    __aeabi_memcpy                           0x08000131   Thumb Code    36  memcpya.o(.text)
    __aeabi_memcpy4                          0x08000131   Thumb Code     0  memcpya.o(.text)
    __aeabi_memcpy8                          0x08000131   Thumb Code     0  memcpya.o(.text)
    __aeabi_memset                           0x08000155   Thumb Code    14  memseta.o(.text)
    __aeabi_memset4                          0x08000155   Thumb Code     0  memseta.o(.text)
    __aeabi_memset8                          0x08000155   Thumb Code     0  memseta.o(.text)
    __aeabi_memclr                           0x08000163   Thumb Code     4  memseta.o(.text)
    __aeabi_memclr4                          0x08000163   Thumb Code     0  memseta.o(.text)
    __aeabi_memclr8                          0x08000163   Thumb Code     0  memseta.o(.text)
    _memset$wrapper                          0x08000167   Thumb Code    18  memseta.o(.text)
    __aeabi_fadd                             0x08000179   Thumb Code   164  fadd.o(.text)
    __aeabi_fsub                             0x0800021d   Thumb Code     6  fadd.o(.text)
    __aeabi_frsub                            0x08000223   Thumb Code     6  fadd.o(.text)
    __aeabi_fmul                             0x08000229   Thumb Code   100  fmul.o(.text)
    __aeabi_fdiv                             0x0800028d   Thumb Code   124  fdiv.o(.text)
    __aeabi_dadd                             0x08000309   Thumb Code   322  dadd.o(.text)
    __aeabi_dsub                             0x0800044b   Thumb Code     6  dadd.o(.text)
    __aeabi_drsub                            0x08000451   Thumb Code     6  dadd.o(.text)
    __aeabi_dmul                             0x08000457   Thumb Code   228  dmul.o(.text)
    __aeabi_ddiv                             0x0800053b   Thumb Code   222  ddiv.o(.text)
    __ARM_scalbn                             0x08000619   Thumb Code    46  dscalb.o(.text)
    scalbn                                   0x08000619   Thumb Code     0  dscalb.o(.text)
    __aeabi_ui2f                             0x08000647   Thumb Code    10  ffltui.o(.text)
    __aeabi_i2d                              0x08000651   Thumb Code    34  dflti.o(.text)
    __aeabi_ui2d                             0x08000673   Thumb Code    26  dfltui.o(.text)
    __aeabi_d2iz                             0x0800068d   Thumb Code    62  dfixi.o(.text)
    __aeabi_d2uiz                            0x080006cb   Thumb Code    50  dfixui.o(.text)
    __aeabi_f2d                              0x080006fd   Thumb Code    38  f2d.o(.text)
    __aeabi_cdcmpeq                          0x08000725   Thumb Code     0  cdcmple.o(.text)
    __aeabi_cdcmple                          0x08000725   Thumb Code    48  cdcmple.o(.text)
    __aeabi_cdrcmple                         0x08000755   Thumb Code    48  cdrcmple.o(.text)
    __aeabi_d2f                              0x08000785   Thumb Code    56  d2f.o(.text)
    __aeabi_uidiv                            0x080007bd   Thumb Code     0  uidiv.o(.text)
    __aeabi_uidivmod                         0x080007bd   Thumb Code    44  uidiv.o(.text)
    __aeabi_uldivmod                         0x080007e9   Thumb Code    98  uldiv.o(.text)
    __aeabi_llsl                             0x0800084b   Thumb Code    30  llshl.o(.text)
    _ll_shift_l                              0x0800084b   Thumb Code     0  llshl.o(.text)
    __aeabi_llsr                             0x08000869   Thumb Code    32  llushr.o(.text)
    _ll_ushift_r                             0x08000869   Thumb Code     0  llushr.o(.text)
    __aeabi_lasr                             0x08000889   Thumb Code    36  llsshr.o(.text)
    _ll_sshift_r                             0x08000889   Thumb Code     0  llsshr.o(.text)
    __I$use$fp                               0x080008ad   Thumb Code     0  iusefp.o(.text)
    _float_round                             0x080008ad   Thumb Code    18  fepilogue.o(.text)
    _float_epilogue                          0x080008bf   Thumb Code    92  fepilogue.o(.text)
    _double_round                            0x0800091b   Thumb Code    30  depilogue.o(.text)
    _double_epilogue                         0x08000939   Thumb Code   156  depilogue.o(.text)
    _drnd                                    0x080009d5   Thumb Code   132  drnd.o(.text)
    __aeabi_d2ulz                            0x08000a5d   Thumb Code    48  dfixul.o(.text)
    __scatterload                            0x08000a8d   Thumb Code    28  init.o(.text)
    __scatterload_rt2                        0x08000a8d   Thumb Code     0  init.o(.text)
    __decompress                             0x08000ab1   Thumb Code     0  __dczerorl2.o(.text)
    __decompress1                            0x08000ab1   Thumb Code    86  __dczerorl2.o(.text)
    ADCS_Init                                0x08000b09   Thumb Code    24  adc_reader.o(i.ADCS_Init)
    ADC_ConversionStop_Disable               0x08000b25   Thumb Code    76  stm32l1xx_hal_adc.o(i.ADC_ConversionStop_Disable)
    ADC_Enable                               0x08000b71   Thumb Code   108  stm32l1xx_hal_adc.o(i.ADC_Enable)
    AdcInit                                  0x08000be5   Thumb Code    28  adc.o(i.AdcInit)
    AdcMcuConfig                             0x08000c05   Thumb Code    40  adc-board.o(i.AdcMcuConfig)
    AdcMcuInit                               0x08000c31   Thumb Code    60  adc-board.o(i.AdcMcuInit)
    AdcMcuReadChannel                        0x08000c79   Thumb Code   214  adc-board.o(i.AdcMcuReadChannel)
    AdcReadCh0                               0x08000d5d   Thumb Code     6  adc_reader.o(i.AdcReadCh0)
    AdcReadChannel                           0x08000d69   Thumb Code    14  adc.o(i.AdcReadChannel)
    AdcScanChannel                           0x08000d7d   Thumb Code    90  adc_reader.o(i.AdcScanChannel)
    BlockLowPowerDuringTask                  0x08000de5   Thumb Code    16  rtc-board.o(i.BlockLowPowerDuringTask)
    BoardDisableIrq                          0x08000df9   Thumb Code    12  board.o(i.BoardDisableIrq)
    BoardEnableIrq                           0x08000e09   Thumb Code    18  board.o(i.BoardEnableIrq)
    BoardInitMcu                             0x08000e21   Thumb Code   112  board.o(i.BoardInitMcu)
    BoardInitPeriph                          0x08000e99   Thumb Code    90  board.o(i.BoardInitPeriph)
    BusFault_Handler                         0x08000ef9   Thumb Code     2  sysirqhandlers.o(i.BusFault_Handler)
    DebugMon_Handler                         0x08000efb   Thumb Code     2  sysirqhandlers.o(i.DebugMon_Handler)
    DelayMicroSeconds                        0x08000efd   Thumb Code    20  hal_temhum.o(i.DelayMicroSeconds)
    DelayMs                                  0x08000f11   Thumb Code     4  delay.o(i.DelayMs)
    EXTI0_IRQHandler                         0x08000f15   Thumb Code    16  gpio-board.o(i.EXTI0_IRQHandler)
    EXTI15_10_IRQHandler                     0x08000f25   Thumb Code    58  gpio-board.o(i.EXTI15_10_IRQHandler)
    EXTI1_IRQHandler                         0x08000f5f   Thumb Code    16  gpio-board.o(i.EXTI1_IRQHandler)
    EXTI2_IRQHandler                         0x08000f6f   Thumb Code    16  gpio-board.o(i.EXTI2_IRQHandler)
    EXTI3_IRQHandler                         0x08000f7f   Thumb Code    16  gpio-board.o(i.EXTI3_IRQHandler)
    EXTI4_IRQHandler                         0x08000f8f   Thumb Code    16  gpio-board.o(i.EXTI4_IRQHandler)
    EXTI9_5_IRQHandler                       0x08000f9f   Thumb Code    44  gpio-board.o(i.EXTI9_5_IRQHandler)
    GpioInit                                 0x08000ff9   Thumb Code    16  gpio.o(i.GpioInit)
    GpioMcuInit                              0x08001009   Thumb Code   234  gpio-board.o(i.GpioMcuInit)
    GpioMcuSetInterrupt                      0x0800110d   Thumb Code   246  gpio-board.o(i.GpioMcuSetInterrupt)
    GpioMcuWrite                             0x08001215   Thumb Code    20  gpio-board.o(i.GpioMcuWrite)
    GpioSetInterrupt                         0x08001229   Thumb Code     4  gpio.o(i.GpioSetInterrupt)
    GpioWrite                                0x0800122d   Thumb Code     4  gpio.o(i.GpioWrite)
    HAL_ADC_ConfigChannel                    0x08001231   Thumb Code   316  stm32l1xx_hal_adc.o(i.HAL_ADC_ConfigChannel)
    HAL_ADC_DeInit                           0x08001379   Thumb Code   242  stm32l1xx_hal_adc.o(i.HAL_ADC_DeInit)
    HAL_ADC_GetValue                         0x0800147d   Thumb Code     6  stm32l1xx_hal_adc.o(i.HAL_ADC_GetValue)
    HAL_ADC_Init                             0x08001485   Thumb Code   390  stm32l1xx_hal_adc.o(i.HAL_ADC_Init)
    HAL_ADC_MspDeInit                        0x08001621   Thumb Code     2  stm32l1xx_hal_adc.o(i.HAL_ADC_MspDeInit)
    HAL_ADC_MspInit                          0x08001623   Thumb Code     2  stm32l1xx_hal_adc.o(i.HAL_ADC_MspInit)
    HAL_ADC_PollForConversion                0x08001625   Thumb Code   166  stm32l1xx_hal_adc.o(i.HAL_ADC_PollForConversion)
    HAL_ADC_Start                            0x080016cb   Thumb Code   118  stm32l1xx_hal_adc.o(i.HAL_ADC_Start)
    HAL_DBGMCU_EnableDBGSleepMode            0x08001741   Thumb Code    12  stm32l1xx_hal.o(i.HAL_DBGMCU_EnableDBGSleepMode)
    HAL_DBGMCU_EnableDBGStandbyMode          0x08001751   Thumb Code    12  stm32l1xx_hal.o(i.HAL_DBGMCU_EnableDBGStandbyMode)
    HAL_DBGMCU_EnableDBGStopMode             0x08001761   Thumb Code    12  stm32l1xx_hal.o(i.HAL_DBGMCU_EnableDBGStopMode)
    HAL_Delay                                0x08001771   Thumb Code    22  stm32l1xx_hal.o(i.HAL_Delay)
    HAL_GPIO_EXTI_Callback                   0x08001789   Thumb Code    30  gpio-board.o(i.HAL_GPIO_EXTI_Callback)
    HAL_GPIO_EXTI_IRQHandler                 0x080017ad   Thumb Code    18  stm32l1xx_hal_gpio.o(i.HAL_GPIO_EXTI_IRQHandler)
    HAL_GPIO_Init                            0x080017c5   Thumb Code   364  stm32l1xx_hal_gpio.o(i.HAL_GPIO_Init)
    HAL_GPIO_ReadPin                         0x08001951   Thumb Code    10  stm32l1xx_hal_gpio.o(i.HAL_GPIO_ReadPin)
    HAL_GPIO_WritePin                        0x0800195b   Thumb Code    10  stm32l1xx_hal_gpio.o(i.HAL_GPIO_WritePin)
    HAL_GetTick                              0x08001965   Thumb Code     6  stm32l1xx_hal.o(i.HAL_GetTick)
    HAL_IncTick                              0x08001971   Thumb Code    10  stm32l1xx_hal.o(i.HAL_IncTick)
    HAL_Init                                 0x08001981   Thumb Code    22  stm32l1xx_hal.o(i.HAL_Init)
    HAL_InitTick                             0x08001999   Thumb Code    34  stm32l1xx_hal.o(i.HAL_InitTick)
    HAL_MspInit                              0x080019c1   Thumb Code     2  stm32l1xx_hal.o(i.HAL_MspInit)
    HAL_NVIC_EnableIRQ                       0x080019c3   Thumb Code    22  stm32l1xx_hal_cortex.o(i.HAL_NVIC_EnableIRQ)
    HAL_NVIC_SetPriority                     0x080019d9   Thumb Code    60  stm32l1xx_hal_cortex.o(i.HAL_NVIC_SetPriority)
    HAL_NVIC_SetPriorityGrouping             0x08001a19   Thumb Code    26  stm32l1xx_hal_cortex.o(i.HAL_NVIC_SetPriorityGrouping)
    HAL_PWREx_GetVoltageRange                0x08001a3d   Thumb Code    10  stm32l1xx_hal_pwr_ex.o(i.HAL_PWREx_GetVoltageRange)
    HAL_RCCEx_PeriphCLKConfig                0x08001a4d   Thumb Code   348  stm32l1xx_hal_rcc_ex.o(i.HAL_RCCEx_PeriphCLKConfig)
    HAL_RCC_ClockConfig                      0x08001bb5   Thumb Code   450  stm32l1xx_hal_rcc.o(i.HAL_RCC_ClockConfig)
    HAL_RCC_GetHCLKFreq                      0x08001d89   Thumb Code     6  stm32l1xx_hal_rcc.o(i.HAL_RCC_GetHCLKFreq)
    HAL_RCC_GetPCLK1Freq                     0x08001d95   Thumb Code    34  stm32l1xx_hal_rcc.o(i.HAL_RCC_GetPCLK1Freq)
    HAL_RCC_GetPCLK2Freq                     0x08001dc5   Thumb Code    34  stm32l1xx_hal_rcc.o(i.HAL_RCC_GetPCLK2Freq)
    HAL_RCC_GetSysClockFreq                  0x08001df5   Thumb Code   122  stm32l1xx_hal_rcc.o(i.HAL_RCC_GetSysClockFreq)
    HAL_RCC_OscConfig                        0x08001e81   Thumb Code  1860  stm32l1xx_hal_rcc.o(i.HAL_RCC_OscConfig)
    HAL_RTCEx_AlarmBEventCallback            0x080025d1   Thumb Code     2  stm32l1xx_hal_rtc_ex.o(i.HAL_RTCEx_AlarmBEventCallback)
    HAL_RTCEx_DeactivateWakeUpTimer          0x080025d3   Thumb Code   122  stm32l1xx_hal_rtc_ex.o(i.HAL_RTCEx_DeactivateWakeUpTimer)
    HAL_RTC_AlarmAEventCallback              0x0800264d   Thumb Code     2  stm32l1xx_hal_rtc.o(i.HAL_RTC_AlarmAEventCallback)
    HAL_RTC_AlarmIRQHandler                  0x08002651   Thumb Code    86  stm32l1xx_hal_rtc.o(i.HAL_RTC_AlarmIRQHandler)
    HAL_RTC_DeactivateAlarm                  0x080026ad   Thumb Code   178  stm32l1xx_hal_rtc.o(i.HAL_RTC_DeactivateAlarm)
    HAL_RTC_GetAlarm                         0x0800275f   Thumb Code   110  stm32l1xx_hal_rtc_ex.o(i.HAL_RTC_GetAlarm)
    HAL_RTC_GetDate                          0x080027cd   Thumb Code    62  stm32l1xx_hal_rtc.o(i.HAL_RTC_GetDate)
    HAL_RTC_GetTime                          0x08002811   Thumb Code    66  stm32l1xx_hal_rtc_ex.o(i.HAL_RTC_GetTime)
    HAL_RTC_Init                             0x08002859   Thumb Code   150  stm32l1xx_hal_rtc.o(i.HAL_RTC_Init)
    HAL_RTC_MspInit                          0x080028f5   Thumb Code     2  stm32l1xx_hal_rtc.o(i.HAL_RTC_MspInit)
    HAL_RTC_SetAlarm_IT                      0x080028f9   Thumb Code   378  stm32l1xx_hal_rtc_ex.o(i.HAL_RTC_SetAlarm_IT)
    HAL_RTC_SetDate                          0x08002a79   Thumb Code   196  stm32l1xx_hal_rtc.o(i.HAL_RTC_SetDate)
    HAL_RTC_SetTime                          0x08002b41   Thumb Code   228  stm32l1xx_hal_rtc.o(i.HAL_RTC_SetTime)
    HAL_RTC_WaitForSynchro                   0x08002c29   Thumb Code    54  stm32l1xx_hal_rtc_ex.o(i.HAL_RTC_WaitForSynchro)
    HAL_SPI_Init                             0x08002c5f   Thumb Code   122  stm32l1xx_hal_spi_ex.o(i.HAL_SPI_Init)
    HAL_SPI_MspInit                          0x08002cd9   Thumb Code     2  stm32l1xx_hal_spi.o(i.HAL_SPI_MspInit)
    HAL_SYSTICK_CLKSourceConfig              0x08002cdb   Thumb Code    24  stm32l1xx_hal_cortex.o(i.HAL_SYSTICK_CLKSourceConfig)
    HAL_SYSTICK_Callback                     0x08002cf3   Thumb Code     2  stm32l1xx_hal_cortex.o(i.HAL_SYSTICK_Callback)
    HAL_SYSTICK_Config                       0x08002cf5   Thumb Code    40  stm32l1xx_hal_cortex.o(i.HAL_SYSTICK_Config)
    HAL_SYSTICK_IRQHandler                   0x08002d1d   Thumb Code     8  stm32l1xx_hal_cortex.o(i.HAL_SYSTICK_IRQHandler)
    HAL_TIM_Base_Init                        0x08002d25   Thumb Code    54  stm32l1xx_hal_tim.o(i.HAL_TIM_Base_Init)
    HAL_TIM_Base_MspInit                     0x08002d5d   Thumb Code    86  tim-board.o(i.HAL_TIM_Base_MspInit)
    HAL_TIM_Base_Start_IT                    0x08002dbd   Thumb Code    24  stm32l1xx_hal_tim.o(i.HAL_TIM_Base_Start_IT)
    HAL_TIM_IC_CaptureCallback               0x08002dd5   Thumb Code     2  stm32l1xx_hal_tim.o(i.HAL_TIM_IC_CaptureCallback)
    HAL_TIM_IRQHandler                       0x08002dd7   Thumb Code   294  stm32l1xx_hal_tim.o(i.HAL_TIM_IRQHandler)
    HAL_TIM_OC_DelayElapsedCallback          0x08002efd   Thumb Code     2  stm32l1xx_hal_tim.o(i.HAL_TIM_OC_DelayElapsedCallback)
    HAL_TIM_PWM_PulseFinishedCallback        0x08002eff   Thumb Code     2  stm32l1xx_hal_tim.o(i.HAL_TIM_PWM_PulseFinishedCallback)
    HAL_TIM_PeriodElapsedCallback            0x08002f01   Thumb Code    30  tim-board.o(i.HAL_TIM_PeriodElapsedCallback)
    HAL_TIM_TriggerCallback                  0x08002f29   Thumb Code     2  stm32l1xx_hal_tim.o(i.HAL_TIM_TriggerCallback)
    HAL_UART_Init                            0x08002f2b   Thumb Code    94  stm32l1xx_hal_uart.o(i.HAL_UART_Init)
    HAL_UART_MspInit                         0x08002f89   Thumb Code     2  stm32l1xx_hal_uart.o(i.HAL_UART_MspInit)
    HAL_UART_Receive_IT                      0x08002f8d   Thumb Code   106  stm32l1xx_hal_uart.o(i.HAL_UART_Receive_IT)
    I2c_Init                                 0x08002ff9   Thumb Code    70  hal_temhum.o(i.I2c_Init)
    I2c_ReadByte                             0x08003049   Thumb Code   226  hal_temhum.o(i.I2c_ReadByte)
    I2c_SclInOutInit                         0x08003131   Thumb Code    50  hal_temhum.o(i.I2c_SclInOutInit)
    I2c_StartCondition                       0x08003169   Thumb Code    72  hal_temhum.o(i.I2c_StartCondition)
    I2c_StopCondition                        0x080031b5   Thumb Code    72  hal_temhum.o(i.I2c_StopCondition)
    I2c_WriteByte                            0x08003201   Thumb Code   144  hal_temhum.o(i.I2c_WriteByte)
    I2c_sdaInOutInit                         0x08003295   Thumb Code    50  hal_temhum.o(i.I2c_sdaInOutInit)
    Init                                     0x080032cd   Thumb Code    30  main.o(i.Init)
    KeyDownHandler                           0x080032f1   Thumb Code    84  main.o(i.KeyDownHandler)
    MemManage_Handler                        0x08003349   Thumb Code     2  sysirqhandlers.o(i.MemManage_Handler)
    NMI_Handler                              0x0800334b   Thumb Code     2  sysirqhandlers.o(i.NMI_Handler)
    NS_RadioEventsInit                       0x0800334d   Thumb Code    30  ns_radio.o(i.NS_RadioEventsInit)
    NS_RadioInit                             0x08003389   Thumb Code    38  ns_radio.o(i.NS_RadioInit)
    NS_RadioSetTxRxConfig                    0x080033b5   Thumb Code    98  ns_radio.o(i.NS_RadioSetTxRxConfig)
    OLED_Clear                               0x0800343d   Thumb Code    60  hal_oled.o(i.OLED_Clear)
    OLED_Init                                0x08003479   Thumb Code     6  hal_oled.o(i.OLED_Init)
    OLED_Init_Set_Inverse                    0x08003481   Thumb Code   324  hal_oled.o(i.OLED_Init_Set_Inverse)
    OLED_Set_Pos                             0x080035c9   Thumb Code    44  hal_oled.o(i.OLED_Set_Pos)
    OLED_ShowCHinese                         0x080035f5   Thumb Code    74  hal_oled.o(i.OLED_ShowCHinese)
    OLED_ShowCHineseArray                    0x08003645   Thumb Code    64  hal_oled.o(i.OLED_ShowCHineseArray)
    OLED_ShowChar                            0x08003685   Thumb Code    94  hal_oled.o(i.OLED_ShowChar)
    OLED_ShowString                          0x080036e9   Thumb Code    50  hal_oled.o(i.OLED_ShowString)
    OLED_State                               0x0800371d   Thumb Code   450  main.o(i.OLED_State)
    OLED_WR_Byte                             0x080038f5   Thumb Code    98  hal_oled.o(i.OLED_WR_Byte)
    OnRxDone                                 0x0800395d   Thumb Code    56  ns_radio.o(i.OnRxDone)
    OnRxError                                0x080039a1   Thumb Code    20  ns_radio.o(i.OnRxError)
    OnRxTimeout                              0x080039b9   Thumb Code    20  ns_radio.o(i.OnRxTimeout)
    OnTxDone                                 0x080039d1   Thumb Code    20  ns_radio.o(i.OnTxDone)
    OnTxTimeout                              0x080039e9   Thumb Code    20  ns_radio.o(i.OnTxTimeout)
    RTC_Alarm_IRQHandler                     0x08003a9d   Thumb Code    40  rtc-board.o(i.RTC_Alarm_IRQHandler)
    RTC_Bcd2ToByte                           0x08003ac9   Thumb Code    18  stm32l1xx_hal_rtc.o(i.RTC_Bcd2ToByte)
    RTC_ByteToBcd2                           0x08003adb   Thumb Code    22  stm32l1xx_hal_rtc.o(i.RTC_ByteToBcd2)
    RTC_EnterInitMode                        0x08003af1   Thumb Code    58  stm32l1xx_hal_rtc.o(i.RTC_EnterInitMode)
    RtcGetAdjustedTimeoutValue               0x08003ed1   Thumb Code    44  rtc-board.o(i.RtcGetAdjustedTimeoutValue)
    RtcGetElapsedAlarmTime                   0x08003f59   Thumb Code    30  rtc-board.o(i.RtcGetElapsedAlarmTime)
    RtcInit                                  0x08003f7d   Thumb Code   128  rtc-board.o(i.RtcInit)
    RtcRecoverMcuStatus                      0x0800400d   Thumb Code    52  rtc-board.o(i.RtcRecoverMcuStatus)
    RtcSetTimeout                            0x0800404d   Thumb Code     4  rtc-board.o(i.RtcSetTimeout)
    SHT1X_Init                               0x08004179   Thumb Code    26  hal_temhum.o(i.SHT1X_Init)
    SHT3X_GetTempAndHumi                     0x08004211   Thumb Code    32  hal_temhum.o(i.SHT3X_GetTempAndHumi)
    SHT3X_GetTempAndHumiClkStretch           0x08004231   Thumb Code   128  hal_temhum.o(i.SHT3X_GetTempAndHumiClkStretch)
    SHT3X_GetTempAndHumiPolling              0x080042b1   Thumb Code   160  hal_temhum.o(i.SHT3X_GetTempAndHumiPolling)
    SHT3X_HardReset                          0x08004351   Thumb Code    20  hal_temhum.o(i.SHT3X_HardReset)
    SHT3X_Init                               0x08004369   Thumb Code    32  hal_temhum.o(i.SHT3X_Init)
    SHT3X_SoftReset                          0x080043d7   Thumb Code    36  hal_temhum.o(i.SHT3X_SoftReset)
    SHT3x_ReadSerialNumber                   0x0800444f   Thumb Code    78  hal_temhum.o(i.SHT3x_ReadSerialNumber)
    SHTXX_Init                               0x0800449d   Thumb Code    24  hal_temhum.o(i.SHTXX_Init)
    SX1276CheckRfFrequency                   0x080044b9   Thumb Code     4  sx1276-board.o(i.SX1276CheckRfFrequency)
    SX1276GetPaSelect                        0x080044bd   Thumb Code    14  sx1276-board.o(i.SX1276GetPaSelect)
    SX1276GetStatus                          0x080044d1   Thumb Code     8  sx1276.o(i.SX1276GetStatus)
    SX1276GetTimeOnAir                       0x080044dd   Thumb Code   462  sx1276.o(i.SX1276GetTimeOnAir)
    SX1276Init                               0x080046d5   Thumb Code   100  sx1276.o(i.SX1276Init)
    SX1276IoInit                             0x0800474d   Thumb Code    60  sx1276-board.o(i.SX1276IoInit)
    SX1276IoIrqInit                          0x0800478d   Thumb Code    34  sx1276-board.o(i.SX1276IoIrqInit)
    SX1276IsChannelFree                      0x080047b5   Thumb Code    54  sx1276.o(i.SX1276IsChannelFree)
    SX1276OnDio0Irq                          0x080047ed   Thumb Code   580  sx1276.o(i.SX1276OnDio0Irq)
    SX1276OnDio1Irq                          0x08004a45   Thumb Code   208  sx1276.o(i.SX1276OnDio1Irq)
    SX1276OnTimeoutIrq                       0x08004b21   Thumb Code   206  sx1276.o(i.SX1276OnTimeoutIrq)
    SX1276Random                             0x08004c01   Thumb Code    62  sx1276.o(i.SX1276Random)
    SX1276Read                               0x08004c3f   Thumb Code    16  sx1276.o(i.SX1276Read)
    SX1276ReadBuffer                         0x08004c51   Thumb Code    68  sx1276.o(i.SX1276ReadBuffer)
    SX1276ReadFifo                           0x08004c99   Thumb Code    10  sx1276.o(i.SX1276ReadFifo)
    SX1276ReadRssi                           0x08004ca5   Thumb Code    58  sx1276.o(i.SX1276ReadRssi)
    SX1276Send                               0x08004ce9   Thumb Code   240  sx1276.o(i.SX1276Send)
    SX1276SetAntSw                           0x08004de1   Thumb Code     2  sx1276-board.o(i.SX1276SetAntSw)
    SX1276SetAntSwLowPower                   0x08004de5   Thumb Code    12  sx1276-board.o(i.SX1276SetAntSwLowPower)
    SX1276SetChannel                         0x08004df5   Thumb Code    58  sx1276.o(i.SX1276SetChannel)
    SX1276SetMaxPayloadLength                0x08004e39   Thumb Code    46  sx1276.o(i.SX1276SetMaxPayloadLength)
    SX1276SetModem                           0x08004e6d   Thumb Code   114  sx1276.o(i.SX1276SetModem)
    SX1276SetOpMode                          0x08004ee5   Thumb Code    48  sx1276.o(i.SX1276SetOpMode)
    SX1276SetPublicNetwork                   0x08004f15   Thumb Code    34  sx1276.o(i.SX1276SetPublicNetwork)
    SX1276SetRfTxPower                       0x08004f3d   Thumb Code   158  sx1276-board.o(i.SX1276SetRfTxPower)
    SX1276SetRx                              0x08004fe1   Thumb Code   534  sx1276.o(i.SX1276SetRx)
    SX1276SetRxConfig                        0x0800521d   Thumb Code   640  sx1276.o(i.SX1276SetRxConfig)
    SX1276SetSleep                           0x080054b1   Thumb Code    32  sx1276.o(i.SX1276SetSleep)
    SX1276SetStby                            0x080054d9   Thumb Code    32  sx1276.o(i.SX1276SetStby)
    SX1276SetTx                              0x08005501   Thumb Code   156  sx1276.o(i.SX1276SetTx)
    SX1276SetTxConfig                        0x080055a5   Thumb Code   506  sx1276.o(i.SX1276SetTxConfig)
    SX1276SetTxContinuousWave                0x080057ad   Thumb Code   138  sx1276.o(i.SX1276SetTxContinuousWave)
    SX1276StartCad                           0x08005845   Thumb Code    58  sx1276.o(i.SX1276StartCad)
    SX1276Write                              0x08005885   Thumb Code    12  sx1276.o(i.SX1276Write)
    SX1276WriteBuffer                        0x08005891   Thumb Code    66  sx1276.o(i.SX1276WriteBuffer)
    SX1276WriteFifo                          0x080058d9   Thumb Code    10  sx1276.o(i.SX1276WriteFifo)
    Serial_DataInOutInit                     0x080058e5   Thumb Code    50  hal_temhum.o(i.Serial_DataInOutInit)
    Serial_Init                              0x08005939   Thumb Code    70  hal_temhum.o(i.Serial_Init)
    SpiFormat                                0x08005989   Thumb Code    48  spi-board.o(i.SpiFormat)
    SpiFrequency                             0x080059b9   Thumb Code    38  spi-board.o(i.SpiFrequency)
    SpiInOut                                 0x080059e5   Thumb Code    56  spi-board.o(i.SpiInOut)
    SpiInit                                  0x08005a1d   Thumb Code   256  spi-board.o(i.SpiInit)
    State_Send                               0x08005b2d   Thumb Code   124  main.o(i.State_Send)
    SysTick_Handler                          0x08005bbd   Thumb Code    14  board.o(i.SysTick_Handler)
    SystemInit                               0x08005d31   Thumb Code    62  system_stm32l1xx.o(i.SystemInit)
    TIM2_IRQHandler                          0x08005d81   Thumb Code     6  tim-board.o(i.TIM2_IRQHandler)
    TIM3_IRQHandler                          0x08005d8d   Thumb Code     6  tim-board.o(i.TIM3_IRQHandler)
    Tim2McuInit                              0x08005e05   Thumb Code    78  tim-board.o(i.Tim2McuInit)
    Time2Handler                             0x08005e8d   Thumb Code     4  timer_handles.o(i.Time2Handler)
    TimerInit                                0x08005e91   Thumb Code    14  timer.o(i.TimerInit)
    TimerIrqHandler                          0x08005f15   Thumb Code    78  timer.o(i.TimerIrqHandler)
    TimerSetValue                            0x08005f89   Thumb Code    16  timer.o(i.TimerSetValue)
    TimerStart                               0x08005f99   Thumb Code    90  timer.o(i.TimerStart)
    TimerStop                                0x08005ff9   Thumb Code   134  timer.o(i.TimerStop)
    USART1_GetFlagStatus                     0x08006325   Thumb Code    16  usart1-board.o(i.USART1_GetFlagStatus)
    USART1_IRQHandler                        0x08006339   Thumb Code    48  usart1-board.o(i.USART1_IRQHandler)
    USART1_Init                              0x08006371   Thumb Code    58  usart1-board.o(i.USART1_Init)
    USART1_ReceiveData                       0x080063b9   Thumb Code    10  usart1-board.o(i.USART1_ReceiveData)
    USART1_SendStr                           0x080063c9   Thumb Code    44  usart1-board.o(i.USART1_SendStr)
    UartConfig                               0x080063f9   Thumb Code    26  uart.o(i.UartConfig)
    UartInit                                 0x08006413   Thumb Code    26  uart.o(i.UartInit)
    UartMcuConfig                            0x0800642d   Thumb Code   682  uart-board.o(i.UartMcuConfig)
    UartMcuInit                              0x080066ed   Thumb Code   180  uart-board.o(i.UartMcuInit)
    UsageFault_Handler                       0x080067a5   Thumb Code     2  sysirqhandlers.o(i.UsageFault_Handler)
    __0printf                                0x080067a9   Thumb Code    22  printfa.o(i.__0printf)
    __1printf                                0x080067a9   Thumb Code     0  printfa.o(i.__0printf)
    __2printf                                0x080067a9   Thumb Code     0  printfa.o(i.__0printf)
    __c89printf                              0x080067a9   Thumb Code     0  printfa.o(i.__0printf)
    printf                                   0x080067a9   Thumb Code     0  printfa.o(i.__0printf)
    __0sprintf                               0x080067c9   Thumb Code    34  printfa.o(i.__0sprintf)
    __1sprintf                               0x080067c9   Thumb Code     0  printfa.o(i.__0sprintf)
    __2sprintf                               0x080067c9   Thumb Code     0  printfa.o(i.__0sprintf)
    __c89sprintf                             0x080067c9   Thumb Code     0  printfa.o(i.__0sprintf)
    sprintf                                  0x080067c9   Thumb Code     0  printfa.o(i.__0sprintf)
    __scatterload_copy                       0x080067f1   Thumb Code    14  handlers.o(i.__scatterload_copy)
    __scatterload_null                       0x080067ff   Thumb Code     2  handlers.o(i.__scatterload_null)
    __scatterload_zeroinit                   0x08006801   Thumb Code    14  handlers.o(i.__scatterload_zeroinit)
    calc_sth11                               0x080070a5   Thumb Code   154  hal_temhum.o(i.calc_sth11)
    call_sht11                               0x08007171   Thumb Code    58  hal_temhum.o(i.call_sht11)
    call_sht1x                               0x080071b1   Thumb Code    84  hal_temhum.o(i.call_sht1x)
    ceil                                     0x08007205   Thumb Code   204  ceil.o(i.ceil)
    floor                                    0x080072e1   Thumb Code   204  floor.o(i.floor)
    fputc                                    0x080073bd   Thumb Code    18  uart.o(i.fputc)
    hal_temHumInit                           0x080073d5   Thumb Code     4  hal_temhum.o(i.hal_temHumInit)
    isKey2Pressed                            0x080073d9   Thumb Code     6  hal_key.o(i.isKey2Pressed)
    isKey3Pressed                            0x080073e5   Thumb Code     6  hal_key.o(i.isKey3Pressed)
    isKey4Pressed                            0x080073f1   Thumb Code     6  hal_key.o(i.isKey4Pressed)
    keyScanner                               0x080073fd   Thumb Code    22  key_scaner.o(i.keyScanner)
    keys_init                                0x08007419   Thumb Code    60  hal_key.o(i.keys_init)
    main                                     0x0800745d   Thumb Code    58  main.o(i.main)
    memcpy1                                  0x0800749d   Thumb Code    20  utilities.o(i.memcpy1)
    resetKey2                                0x080074b1   Thumb Code     8  hal_key.o(i.resetKey2)
    resetKey3                                0x080074bd   Thumb Code     8  hal_key.o(i.resetKey3)
    resetKey4                                0x080074c9   Thumb Code     8  hal_key.o(i.resetKey4)
    round                                    0x080074d5   Thumb Code   136  round.o(i.round)
    s_connectionreset                        0x08007569   Thumb Code    74  hal_temhum.o(i.s_connectionreset)
    s_measure                                0x080075b9   Thumb Code   126  hal_temhum.o(i.s_measure)
    s_read_byte                              0x0800763d   Thumb Code   152  hal_temhum.o(i.s_read_byte)
    s_softreset                              0x080076d9   Thumb Code    16  hal_temhum.o(i.s_softreset)
    s_transstart                             0x080076e9   Thumb Code   124  hal_temhum.o(i.s_transstart)
    s_write_byte                             0x08007769   Thumb Code   148  hal_temhum.o(i.s_write_byte)
    scan_keys                                0x08007801   Thumb Code   208  hal_key.o(i.scan_keys)
    setTimer2Callback                        0x080078dd   Thumb Code     6  tim-board.o(i.setTimer2Callback)
    Radio                                    0x08007900   Data          92  sx1276-board.o(.constdata)
    PLLMulTable                              0x0800795c   Data           9  system_stm32l1xx.o(.constdata)
    AHBPrescTable                            0x08007965   Data          16  system_stm32l1xx.o(.constdata)
    APBPrescTable                            0x08007975   Data           8  system_stm32l1xx.o(.constdata)
    RadioRegsInit                            0x08008c70   Data          48  sx1276.o(.constdata)
    FskBandwidths                            0x08008ca0   Data         176  sx1276.o(.constdata)
    Region$$Table$$Base                      0x08008d50   Number         0  anon$$obj.o(Region$$Table)
    Region$$Table$$Limit                     0x08008d70   Number         0  anon$$obj.o(Region$$Table)
    Z                                        0x20000000   Data           1  main.o(.data)
    State                                    0x20000001   Data           1  main.o(.data)
    kaiguan                                  0x20000002   Data          64  main.o(.data)
    Hxdss                                    0x20000042   Data         160  main.o(.data)
    ADC0Value                                0x200000e4   Data           2  adc_reader.o(.data)
    ADC2Value                                0x200000e6   Data           2  adc_reader.o(.data)
    VoltageValue                             0x200000e8   Data           4  adc_reader.o(.data)
    VoltageValue2                            0x200000ec   Data           4  adc_reader.o(.data)
    NonScheduledWakeUp                       0x200000fd   Data           1  rtc-board.o(.data)
    McuWakeUpTime                            0x20000104   Data           4  rtc-board.o(.data)
    timer2Callback                           0x20000110   Data           4  tim-board.o(.data)
    timer3Callback                           0x20000114   Data           4  tim-board.o(.data)
    RxData                                   0x20000118   Data           1  uart-board.o(.data)
    Rx2Data                                  0x20000119   Data           1  uart-board.o(.data)
    Rx3Data                                  0x2000011a   Data           1  uart-board.o(.data)
    F_USART1_RX_FINISH                       0x2000011c   Data           1  usart1-board.o(.data)
    F_USART1_RX_RECEIVING                    0x2000011d   Data           1  usart1-board.o(.data)
    USART1_RX_TIMEOUT_COUNT                  0x2000011e   Data           1  usart1-board.o(.data)
    USART1_RX_COUNT                          0x20000120   Data           2  usart1-board.o(.data)
    SystemCoreClock                          0x20000124   Data           4  system_stm32l1xx.o(.data)
    uwTick                                   0x20000128   Data           4  stm32l1xx_hal.o(.data)
    light_status                             0x2000012c   Data           1  hal_key.o(.data)
    fan_status                               0x2000012d   Data           1  hal_key.o(.data)
    is_key2_down                             0x2000012e   Data           1  hal_key.o(.data)
    is_key3_down                             0x2000012f   Data           1  hal_key.o(.data)
    is_key4_down                             0x20000130   Data           1  hal_key.o(.data)
    ShtFlag                                  0x2000013a   Data           1  hal_temhum.o(.data)
    DioIrq                                   0x20000140   Data          12  sx1276.o(.data)
    HasLoopedThroughMain                     0x20000150   Data           1  timer.o(.data)
    __stdout                                 0x20000158   Data           4  uart.o(.data)
    ADC_0                                    0x2000015c   Data          12  adc_reader.o(.bss)
    ADC_2                                    0x20000168   Data          12  adc_reader.o(.bss)
    AdcHandle                                0x20000290   Data          84  adc-board.o(.bss)
    Led1                                     0x200002e4   Data          12  board.o(.bss)
    Led2                                     0x200002f0   Data          12  board.o(.bss)
    Key2                                     0x200002fc   Data          12  board.o(.bss)
    Adc                                      0x20000308   Data          12  board.o(.bss)
    Uart1                                    0x20000314   Data          56  board.o(.bss)
    RtcHandle                                0x2000038c   Data          32  rtc-board.o(.bss)
    RtcCalendarContext                       0x200003ac   Data          20  rtc-board.o(.bss)
    Tim2Handle                               0x200003c0   Data          56  tim-board.o(.bss)
    Tim3Handle                               0x200003f8   Data          56  tim-board.o(.bss)
    UartHandle                               0x20000430   Data          64  uart-board.o(.bss)
    Uart2Handle                              0x20000470   Data          64  uart-board.o(.bss)
    Uart3Handle                              0x200004b0   Data          64  uart-board.o(.bss)
    USART1_RX_BUF                            0x200004f0   Data         255  usart1-board.o(.bss)
    OLED_CS_PIN                              0x20000604   Data          12  hal_oled.o(.bss)
    OLED_DC_PIN                              0x20000610   Data          12  hal_oled.o(.bss)
    OLED_SCLK_PIN                            0x2000061c   Data          12  hal_oled.o(.bss)
    OLED_SDIN_PIN                            0x20000628   Data          12  hal_oled.o(.bss)
    SX1276                                   0x20000734   Data         272  sx1276.o(.bss)
    TxTimeoutTimer                           0x20000844   Data          20  sx1276.o(.bss)
    RxTimeoutTimer                           0x20000858   Data          20  sx1276.o(.bss)
    RxTimeoutSyncWord                        0x2000086c   Data          20  sx1276.o(.bss)
    __initial_sp                             0x20000c80   Data           0  startup_stm32l151xb.o(STACK)



==============================================================================

Memory Map of the image

  Image Entry point : 0x080000f5

  Load Region LR_IROM1 (Base: 0x08000000, Size: 0x00008ecc, Max: 0x00010000, ABSOLUTE, COMPRESSED[0x00008e3c])

    Execution Region ER_IROM1 (Exec base: 0x08000000, Load base: 0x08000000, Size: 0x00008d70, Max: 0x00010000, ABSOLUTE)

    Exec Addr    Load Addr    Size         Type   Attr      Idx    E Section Name        Object

    0x08000000   0x08000000   0x000000f4   Data   RO         1601    RESET               startup_stm32l151xb.o
    0x080000f4   0x080000f4   0x00000000   Code   RO         6385  * .ARM.Collect$$$$00000000  mc_w.l(entry.o)
    0x080000f4   0x080000f4   0x00000004   Code   RO         6689    .ARM.Collect$$$$00000001  mc_w.l(entry2.o)
    0x080000f8   0x080000f8   0x00000004   Code   RO         6692    .ARM.Collect$$$$00000004  mc_w.l(entry5.o)
    0x080000fc   0x080000fc   0x00000000   Code   RO         6694    .ARM.Collect$$$$00000008  mc_w.l(entry7b.o)
    0x080000fc   0x080000fc   0x00000000   Code   RO         6696    .ARM.Collect$$$$0000000A  mc_w.l(entry8b.o)
    0x080000fc   0x080000fc   0x00000008   Code   RO         6697    .ARM.Collect$$$$0000000B  mc_w.l(entry9a.o)
    0x08000104   0x08000104   0x00000004   Code   RO         6704    .ARM.Collect$$$$0000000E  mc_w.l(entry12b.o)
    0x08000108   0x08000108   0x00000000   Code   RO         6699    .ARM.Collect$$$$0000000F  mc_w.l(entry10a.o)
    0x08000108   0x08000108   0x00000000   Code   RO         6701    .ARM.Collect$$$$00000011  mc_w.l(entry11a.o)
    0x08000108   0x08000108   0x00000004   Code   RO         6690    .ARM.Collect$$$$00002712  mc_w.l(entry2.o)
    0x0800010c   0x0800010c   0x00000024   Code   RO         1602    .text               startup_stm32l151xb.o
    0x08000130   0x08000130   0x00000024   Code   RO         6388    .text               mc_w.l(memcpya.o)
    0x08000154   0x08000154   0x00000024   Code   RO         6390    .text               mc_w.l(memseta.o)
    0x08000178   0x08000178   0x000000b0   Code   RO         6655    .text               mf_w.l(fadd.o)
    0x08000228   0x08000228   0x00000064   Code   RO         6657    .text               mf_w.l(fmul.o)
    0x0800028c   0x0800028c   0x0000007c   Code   RO         6659    .text               mf_w.l(fdiv.o)
    0x08000308   0x08000308   0x0000014e   Code   RO         6661    .text               mf_w.l(dadd.o)
    0x08000456   0x08000456   0x000000e4   Code   RO         6663    .text               mf_w.l(dmul.o)
    0x0800053a   0x0800053a   0x000000de   Code   RO         6665    .text               mf_w.l(ddiv.o)
    0x08000618   0x08000618   0x0000002e   Code   RO         6667    .text               mf_w.l(dscalb.o)
    0x08000646   0x08000646   0x0000000a   Code   RO         6669    .text               mf_w.l(ffltui.o)
    0x08000650   0x08000650   0x00000022   Code   RO         6671    .text               mf_w.l(dflti.o)
    0x08000672   0x08000672   0x0000001a   Code   RO         6673    .text               mf_w.l(dfltui.o)
    0x0800068c   0x0800068c   0x0000003e   Code   RO         6677    .text               mf_w.l(dfixi.o)
    0x080006ca   0x080006ca   0x00000032   Code   RO         6679    .text               mf_w.l(dfixui.o)
    0x080006fc   0x080006fc   0x00000026   Code   RO         6681    .text               mf_w.l(f2d.o)
    0x08000722   0x08000722   0x00000002   PAD
    0x08000724   0x08000724   0x00000030   Code   RO         6683    .text               mf_w.l(cdcmple.o)
    0x08000754   0x08000754   0x00000030   Code   RO         6685    .text               mf_w.l(cdrcmple.o)
    0x08000784   0x08000784   0x00000038   Code   RO         6687    .text               mf_w.l(d2f.o)
    0x080007bc   0x080007bc   0x0000002c   Code   RO         6705    .text               mc_w.l(uidiv.o)
    0x080007e8   0x080007e8   0x00000062   Code   RO         6707    .text               mc_w.l(uldiv.o)
    0x0800084a   0x0800084a   0x0000001e   Code   RO         6709    .text               mc_w.l(llshl.o)
    0x08000868   0x08000868   0x00000020   Code   RO         6711    .text               mc_w.l(llushr.o)
    0x08000888   0x08000888   0x00000024   Code   RO         6713    .text               mc_w.l(llsshr.o)
    0x080008ac   0x080008ac   0x00000000   Code   RO         6715    .text               mc_w.l(iusefp.o)
    0x080008ac   0x080008ac   0x0000006e   Code   RO         6716    .text               mf_w.l(fepilogue.o)
    0x0800091a   0x0800091a   0x000000ba   Code   RO         6718    .text               mf_w.l(depilogue.o)
    0x080009d4   0x080009d4   0x00000088   Code   RO         6720    .text               mf_w.l(drnd.o)
    0x08000a5c   0x08000a5c   0x00000030   Code   RO         6722    .text               mf_w.l(dfixul.o)
    0x08000a8c   0x08000a8c   0x00000024   Code   RO         6724    .text               mc_w.l(init.o)
    0x08000ab0   0x08000ab0   0x00000056   Code   RO         6734    .text               mc_w.l(__dczerorl2.o)
    0x08000b06   0x08000b06   0x00000002   PAD
    0x08000b08   0x08000b08   0x0000001c   Code   RO          385    i.ADCS_Init         adc_reader.o
    0x08000b24   0x08000b24   0x0000004c   Code   RO         1782    i.ADC_ConversionStop_Disable  stm32l1xx_hal_adc.o
    0x08000b70   0x08000b70   0x00000074   Code   RO         1786    i.ADC_Enable        stm32l1xx_hal_adc.o
    0x08000be4   0x08000be4   0x00000020   Code   RO         5969    i.AdcInit           adc.o
    0x08000c04   0x08000c04   0x0000002c   Code   RO          885    i.AdcMcuConfig      adc-board.o
    0x08000c30   0x08000c30   0x00000048   Code   RO          886    i.AdcMcuInit        adc-board.o
    0x08000c78   0x08000c78   0x000000e4   Code   RO          887    i.AdcMcuReadChannel  adc-board.o
    0x08000d5c   0x08000d5c   0x0000000c   Code   RO          386    i.AdcReadCh0        adc_reader.o
    0x08000d68   0x08000d68   0x00000014   Code   RO         5970    i.AdcReadChannel    adc.o
    0x08000d7c   0x08000d7c   0x00000068   Code   RO          388    i.AdcScanChannel    adc_reader.o
    0x08000de4   0x08000de4   0x00000014   Code   RO         1144    i.BlockLowPowerDuringTask  rtc-board.o
    0x08000df8   0x08000df8   0x00000010   Code   RO          929    i.BoardDisableIrq   board.o
    0x08000e08   0x08000e08   0x00000018   Code   RO          930    i.BoardEnableIrq    board.o
    0x08000e20   0x08000e20   0x00000078   Code   RO          935    i.BoardInitMcu      board.o
    0x08000e98   0x08000e98   0x00000060   Code   RO          936    i.BoardInitPeriph   board.o
    0x08000ef8   0x08000ef8   0x00000002   Code   RO         5037    i.BusFault_Handler  sysirqhandlers.o
    0x08000efa   0x08000efa   0x00000002   Code   RO         5038    i.DebugMon_Handler  sysirqhandlers.o
    0x08000efc   0x08000efc   0x00000014   Code   RO         5425    i.DelayMicroSeconds  hal_temhum.o
    0x08000f10   0x08000f10   0x00000004   Code   RO         6007    i.DelayMs           delay.o
    0x08000f14   0x08000f14   0x00000010   Code   RO         1037    i.EXTI0_IRQHandler  gpio-board.o
    0x08000f24   0x08000f24   0x0000003a   Code   RO         1038    i.EXTI15_10_IRQHandler  gpio-board.o
    0x08000f5e   0x08000f5e   0x00000010   Code   RO         1039    i.EXTI1_IRQHandler  gpio-board.o
    0x08000f6e   0x08000f6e   0x00000010   Code   RO         1040    i.EXTI2_IRQHandler  gpio-board.o
    0x08000f7e   0x08000f7e   0x00000010   Code   RO         1041    i.EXTI3_IRQHandler  gpio-board.o
    0x08000f8e   0x08000f8e   0x00000010   Code   RO         1042    i.EXTI4_IRQHandler  gpio-board.o
    0x08000f9e   0x08000f9e   0x0000002c   Code   RO         1043    i.EXTI9_5_IRQHandler  gpio-board.o
    0x08000fca   0x08000fca   0x00000002   PAD
    0x08000fcc   0x08000fcc   0x0000002c   Code   RO         5759    i.GetFskBandwidthRegValue  sx1276.o
    0x08000ff8   0x08000ff8   0x00000010   Code   RO         6083    i.GpioInit          gpio.o
    0x08001008   0x08001008   0x00000104   Code   RO         1044    i.GpioMcuInit       gpio-board.o
    0x0800110c   0x0800110c   0x00000108   Code   RO         1047    i.GpioMcuSetInterrupt  gpio-board.o
    0x08001214   0x08001214   0x00000014   Code   RO         1049    i.GpioMcuWrite      gpio-board.o
    0x08001228   0x08001228   0x00000004   Code   RO         6086    i.GpioSetInterrupt  gpio.o
    0x0800122c   0x0800122c   0x00000004   Code   RO         6088    i.GpioWrite         gpio.o
    0x08001230   0x08001230   0x00000148   Code   RO         1788    i.HAL_ADC_ConfigChannel  stm32l1xx_hal_adc.o
    0x08001378   0x08001378   0x00000104   Code   RO         1791    i.HAL_ADC_DeInit    stm32l1xx_hal_adc.o
    0x0800147c   0x0800147c   0x00000006   Code   RO         1795    i.HAL_ADC_GetValue  stm32l1xx_hal_adc.o
    0x08001482   0x08001482   0x00000002   PAD
    0x08001484   0x08001484   0x0000019c   Code   RO         1797    i.HAL_ADC_Init      stm32l1xx_hal_adc.o
    0x08001620   0x08001620   0x00000002   Code   RO         1799    i.HAL_ADC_MspDeInit  stm32l1xx_hal_adc.o
    0x08001622   0x08001622   0x00000002   Code   RO         1800    i.HAL_ADC_MspInit   stm32l1xx_hal_adc.o
    0x08001624   0x08001624   0x000000a6   Code   RO         1801    i.HAL_ADC_PollForConversion  stm32l1xx_hal_adc.o
    0x080016ca   0x080016ca   0x00000076   Code   RO         1803    i.HAL_ADC_Start     stm32l1xx_hal_adc.o
    0x08001740   0x08001740   0x00000010   Code   RO         1650    i.HAL_DBGMCU_EnableDBGSleepMode  stm32l1xx_hal.o
    0x08001750   0x08001750   0x00000010   Code   RO         1651    i.HAL_DBGMCU_EnableDBGStandbyMode  stm32l1xx_hal.o
    0x08001760   0x08001760   0x00000010   Code   RO         1652    i.HAL_DBGMCU_EnableDBGStopMode  stm32l1xx_hal.o
    0x08001770   0x08001770   0x00000016   Code   RO         1654    i.HAL_Delay         stm32l1xx_hal.o
    0x08001786   0x08001786   0x00000002   PAD
    0x08001788   0x08001788   0x00000024   Code   RO         1050    i.HAL_GPIO_EXTI_Callback  gpio-board.o
    0x080017ac   0x080017ac   0x00000018   Code   RO         2512    i.HAL_GPIO_EXTI_IRQHandler  stm32l1xx_hal_gpio.o
    0x080017c4   0x080017c4   0x0000018c   Code   RO         2513    i.HAL_GPIO_Init     stm32l1xx_hal_gpio.o
    0x08001950   0x08001950   0x0000000a   Code   RO         2515    i.HAL_GPIO_ReadPin  stm32l1xx_hal_gpio.o
    0x0800195a   0x0800195a   0x0000000a   Code   RO         2517    i.HAL_GPIO_WritePin  stm32l1xx_hal_gpio.o
    0x08001964   0x08001964   0x0000000c   Code   RO         1658    i.HAL_GetTick       stm32l1xx_hal.o
    0x08001970   0x08001970   0x00000010   Code   RO         1659    i.HAL_IncTick       stm32l1xx_hal.o
    0x08001980   0x08001980   0x00000016   Code   RO         1660    i.HAL_Init          stm32l1xx_hal.o
    0x08001996   0x08001996   0x00000002   PAD
    0x08001998   0x08001998   0x00000028   Code   RO         1661    i.HAL_InitTick      stm32l1xx_hal.o
    0x080019c0   0x080019c0   0x00000002   Code   RO         1663    i.HAL_MspInit       stm32l1xx_hal.o
    0x080019c2   0x080019c2   0x00000016   Code   RO         2028    i.HAL_NVIC_EnableIRQ  stm32l1xx_hal_cortex.o
    0x080019d8   0x080019d8   0x00000040   Code   RO         2034    i.HAL_NVIC_SetPriority  stm32l1xx_hal_cortex.o
    0x08001a18   0x08001a18   0x00000024   Code   RO         2035    i.HAL_NVIC_SetPriorityGrouping  stm32l1xx_hal_cortex.o
    0x08001a3c   0x08001a3c   0x00000010   Code   RO         3130    i.HAL_PWREx_GetVoltageRange  stm32l1xx_hal_pwr_ex.o
    0x08001a4c   0x08001a4c   0x00000168   Code   RO         3293    i.HAL_RCCEx_PeriphCLKConfig  stm32l1xx_hal_rcc_ex.o
    0x08001bb4   0x08001bb4   0x000001d4   Code   RO         3185    i.HAL_RCC_ClockConfig  stm32l1xx_hal_rcc.o
    0x08001d88   0x08001d88   0x0000000c   Code   RO         3190    i.HAL_RCC_GetHCLKFreq  stm32l1xx_hal_rcc.o
    0x08001d94   0x08001d94   0x00000030   Code   RO         3192    i.HAL_RCC_GetPCLK1Freq  stm32l1xx_hal_rcc.o
    0x08001dc4   0x08001dc4   0x00000030   Code   RO         3193    i.HAL_RCC_GetPCLK2Freq  stm32l1xx_hal_rcc.o
    0x08001df4   0x08001df4   0x0000008c   Code   RO         3194    i.HAL_RCC_GetSysClockFreq  stm32l1xx_hal_rcc.o
    0x08001e80   0x08001e80   0x00000750   Code   RO         3197    i.HAL_RCC_OscConfig  stm32l1xx_hal_rcc.o
    0x080025d0   0x080025d0   0x00000002   Code   RO         3434    i.HAL_RTCEx_AlarmBEventCallback  stm32l1xx_hal_rtc_ex.o
    0x080025d2   0x080025d2   0x0000007a   Code   RO         3442    i.HAL_RTCEx_DeactivateWakeUpTimer  stm32l1xx_hal_rtc_ex.o
    0x0800264c   0x0800264c   0x00000002   Code   RO         3327    i.HAL_RTC_AlarmAEventCallback  stm32l1xx_hal_rtc.o
    0x0800264e   0x0800264e   0x00000002   PAD
    0x08002650   0x08002650   0x0000005c   Code   RO         3328    i.HAL_RTC_AlarmIRQHandler  stm32l1xx_hal_rtc.o
    0x080026ac   0x080026ac   0x000000b2   Code   RO         3330    i.HAL_RTC_DeactivateAlarm  stm32l1xx_hal_rtc.o
    0x0800275e   0x0800275e   0x0000006e   Code   RO         3464    i.HAL_RTC_GetAlarm  stm32l1xx_hal_rtc_ex.o
    0x080027cc   0x080027cc   0x00000044   Code   RO         3331    i.HAL_RTC_GetDate   stm32l1xx_hal_rtc.o
    0x08002810   0x08002810   0x00000048   Code   RO         3465    i.HAL_RTC_GetTime   stm32l1xx_hal_rtc_ex.o
    0x08002858   0x08002858   0x0000009c   Code   RO         3333    i.HAL_RTC_Init      stm32l1xx_hal_rtc.o
    0x080028f4   0x080028f4   0x00000002   Code   RO         3335    i.HAL_RTC_MspInit   stm32l1xx_hal_rtc.o
    0x080028f6   0x080028f6   0x00000002   PAD
    0x080028f8   0x080028f8   0x00000180   Code   RO         3467    i.HAL_RTC_SetAlarm_IT  stm32l1xx_hal_rtc_ex.o
    0x08002a78   0x08002a78   0x000000c8   Code   RO         3337    i.HAL_RTC_SetDate   stm32l1xx_hal_rtc.o
    0x08002b40   0x08002b40   0x000000e8   Code   RO         3338    i.HAL_RTC_SetTime   stm32l1xx_hal_rtc.o
    0x08002c28   0x08002c28   0x00000036   Code   RO         3468    i.HAL_RTC_WaitForSynchro  stm32l1xx_hal_rtc_ex.o
    0x08002c5e   0x08002c5e   0x0000007a   Code   RO         3901    i.HAL_SPI_Init      stm32l1xx_hal_spi_ex.o
    0x08002cd8   0x08002cd8   0x00000002   Code   RO         3672    i.HAL_SPI_MspInit   stm32l1xx_hal_spi.o
    0x08002cda   0x08002cda   0x00000018   Code   RO         2037    i.HAL_SYSTICK_CLKSourceConfig  stm32l1xx_hal_cortex.o
    0x08002cf2   0x08002cf2   0x00000002   Code   RO         2038    i.HAL_SYSTICK_Callback  stm32l1xx_hal_cortex.o
    0x08002cf4   0x08002cf4   0x00000028   Code   RO         2039    i.HAL_SYSTICK_Config  stm32l1xx_hal_cortex.o
    0x08002d1c   0x08002d1c   0x00000008   Code   RO         2040    i.HAL_SYSTICK_IRQHandler  stm32l1xx_hal_cortex.o
    0x08002d24   0x08002d24   0x00000036   Code   RO         3927    i.HAL_TIM_Base_Init  stm32l1xx_hal_tim.o
    0x08002d5a   0x08002d5a   0x00000002   PAD
    0x08002d5c   0x08002d5c   0x00000060   Code   RO         1407    i.HAL_TIM_Base_MspInit  tim-board.o
    0x08002dbc   0x08002dbc   0x00000018   Code   RO         3932    i.HAL_TIM_Base_Start_IT  stm32l1xx_hal_tim.o
    0x08002dd4   0x08002dd4   0x00000002   Code   RO         3956    i.HAL_TIM_IC_CaptureCallback  stm32l1xx_hal_tim.o
    0x08002dd6   0x08002dd6   0x00000126   Code   RO         3969    i.HAL_TIM_IRQHandler  stm32l1xx_hal_tim.o
    0x08002efc   0x08002efc   0x00000002   Code   RO         3972    i.HAL_TIM_OC_DelayElapsedCallback  stm32l1xx_hal_tim.o
    0x08002efe   0x08002efe   0x00000002   Code   RO         3999    i.HAL_TIM_PWM_PulseFinishedCallback  stm32l1xx_hal_tim.o
    0x08002f00   0x08002f00   0x00000028   Code   RO         1408    i.HAL_TIM_PeriodElapsedCallback  tim-board.o
    0x08002f28   0x08002f28   0x00000002   Code   RO         4010    i.HAL_TIM_TriggerCallback  stm32l1xx_hal_tim.o
    0x08002f2a   0x08002f2a   0x0000005e   Code   RO         4598    i.HAL_UART_Init     stm32l1xx_hal_uart.o
    0x08002f88   0x08002f88   0x00000002   Code   RO         4600    i.HAL_UART_MspInit  stm32l1xx_hal_uart.o
    0x08002f8a   0x08002f8a   0x00000002   PAD
    0x08002f8c   0x08002f8c   0x0000006a   Code   RO         4603    i.HAL_UART_Receive_IT  stm32l1xx_hal_uart.o
    0x08002ff6   0x08002ff6   0x00000002   PAD
    0x08002ff8   0x08002ff8   0x00000050   Code   RO         5427    i.I2c_Init          hal_temhum.o
    0x08003048   0x08003048   0x000000e8   Code   RO         5428    i.I2c_ReadByte      hal_temhum.o
    0x08003130   0x08003130   0x00000038   Code   RO         5429    i.I2c_SclInOutInit  hal_temhum.o
    0x08003168   0x08003168   0x0000004c   Code   RO         5430    i.I2c_StartCondition  hal_temhum.o
    0x080031b4   0x080031b4   0x0000004c   Code   RO         5431    i.I2c_StopCondition  hal_temhum.o
    0x08003200   0x08003200   0x00000094   Code   RO         5432    i.I2c_WriteByte     hal_temhum.o
    0x08003294   0x08003294   0x00000038   Code   RO         5433    i.I2c_sdaInOutInit  hal_temhum.o
    0x080032cc   0x080032cc   0x00000024   Code   RO            4    i.Init              main.o
    0x080032f0   0x080032f0   0x00000058   Code   RO            5    i.KeyDownHandler    main.o
    0x08003348   0x08003348   0x00000002   Code   RO         5039    i.MemManage_Handler  sysirqhandlers.o
    0x0800334a   0x0800334a   0x00000002   Code   RO         5040    i.NMI_Handler       sysirqhandlers.o
    0x0800334c   0x0800334c   0x0000003c   Code   RO          592    i.NS_RadioEventsInit  ns_radio.o
    0x08003388   0x08003388   0x0000002c   Code   RO          593    i.NS_RadioInit      ns_radio.o
    0x080033b4   0x080033b4   0x00000068   Code   RO          594    i.NS_RadioSetTxRxConfig  ns_radio.o
    0x0800341c   0x0800341c   0x00000020   Code   RO         2041    i.NVIC_SetPriority  stm32l1xx_hal_cortex.o
    0x0800343c   0x0800343c   0x0000003c   Code   RO         5240    i.OLED_Clear        hal_oled.o
    0x08003478   0x08003478   0x00000006   Code   RO         5247    i.OLED_Init         hal_oled.o
    0x0800347e   0x0800347e   0x00000002   PAD
    0x08003480   0x08003480   0x00000148   Code   RO         5249    i.OLED_Init_Set_Inverse  hal_oled.o
    0x080035c8   0x080035c8   0x0000002c   Code   RO         5250    i.OLED_Set_Pos      hal_oled.o
    0x080035f4   0x080035f4   0x00000050   Code   RO         5251    i.OLED_ShowCHinese  hal_oled.o
    0x08003644   0x08003644   0x00000040   Code   RO         5252    i.OLED_ShowCHineseArray  hal_oled.o
    0x08003684   0x08003684   0x00000064   Code   RO         5253    i.OLED_ShowChar     hal_oled.o
    0x080036e8   0x080036e8   0x00000032   Code   RO         5256    i.OLED_ShowString   hal_oled.o
    0x0800371a   0x0800371a   0x00000002   PAD
    0x0800371c   0x0800371c   0x000001d8   Code   RO            6    i.OLED_State        main.o
    0x080038f4   0x080038f4   0x00000068   Code   RO         5257    i.OLED_WR_Byte      hal_oled.o
    0x0800395c   0x0800395c   0x00000044   Code   RO          595    i.OnRxDone          ns_radio.o
    0x080039a0   0x080039a0   0x00000018   Code   RO          596    i.OnRxError         ns_radio.o
    0x080039b8   0x080039b8   0x00000018   Code   RO          597    i.OnRxTimeout       ns_radio.o
    0x080039d0   0x080039d0   0x00000018   Code   RO          598    i.OnTxDone          ns_radio.o
    0x080039e8   0x080039e8   0x00000018   Code   RO          599    i.OnTxTimeout       ns_radio.o
    0x08003a00   0x08003a00   0x00000024   Code   RO         1521    i.OnUsart1TimerEvent  usart1-board.o
    0x08003a24   0x08003a24   0x00000078   Code   RO         3198    i.RCC_SetFlashLatencyFromMSIRange  stm32l1xx_hal_rcc.o
    0x08003a9c   0x08003a9c   0x0000002c   Code   RO         1145    i.RTC_Alarm_IRQHandler  rtc-board.o
    0x08003ac8   0x08003ac8   0x00000012   Code   RO         3339    i.RTC_Bcd2ToByte    stm32l1xx_hal_rtc.o
    0x08003ada   0x08003ada   0x00000016   Code   RO         3340    i.RTC_ByteToBcd2    stm32l1xx_hal_rtc.o
    0x08003af0   0x08003af0   0x0000003a   Code   RO         3341    i.RTC_EnterInitMode  stm32l1xx_hal_rtc.o
    0x08003b2a   0x08003b2a   0x00000002   PAD
    0x08003b2c   0x08003b2c   0x000001e0   Code   RO         1148    i.RtcComputeTimerTimeToAlarmTick  rtc-board.o
    0x08003d0c   0x08003d0c   0x00000098   Code   RO         1149    i.RtcComputeWakeUpTime  rtc-board.o
    0x08003da4   0x08003da4   0x0000012c   Code   RO         1150    i.RtcConvertCalendarTickToTimerTime  rtc-board.o
    0x08003ed0   0x08003ed0   0x00000030   Code   RO         1153    i.RtcGetAdjustedTimeoutValue  rtc-board.o
    0x08003f00   0x08003f00   0x00000058   Code   RO         1154    i.RtcGetCalendar    rtc-board.o
    0x08003f58   0x08003f58   0x00000024   Code   RO         1155    i.RtcGetElapsedAlarmTime  rtc-board.o
    0x08003f7c   0x08003f7c   0x00000090   Code   RO         1157    i.RtcInit           rtc-board.o
    0x0800400c   0x0800400c   0x00000040   Code   RO         1158    i.RtcRecoverMcuStatus  rtc-board.o
    0x0800404c   0x0800404c   0x00000004   Code   RO         1159    i.RtcSetTimeout     rtc-board.o
    0x08004050   0x08004050   0x00000094   Code   RO         1160    i.RtcStartWakeUpAlarm  rtc-board.o
    0x080040e4   0x080040e4   0x00000094   Code   RO         5760    i.RxChainCalibration  sx1276.o
    0x08004178   0x08004178   0x0000001a   Code   RO         5434    i.SHT1X_Init        hal_temhum.o
    0x08004192   0x08004192   0x00000034   Code   RO         5435    i.SHT3X_CalcCrc     hal_temhum.o
    0x080041c6   0x080041c6   0x00000002   PAD
    0x080041c8   0x080041c8   0x00000020   Code   RO         5436    i.SHT3X_CalcHumidity  hal_temhum.o
    0x080041e8   0x080041e8   0x00000028   Code   RO         5437    i.SHT3X_CalcTemperature  hal_temhum.o
    0x08004210   0x08004210   0x00000020   Code   RO         5442    i.SHT3X_GetTempAndHumi  hal_temhum.o
    0x08004230   0x08004230   0x00000080   Code   RO         5443    i.SHT3X_GetTempAndHumiClkStretch  hal_temhum.o
    0x080042b0   0x080042b0   0x000000a0   Code   RO         5444    i.SHT3X_GetTempAndHumiPolling  hal_temhum.o
    0x08004350   0x08004350   0x00000018   Code   RO         5445    i.SHT3X_HardReset   hal_temhum.o
    0x08004368   0x08004368   0x00000024   Code   RO         5446    i.SHT3X_Init        hal_temhum.o
    0x0800438c   0x0800438c   0x0000004a   Code   RO         5447    i.SHT3X_Read2BytesAndCrc  hal_temhum.o
    0x080043d6   0x080043d6   0x00000024   Code   RO         5454    i.SHT3X_SoftReset   hal_temhum.o
    0x080043fa   0x080043fa   0x00000002   PAD
    0x080043fc   0x080043fc   0x00000020   Code   RO         5456    i.SHT3X_StartReadAccess  hal_temhum.o
    0x0800441c   0x0800441c   0x0000001c   Code   RO         5457    i.SHT3X_StartWriteAccess  hal_temhum.o
    0x08004438   0x08004438   0x00000016   Code   RO         5459    i.SHT3X_WriteCommand  hal_temhum.o
    0x0800444e   0x0800444e   0x0000004e   Code   RO         5460    i.SHT3x_ReadSerialNumber  hal_temhum.o
    0x0800449c   0x0800449c   0x0000001c   Code   RO         5461    i.SHTXX_Init        hal_temhum.o
    0x080044b8   0x080044b8   0x00000004   Code   RO         1317    i.SX1276CheckRfFrequency  sx1276-board.o
    0x080044bc   0x080044bc   0x00000014   Code   RO         1318    i.SX1276GetPaSelect  sx1276-board.o
    0x080044d0   0x080044d0   0x0000000c   Code   RO         5761    i.SX1276GetStatus   sx1276.o
    0x080044dc   0x080044dc   0x000001f8   Code   RO         5762    i.SX1276GetTimeOnAir  sx1276.o
    0x080046d4   0x080046d4   0x00000078   Code   RO         5763    i.SX1276Init        sx1276.o
    0x0800474c   0x0800474c   0x00000040   Code   RO         1320    i.SX1276IoInit      sx1276-board.o
    0x0800478c   0x0800478c   0x00000028   Code   RO         1321    i.SX1276IoIrqInit   sx1276-board.o
    0x080047b4   0x080047b4   0x00000036   Code   RO         5764    i.SX1276IsChannelFree  sx1276.o
    0x080047ea   0x080047ea   0x00000002   PAD
    0x080047ec   0x080047ec   0x00000258   Code   RO         5765    i.SX1276OnDio0Irq   sx1276.o
    0x08004a44   0x08004a44   0x000000dc   Code   RO         5766    i.SX1276OnDio1Irq   sx1276.o
    0x08004b20   0x08004b20   0x000000e0   Code   RO         5767    i.SX1276OnTimeoutIrq  sx1276.o
    0x08004c00   0x08004c00   0x0000003e   Code   RO         5768    i.SX1276Random      sx1276.o
    0x08004c3e   0x08004c3e   0x00000010   Code   RO         5769    i.SX1276Read        sx1276.o
    0x08004c4e   0x08004c4e   0x00000002   PAD
    0x08004c50   0x08004c50   0x00000048   Code   RO         5770    i.SX1276ReadBuffer  sx1276.o
    0x08004c98   0x08004c98   0x0000000a   Code   RO         5771    i.SX1276ReadFifo    sx1276.o
    0x08004ca2   0x08004ca2   0x00000002   PAD
    0x08004ca4   0x08004ca4   0x00000044   Code   RO         5772    i.SX1276ReadRssi    sx1276.o
    0x08004ce8   0x08004ce8   0x000000f8   Code   RO         5774    i.SX1276Send        sx1276.o
    0x08004de0   0x08004de0   0x00000002   Code   RO         1322    i.SX1276SetAntSw    sx1276-board.o
    0x08004de2   0x08004de2   0x00000002   PAD
    0x08004de4   0x08004de4   0x00000010   Code   RO         1323    i.SX1276SetAntSwLowPower  sx1276-board.o
    0x08004df4   0x08004df4   0x00000044   Code   RO         5775    i.SX1276SetChannel  sx1276.o
    0x08004e38   0x08004e38   0x00000034   Code   RO         5776    i.SX1276SetMaxPayloadLength  sx1276.o
    0x08004e6c   0x08004e6c   0x00000078   Code   RO         5777    i.SX1276SetModem    sx1276.o
    0x08004ee4   0x08004ee4   0x00000030   Code   RO         5778    i.SX1276SetOpMode   sx1276.o
    0x08004f14   0x08004f14   0x00000028   Code   RO         5779    i.SX1276SetPublicNetwork  sx1276.o
    0x08004f3c   0x08004f3c   0x000000a4   Code   RO         1324    i.SX1276SetRfTxPower  sx1276-board.o
    0x08004fe0   0x08004fe0   0x0000023c   Code   RO         5780    i.SX1276SetRx       sx1276.o
    0x0800521c   0x0800521c   0x00000294   Code   RO         5781    i.SX1276SetRxConfig  sx1276.o
    0x080054b0   0x080054b0   0x00000028   Code   RO         5782    i.SX1276SetSleep    sx1276.o
    0x080054d8   0x080054d8   0x00000028   Code   RO         5783    i.SX1276SetStby     sx1276.o
    0x08005500   0x08005500   0x000000a4   Code   RO         5784    i.SX1276SetTx       sx1276.o
    0x080055a4   0x080055a4   0x00000208   Code   RO         5785    i.SX1276SetTxConfig  sx1276.o
    0x080057ac   0x080057ac   0x00000098   Code   RO         5786    i.SX1276SetTxContinuousWave  sx1276.o
    0x08005844   0x08005844   0x00000040   Code   RO         5787    i.SX1276StartCad    sx1276.o
    0x08005884   0x08005884   0x0000000c   Code   RO         5788    i.SX1276Write       sx1276.o
    0x08005890   0x08005890   0x00000048   Code   RO         5789    i.SX1276WriteBuffer  sx1276.o
    0x080058d8   0x080058d8   0x0000000a   Code   RO         5790    i.SX1276WriteFifo   sx1276.o
    0x080058e2   0x080058e2   0x00000002   PAD
    0x080058e4   0x080058e4   0x00000038   Code   RO         5462    i.Serial_DataInOutInit  hal_temhum.o
    0x0800591c   0x0800591c   0x0000001c   Code   RO         5463    i.Serial_DelayUS    hal_temhum.o
    0x08005938   0x08005938   0x00000050   Code   RO         5464    i.Serial_Init       hal_temhum.o
    0x08005988   0x08005988   0x00000030   Code   RO         1268    i.SpiFormat         spi-board.o
    0x080059b8   0x080059b8   0x0000002c   Code   RO         1269    i.SpiFrequency      spi-board.o
    0x080059e4   0x080059e4   0x00000038   Code   RO         1270    i.SpiInOut          spi-board.o
    0x08005a1c   0x08005a1c   0x00000110   Code   RO         1271    i.SpiInit           spi-board.o
    0x08005b2c   0x08005b2c   0x00000090   Code   RO            7    i.State_Send        main.o
    0x08005bbc   0x08005bbc   0x0000000e   Code   RO          938    i.SysTick_Handler   board.o
    0x08005bca   0x08005bca   0x00000002   PAD
    0x08005bcc   0x08005bcc   0x0000009c   Code   RO          939    i.SystemClockConfig  board.o
    0x08005c68   0x08005c68   0x000000c8   Code   RO          940    i.SystemClockReConfig  board.o
    0x08005d30   0x08005d30   0x00000050   Code   RO         1610    i.SystemInit        system_stm32l1xx.o
    0x08005d80   0x08005d80   0x0000000c   Code   RO         1409    i.TIM2_IRQHandler   tim-board.o
    0x08005d8c   0x08005d8c   0x0000000c   Code   RO         1410    i.TIM3_IRQHandler   tim-board.o
    0x08005d98   0x08005d98   0x0000006c   Code   RO         4011    i.TIM_Base_SetConfig  stm32l1xx_hal_tim.o
    0x08005e04   0x08005e04   0x00000088   Code   RO         1411    i.Tim2McuInit       tim-board.o
    0x08005e8c   0x08005e8c   0x00000004   Code   RO          286    i.Time2Handler      timer_handles.o
    0x08005e90   0x08005e90   0x0000000e   Code   RO         6141    i.TimerInit         timer.o
    0x08005e9e   0x08005e9e   0x00000002   PAD
    0x08005ea0   0x08005ea0   0x00000024   Code   RO         6142    i.TimerInsertNewHeadTimer  timer.o
    0x08005ec4   0x08005ec4   0x00000050   Code   RO         6143    i.TimerInsertTimer  timer.o
    0x08005f14   0x08005f14   0x00000054   Code   RO         6144    i.TimerIrqHandler   timer.o
    0x08005f68   0x08005f68   0x00000020   Code   RO         6147    i.TimerSetTimeout   timer.o
    0x08005f88   0x08005f88   0x00000010   Code   RO         6148    i.TimerSetValue     timer.o
    0x08005f98   0x08005f98   0x00000060   Code   RO         6149    i.TimerStart        timer.o
    0x08005ff8   0x08005ff8   0x0000008c   Code   RO         6150    i.TimerStop         timer.o
    0x08006084   0x08006084   0x000002a0   Code   RO         4617    i.UART_SetConfig    stm32l1xx_hal_uart.o
    0x08006324   0x08006324   0x00000014   Code   RO         1522    i.USART1_GetFlagStatus  usart1-board.o
    0x08006338   0x08006338   0x00000038   Code   RO         1523    i.USART1_IRQHandler  usart1-board.o
    0x08006370   0x08006370   0x00000048   Code   RO         1524    i.USART1_Init       usart1-board.o
    0x080063b8   0x080063b8   0x00000010   Code   RO         1527    i.USART1_ReceiveData  usart1-board.o
    0x080063c8   0x080063c8   0x00000030   Code   RO         1529    i.USART1_SendStr    usart1-board.o
    0x080063f8   0x080063f8   0x0000001a   Code   RO         6239    i.UartConfig        uart.o
    0x08006412   0x08006412   0x0000001a   Code   RO         6241    i.UartInit          uart.o
    0x0800642c   0x0800642c   0x000002c0   Code   RO         1477    i.UartMcuConfig     uart-board.o
    0x080066ec   0x080066ec   0x000000b8   Code   RO         1479    i.UartMcuInit       uart-board.o
    0x080067a4   0x080067a4   0x00000002   Code   RO         5041    i.UsageFault_Handler  sysirqhandlers.o
    0x080067a6   0x080067a6   0x00000002   PAD
    0x080067a8   0x080067a8   0x00000020   Code   RO         6627    i.__0printf         mc_w.l(printfa.o)
    0x080067c8   0x080067c8   0x00000028   Code   RO         6629    i.__0sprintf        mc_w.l(printfa.o)
    0x080067f0   0x080067f0   0x0000000e   Code   RO         6728    i.__scatterload_copy  mc_w.l(handlers.o)
    0x080067fe   0x080067fe   0x00000002   Code   RO         6729    i.__scatterload_null  mc_w.l(handlers.o)
    0x08006800   0x08006800   0x0000000e   Code   RO         6730    i.__scatterload_zeroinit  mc_w.l(handlers.o)
    0x0800680e   0x0800680e   0x00000002   PAD
    0x08006810   0x08006810   0x00000184   Code   RO         6634    i._fp_digits        mc_w.l(printfa.o)
    0x08006994   0x08006994   0x000006b4   Code   RO         6635    i._printf_core      mc_w.l(printfa.o)
    0x08007048   0x08007048   0x00000024   Code   RO         6636    i._printf_post_padding  mc_w.l(printfa.o)
    0x0800706c   0x0800706c   0x0000002e   Code   RO         6637    i._printf_pre_padding  mc_w.l(printfa.o)
    0x0800709a   0x0800709a   0x0000000a   Code   RO         6639    i._sputc            mc_w.l(printfa.o)
    0x080070a4   0x080070a4   0x000000cc   Code   RO         5466    i.calc_sth11        hal_temhum.o
    0x08007170   0x08007170   0x00000040   Code   RO         5467    i.call_sht11        hal_temhum.o
    0x080071b0   0x080071b0   0x00000054   Code   RO         5468    i.call_sht1x        hal_temhum.o
    0x08007204   0x08007204   0x000000dc   Code   RO         6376    i.ceil              m_ws.l(ceil.o)
    0x080072e0   0x080072e0   0x000000dc   Code   RO         6380    i.floor             m_ws.l(floor.o)
    0x080073bc   0x080073bc   0x00000018   Code   RO         6243    i.fputc             uart.o
    0x080073d4   0x080073d4   0x00000004   Code   RO         5470    i.hal_temHumInit    hal_temhum.o
    0x080073d8   0x080073d8   0x0000000c   Code   RO         5149    i.isKey2Pressed     hal_key.o
    0x080073e4   0x080073e4   0x0000000c   Code   RO         5150    i.isKey3Pressed     hal_key.o
    0x080073f0   0x080073f0   0x0000000c   Code   RO         5151    i.isKey4Pressed     hal_key.o
    0x080073fc   0x080073fc   0x0000001c   Code   RO          713    i.keyScanner        key_scaner.o
    0x08007418   0x08007418   0x00000044   Code   RO         5152    i.keys_init         hal_key.o
    0x0800745c   0x0800745c   0x00000040   Code   RO            9    i.main              main.o
    0x0800749c   0x0800749c   0x00000014   Code   RO         5086    i.memcpy1           utilities.o
    0x080074b0   0x080074b0   0x0000000c   Code   RO         5155    i.resetKey2         hal_key.o
    0x080074bc   0x080074bc   0x0000000c   Code   RO         5156    i.resetKey3         hal_key.o
    0x080074c8   0x080074c8   0x0000000c   Code   RO         5157    i.resetKey4         hal_key.o
    0x080074d4   0x080074d4   0x00000094   Code   RO         6383    i.round             m_ws.l(round.o)
    0x08007568   0x08007568   0x00000050   Code   RO         5471    i.s_connectionreset  hal_temhum.o
    0x080075b8   0x080075b8   0x00000084   Code   RO         5472    i.s_measure         hal_temhum.o
    0x0800763c   0x0800763c   0x0000009c   Code   RO         5473    i.s_read_byte       hal_temhum.o
    0x080076d8   0x080076d8   0x00000010   Code   RO         5475    i.s_softreset       hal_temhum.o
    0x080076e8   0x080076e8   0x00000080   Code   RO         5476    i.s_transstart      hal_temhum.o
    0x08007768   0x08007768   0x00000098   Code   RO         5477    i.s_write_byte      hal_temhum.o
    0x08007800   0x08007800   0x000000dc   Code   RO         5158    i.scan_keys         hal_key.o
    0x080078dc   0x080078dc   0x0000000c   Code   RO         1413    i.setTimer2Callback  tim-board.o
    0x080078e8   0x080078e8   0x00000018   Data   RO         1162    .constdata          rtc-board.o
    0x08007900   0x08007900   0x0000005c   Data   RO         1327    .constdata          sx1276-board.o
    0x0800795c   0x0800795c   0x00000019   Data   RO         1611    .constdata          system_stm32l1xx.o
    0x08007975   0x08007975   0x00000008   Data   RO         1612    .constdata          system_stm32l1xx.o
    0x0800797d   0x0800797d   0x000012f0   Data   RO         5261    .constdata          hal_oled.o
    0x08008c6d   0x08008c6d   0x00000003   PAD
    0x08008c70   0x08008c70   0x000000e0   Data   RO         5792    .constdata          sx1276.o
    0x08008d50   0x08008d50   0x00000020   Data   RO         6726    Region$$Table       anon$$obj.o


    Execution Region RW_IRAM1 (Exec base: 0x20000000, Load base: 0x08008d70, Size: 0x00000c80, Max: 0x00002800, ABSOLUTE, COMPRESSED[0x000000cc])

    Exec Addr    Load Addr    Size         Type   Attr      Idx    E Section Name        Object

    0x20000000   COMPRESSED   0x000000e2   Data   RW           10    .data               main.o
    0x200000e2   COMPRESSED   0x00000002   PAD
    0x200000e4   COMPRESSED   0x0000000c   Data   RW          390    .data               adc_reader.o
    0x200000f0   COMPRESSED   0x00000004   Data   RW          603    .data               ns_radio.o
    0x200000f4   COMPRESSED   0x00000004   Data   RW          714    .data               key_scaner.o
    0x200000f8   COMPRESSED   0x00000004   Data   RW          944    .data               board.o
    0x200000fc   COMPRESSED   0x00000010   Data   RW         1163    .data               rtc-board.o
    0x2000010c   COMPRESSED   0x00000001   Data   RW         1328    .data               sx1276-board.o
    0x2000010d   COMPRESSED   0x00000003   PAD
    0x20000110   COMPRESSED   0x00000008   Data   RW         1416    .data               tim-board.o
    0x20000118   COMPRESSED   0x00000003   Data   RW         1481    .data               uart-board.o
    0x2000011b   COMPRESSED   0x00000001   PAD
    0x2000011c   COMPRESSED   0x00000006   Data   RW         1531    .data               usart1-board.o
    0x20000122   COMPRESSED   0x00000002   PAD
    0x20000124   COMPRESSED   0x00000004   Data   RW         1613    .data               system_stm32l1xx.o
    0x20000128   COMPRESSED   0x00000004   Data   RW         1666    .data               stm32l1xx_hal.o
    0x2000012c   COMPRESSED   0x0000000e   Data   RW         5159    .data               hal_key.o
    0x2000013a   COMPRESSED   0x00000002   Data   RW         5479    .data               hal_temhum.o
    0x2000013c   COMPRESSED   0x00000010   Data   RW         5793    .data               sx1276.o
    0x2000014c   COMPRESSED   0x00000001   Data   RW         5971    .data               adc.o
    0x2000014d   COMPRESSED   0x00000003   PAD
    0x20000150   COMPRESSED   0x00000008   Data   RW         6151    .data               timer.o
    0x20000158   COMPRESSED   0x00000004   Data   RW         6244    .data               uart.o
    0x2000015c        -       0x00000018   Zero   RW          389    .bss                adc_reader.o
    0x20000174        -       0x0000011b   Zero   RW          602    .bss                ns_radio.o
    0x2000028f   COMPRESSED   0x00000001   PAD
    0x20000290        -       0x00000054   Zero   RW          888    .bss                adc-board.o
    0x200002e4        -       0x00000030   Zero   RW          941    .bss                board.o
    0x20000314        -       0x00000038   Zero   RW          942    .bss                board.o
    0x2000034c        -       0x00000040   Zero   RW         1051    .bss                gpio-board.o
    0x2000038c        -       0x00000034   Zero   RW         1161    .bss                rtc-board.o
    0x200003c0        -       0x00000070   Zero   RW         1415    .bss                tim-board.o
    0x20000430        -       0x000000c0   Zero   RW         1480    .bss                uart-board.o
    0x200004f0        -       0x00000114   Zero   RW         1530    .bss                usart1-board.o
    0x20000604        -       0x00000030   Zero   RW         5259    .bss                hal_oled.o
    0x20000634        -       0x0000024c   Zero   RW         5791    .bss                sx1276.o
    0x20000880        -       0x00000400   Zero   RW         1599    STACK               startup_stm32l151xb.o


==============================================================================

Image component sizes


      Code (inc. data)   RO Data    RW Data    ZI Data      Debug   Object Name

       344         30          0          0         84       2456   adc-board.o
        52         10          0          1          0       1631   adc.o
       144         24          0         12         24       1879   adc_reader.o
       626         48          0          4        104       5045   board.o
         0          0          0          0          0     138484   configs.o
         4          0          0          0          0        794   delay.o
       762         50          0          0         64       7507   gpio-board.o
        24          0          0          0          0       1918   gpio.o
       360         50          0         14          0       4737   hal_key.o
       836         22       4848          0         48       7227   hal_oled.o
      2756        182          0          2          0      29580   hal_temhum.o
        28          6          0          4          0        497   key_scaner.o
       804         66          0        226          0     416661   main.o
       372         70          0          4        283       5254   ns_radio.o
      1528        134         24         16         52      10036   rtc-board.o
       420         22          0          0          0       3576   spi-board.o
        36          8        244          0       1024        852   startup_stm32l151xb.o
       162         30          0          4          0       5878   stm32l1xx_hal.o
      1486         60          0          0          0       8399   stm32l1xx_hal_adc.o
       228         14          0          0          0      29225   stm32l1xx_hal_cortex.o
       440         38          0          0          0       3734   stm32l1xx_hal_gpio.o
        16          6          0          0          0        564   stm32l1xx_hal_pwr_ex.o
      2708        110          0          0          0       7348   stm32l1xx_hal_rcc.o
       360         12          0          0          0       1488   stm32l1xx_hal_rcc_ex.o
      1028         26          0          0          0       8593   stm32l1xx_hal_rtc.o
       744         12          0          0          0       5394   stm32l1xx_hal_rtc_ex.o
         2          0          0          0          0       1034   stm32l1xx_hal_spi.o
       122          0          0          0          0       1115   stm32l1xx_hal_spi_ex.o
       488         22          0          0          0       6246   stm32l1xx_hal_tim.o
       874          6          0          0          0       3433   stm32l1xx_hal_uart.o
       310         26         92          1          0       8115   sx1276-board.o
      5036        312        224         16        588      23246   sx1276.o
        10          0          0          0          0       2281   sysirqhandlers.o
        80         18         33          4          0       1315   system_stm32l1xx.o
       308         96          0          8        112       3995   tim-board.o
       498         32          0          8          0       6062   timer.o
         4          0          0          0          0        435   timer_handles.o
       888         26          0          3        192       3409   uart-board.o
        76          6          0          4          0       3786   uart.o
       248         46          0          6        276       4282   usart1-board.o
        20          0          0          0          0       1098   utilities.o

    ----------------------------------------------------------------------
     25276       1620       5500        348       2852     778609   Object Totals
         0          0         32          0          0          0   (incl. Generated)
        44          0          3         11          1          0   (incl. Padding)

    ----------------------------------------------------------------------

      Code (inc. data)   RO Data    RW Data    ZI Data      Debug   Library Member Name

       220         16          0          0          0         84   ceil.o
       220         16          0          0          0         84   floor.o
       148         12          0          0          0         88   round.o
        86          0          0          0          0          0   __dczerorl2.o
         0          0          0          0          0          0   entry.o
         0          0          0          0          0          0   entry10a.o
         0          0          0          0          0          0   entry11a.o
         4          0          0          0          0          0   entry12b.o
         8          4          0          0          0          0   entry2.o
         4          0          0          0          0          0   entry5.o
         0          0          0          0          0          0   entry7b.o
         0          0          0          0          0          0   entry8b.o
         8          4          0          0          0          0   entry9a.o
        30          0          0          0          0          0   handlers.o
        36          8          0          0          0         68   init.o
         0          0          0          0          0          0   iusefp.o
        30          0          0          0          0         68   llshl.o
        36          0          0          0          0         68   llsshr.o
        32          0          0          0          0         68   llushr.o
        36          0          0          0          0         68   memcpya.o
        36          0          0          0          0        108   memseta.o
      2268         96          0          0          0        616   printfa.o
        44          0          0          0          0         80   uidiv.o
        98          0          0          0          0         92   uldiv.o
        48          0          0          0          0         68   cdcmple.o
        48          0          0          0          0         68   cdrcmple.o
        56          0          0          0          0         88   d2f.o
       334          0          0          0          0        148   dadd.o
       222          0          0          0          0        100   ddiv.o
       186          0          0          0          0        176   depilogue.o
        62          0          0          0          0         80   dfixi.o
        50          0          0          0          0         76   dfixui.o
        48          0          0          0          0         68   dfixul.o
        34          0          0          0          0         76   dflti.o
        26          0          0          0          0         76   dfltui.o
       228          0          0          0          0         96   dmul.o
       136          4          0          0          0         92   drnd.o
        46          0          0          0          0         80   dscalb.o
        38          0          0          0          0         68   f2d.o
       176          0          0          0          0        140   fadd.o
       124          0          0          0          0         88   fdiv.o
       110          0          0          0          0        168   fepilogue.o
        10          0          0          0          0         68   ffltui.o
       100          0          0          0          0         76   fmul.o

    ----------------------------------------------------------------------
      5432        160          0          0          0       3392   Library Totals
         6          0          0          0          0          0   (incl. Padding)

    ----------------------------------------------------------------------

      Code (inc. data)   RO Data    RW Data    ZI Data      Debug   Library Name

       588         44          0          0          0        256   m_ws.l
      2756        112          0          0          0       1236   mc_w.l
      2082          4          0          0          0       1900   mf_w.l

    ----------------------------------------------------------------------
      5432        160          0          0          0       3392   Library Totals

    ----------------------------------------------------------------------

==============================================================================


      Code (inc. data)   RO Data    RW Data    ZI Data      Debug   

     30708       1780       5500        348       2852     767257   Grand Totals
     30708       1780       5500        204       2852     767257   ELF Image Totals (compressed)
     30708       1780       5500        204          0          0   ROM Totals

==============================================================================

    Total RO  Size (Code + RO Data)                36208 (  35.36kB)
    Total RW  Size (RW Data + ZI Data)              3200 (   3.13kB)
    Total ROM Size (Code + RO Data + RW Data)      36412 (  35.56kB)

==============================================================================

