<html>
<body>
<pre>
<h1>礦ision Build Log</h1>
<h2>Tool Versions:</h2>
IDE-Version: μVision V5.14.0.0
Copyright (C) 2015 ARM Ltd and ARM Germany GmbH. All rights reserved.
License Information: Newland Newland, Newland, LIC=MPPLD-8IE7X-9UP4U-SSVRZ-SY4SR-EMVXW
 
Tool Versions:
Toolchain:       MDK-ARM Standard  Version: 5.14.0.0
Toolchain Path:  C:\Keil_v5\ARM\ARMCC\Bin
C Compiler:      Armcc.exe V5.05 update 1 (build 106)
Assembler:       Armasm.exe V5.05 update 1 (build 106)
Linker/Locator:  ArmLink.exe V5.05 update 1 (build 106)
Library Manager: ArmAr.exe V5.05 update 1 (build 106)
Hex Converter:   FromElf.exe V5.05 update 1 (build 106)
CPU DLL:         SARMCM3.DLL V5.14.0.0
Dialog DLL:      DCM.DLL V1.13.1.0
Target DLL:      STLink\ST-LINKIII-KEIL_SWO.dll V2.0.14.0_KEIL
Dialog DLL:      TCM.DLL V1.14.4.0
 
<h2>Project:</h2>
d:\github\STM32Learn\高职物联网设置日期\project\LoraNode.uvprojx
Project File Date:  05/13/2021

<h2>Output:</h2>
Build target 'LoraNode-433-lora'
compiling main.c...
..\source\apps\main.c(222): warning:  #167-D: argument of type "uint8_t *" is incompatible with parameter of type "char *"
      OLED_ShowCHineseArray(0,0,DQRQ[0]);
..\source\apps\main.c(223): warning:  #167-D: argument of type "uint8_t *" is incompatible with parameter of type "char *"
      OLED_ShowCHineseArray(16,0,DQRQ[1]);
..\source\apps\main.c(224): warning:  #167-D: argument of type "uint8_t *" is incompatible with parameter of type "char *"
      OLED_ShowCHineseArray(32,0,DQRQ[2]);
..\source\apps\main.c(225): warning:  #167-D: argument of type "uint8_t *" is incompatible with parameter of type "char *"
      OLED_ShowCHineseArray(48,0,DQRQ[3]);
..\source\apps\main.c(228): warning:  #167-D: argument of type "uint8_t *" is incompatible with parameter of type "char *"
      OLED_ShowNum(0,4,DATE[0],4,16);OLED_ShowCHineseArray(40,4,NYR[0]);
..\source\apps\main.c(229): warning:  #167-D: argument of type "uint8_t *" is incompatible with parameter of type "char *"
      OLED_ShowNum(0,6,DATE[1],2,16);OLED_ShowCHineseArray(24,6,NYR[1]);
..\source\apps\main.c(230): warning:  #167-D: argument of type "uint8_t *" is incompatible with parameter of type "char *"
      OLED_ShowNum(48,6,DATE[2],2,16);OLED_ShowCHineseArray(72,6,NYR[2]);
..\source\apps\main.c(237): warning:  #167-D: argument of type "uint8_t *" is incompatible with parameter of type "char *"
      OLED_ShowCHineseArray(0,2,NYR[0]);OLED_ShowChar(16,2,':');OLED_ShowNum(32,2,DATE[0],4,16);
..\source\apps\main.c(238): warning:  #167-D: argument of type "uint8_t *" is incompatible with parameter of type "char *"
      OLED_ShowCHineseArray(0,4,NYR[1]);OLED_ShowChar(16,4,':');OLED_ShowNum(32,4,DATE[1],2,16);
..\source\apps\main.c(239): warning:  #167-D: argument of type "uint8_t *" is incompatible with parameter of type "char *"
      OLED_ShowCHineseArray(0,6,NYR[2]);OLED_ShowChar(16,6,':');OLED_ShowNum(32,6,DATE[2],2,16);
..\source\apps\main.c(265): warning:  #167-D: argument of type "uint8_t *" is incompatible with parameter of type "char *restrict"
                  sprintf(arr,"%02x",USART1_RX_BUF[2]);
..\source\apps\main.c(273): warning:  #167-D: argument of type "uint8_t *" is incompatible with parameter of type "char *restrict"
                  sprintf(arr,"%02x",USART1_RX_BUF[2]);
..\source\apps\main.c: 12 warnings, 0 errors
linking...
Program Size: Code=19004 RO-data=5184 RW-data=356 ZI-data=2508  
FromELF: creating hex file...
".\Objects\LoraNode.axf" - 0 Error(s), 12 Warning(s).

<h2>Collection of Component include folders:</h2>
  d:\github\STM32Learn\高职物联网设置日期\project\RTE
  C:\Keil_v5\ARM\PACK\Keil\STM32L1xx_DFP\1.2.0

<h2>Collection of Component Files used:</h2>
</pre>
</body>
</html>
