<html>
<body>
<pre>
<h1>礦ision Build Log</h1>
<h2>Tool Versions:</h2>
IDE-Version: μVision V5.34.0.0
Copyright (C) 2021 ARM Ltd and ARM Germany GmbH. All rights reserved.
License Information: chen chen, chen, LIC=BUURY-I07Y1-VEKHA-1XKXZ-Y2SWV-YIL13
 
Tool Versions:
Toolchain:       MDK-ARM Plus  Version: 5.34.0.0
Toolchain Path:  C:\installer\Keil\ARM\ARMCC\Bin
C Compiler:      Armcc.exe V5.06 update 7 (build 960)
Assembler:       Armasm.exe V5.06 update 7 (build 960)
Linker/Locator:  ArmLink.exe V5.06 update 7 (build 960)
Library Manager: ArmAr.exe V5.06 update 7 (build 960)
Hex Converter:   FromElf.exe V5.06 update 7 (build 960)
CPU DLL:         SARMCM3.DLL V5.34.0.0
Dialog DLL:      DCM.DLL V1.17.3.0
Target DLL:      STLink\ST-LINKIII-KEIL_SWO.dll V3.0.8.0
Dialog DLL:      TCM.DLL V1.48.0.0
 
<h2>Project:</h2>
C:\Users\chen\Desktop\训练\2022山东高职\lora(A)\project\LoraNode.uvprojx
Project File Date:  11/21/2022

<h2>Output:</h2>
*** Using Compiler 'V5.06 update 7 (build 960)', folder: 'C:\installer\Keil\ARM\ARMCC\Bin'
Build target 'LoraNode-433-lora'
compiling main.c...
..\source\apps\main.c(62): warning:  #1295-D: Deprecated declaration OLED_State - give arg types
  void OLED_State();
..\source\apps\main.c(143): warning:  #167-D: argument of type "unsigned char *" is incompatible with parameter of type "char *"
  		OLED_ShowString(0,6,"LED1");OLED_ShowCHineseArray(32,6,kaiguan[0]);
..\source\apps\main.c(149): warning:  #167-D: argument of type "unsigned char *" is incompatible with parameter of type "char *"
  		OLED_ShowString(0,4,"LED1");OLED_ShowCHineseArray(32,4,kaiguan[0]);
..\source\apps\main.c(150): warning:  #167-D: argument of type "unsigned char *" is incompatible with parameter of type "char *"
  		OLED_ShowString(0,6,"LED1");OLED_ShowCHineseArray(32,6,kaiguan[1]);
..\source\apps\main.c(154): warning:  #167-D: argument of type "unsigned char *" is incompatible with parameter of type "char *"
  		OLED_ShowString(0,2,"LED1");OLED_ShowCHineseArray(32,2,kaiguan[0]);
..\source\apps\main.c(155): warning:  #167-D: argument of type "unsigned char *" is incompatible with parameter of type "char *"
  		OLED_ShowString(0,4,"LED1");OLED_ShowCHineseArray(32,4,kaiguan[1]);			
..\source\apps\main.c(156): warning:  #167-D: argument of type "unsigned char *" is incompatible with parameter of type "char *"
  	  OLED_ShowString(0,6,"LED2");OLED_ShowCHineseArray(32,6,Hxdss[0]);OLED_ShowCHineseArray(48,6,Hxdss[1]);OLED_ShowCHineseArray(64,6,Hxdss[2]);
..\source\apps\main.c(156): warning:  #167-D: argument of type "unsigned char *" is incompatible with parameter of type "char *"
  	  OLED_ShowString(0,6,"LED2");OLED_ShowCHineseArray(32,6,Hxdss[0]);OLED_ShowCHineseArray(48,6,Hxdss[1]);OLED_ShowCHineseArray(64,6,Hxdss[2]);
..\source\apps\main.c(156): warning:  #167-D: argument of type "unsigned char *" is incompatible with parameter of type "char *"
  	  OLED_ShowString(0,6,"LED2");OLED_ShowCHineseArray(32,6,Hxdss[0]);OLED_ShowCHineseArray(48,6,Hxdss[1]);OLED_ShowCHineseArray(64,6,Hxdss[2]);
..\source\apps\main.c(159): warning:  #167-D: argument of type "unsigned char *" is incompatible with parameter of type "char *"
  		OLED_ShowString(0,0,"LED1");OLED_ShowCHineseArray(32,0,kaiguan[0]);
..\source\apps\main.c(160): warning:  #167-D: argument of type "unsigned char *" is incompatible with parameter of type "char *"
  		OLED_ShowString(0,2,"LED1");OLED_ShowCHineseArray(32,2,kaiguan[1]);			
..\source\apps\main.c(161): warning:  #167-D: argument of type "unsigned char *" is incompatible with parameter of type "char *"
  	  OLED_ShowString(0,4,"LED2");OLED_ShowCHineseArray(32,4,Hxdss[0]);OLED_ShowCHineseArray(48,4,Hxdss[1]);OLED_ShowCHineseArray(64,4,Hxdss[2]);
..\source\apps\main.c(161): warning:  #167-D: argument of type "unsigned char *" is incompatible with parameter of type "char *"
  	  OLED_ShowString(0,4,"LED2");OLED_ShowCHineseArray(32,4,Hxdss[0]);OLED_ShowCHineseArray(48,4,Hxdss[1]);OLED_ShowCHineseArray(64,4,Hxdss[2]);
..\source\apps\main.c(161): warning:  #167-D: argument of type "unsigned char *" is incompatible with parameter of type "char *"
  	  OLED_ShowString(0,4,"LED2");OLED_ShowCHineseArray(32,4,Hxdss[0]);OLED_ShowCHineseArray(48,4,Hxdss[1]);OLED_ShowCHineseArray(64,4,Hxdss[2]);
..\source\apps\main.c(162): warning:  #167-D: argument of type "unsigned char *" is incompatible with parameter of type "char *"
      OLED_ShowString(0,6,"LED2");OLED_ShowCHineseArray(32,6,Hxdss[3]);OLED_ShowCHineseArray(48,6,Hxdss[4]);
..\source\apps\main.c(162): warning:  #167-D: argument of type "unsigned char *" is incompatible with parameter of type "char *"
      OLED_ShowString(0,6,"LED2");OLED_ShowCHineseArray(32,6,Hxdss[3]);OLED_ShowCHineseArray(48,6,Hxdss[4]);
..\source\apps\main.c(175): warning:  #167-D: argument of type "unsigned char *" is incompatible with parameter of type "char *restrict"
  				sprintf(arr,"%.2f",AdcReadCh0()*100*5/2.0);
..\source\apps\main.c(182): warning:  #167-D: argument of type "unsigned char *" is incompatible with parameter of type "char *restrict"
  				sprintf(arr,"%.2f",temp);
..\source\apps\main.c(190): warning:  #167-D: argument of type "unsigned char *" is incompatible with parameter of type "char *restrict"
  				sprintf(arr,"%.2f",hump);			
..\source\apps\main.c: 19 warnings, 0 errors
linking...
Program Size: Code=30708 RO-data=5500 RW-data=348 ZI-data=2852  
FromELF: creating hex file...
".\Objects\LoraNode.axf" - 0 Error(s), 19 Warning(s).

<h2>Software Packages used:</h2>

Package Vendor: Keil
                http://www.keil.com/pack/Keil.STM32L1xx_DFP.1.4.1.pack
                Keil.STM32L1xx_DFP.1.4.1
                STMicroelectronics STM32L1 Series Device Support and Examples

<h2>Collection of Component include folders:</h2>
  C:\installer\Keil\Keil\STM32L1xx_DFP\1.4.1\Drivers\CMSIS\Device\ST\STM32L1xx\Include

<h2>Collection of Component Files used:</h2>
Build Time Elapsed:  00:00:02
</pre>
</body>
</html>
