<html>
<body>
<pre>
<h1>礦ision Build Log</h1>
<h2>Tool Versions:</h2>
IDE-Version: μVision V5.14.0.0
Copyright (C) 2015 ARM Ltd and ARM Germany GmbH. All rights reserved.
License Information: Newland Newland, Newland, LIC=MPPLD-8IE7X-9UP4U-SSVRZ-SY4SR-EMVXW
 
Tool Versions:
Toolchain:       MDK-ARM Standard  Version: 5.14.0.0
Toolchain Path:  C:\Keil_v5\ARM\ARMCC\Bin
C Compiler:      Armcc.exe V5.05 update 1 (build 106)
Assembler:       Armasm.exe V5.05 update 1 (build 106)
Linker/Locator:  ArmLink.exe V5.05 update 1 (build 106)
Library Manager: ArmAr.exe V5.05 update 1 (build 106)
Hex Converter:   FromElf.exe V5.05 update 1 (build 106)
CPU DLL:         SARMCM3.DLL V5.14.0.0
Dialog DLL:      DCM.DLL V1.13.1.0
Target DLL:      STLink\ST-LINKIII-KEIL_SWO.dll V2.0.14.0_KEIL
Dialog DLL:      TCM.DLL V1.14.4.0
 
<h2>Project:</h2>
D:\2021高职物联网国赛 Lora点对点工程文件\B\project\LoraNode.uvprojx
Project File Date:  05/13/2021

<h2>Output:</h2>
Build target 'LoraNode-433-lora'
compiling main.c...
..\source\apps\main.c(80): warning:  #167-D: argument of type "uint8_t *" is incompatible with parameter of type "char *restrict"
                OLED_ShowString(0,2,"Light:");sprintf(arr,"%s",Zhi[0]);
..\source\apps\main.c(82): warning:  #167-D: argument of type "uint8_t *" is incompatible with parameter of type "char *restrict"
                OLED_ShowString(0,4,"Temp :");sprintf(arr,"%s",Zhi[1]);
..\source\apps\main.c(84): warning:  #167-D: argument of type "uint8_t *" is incompatible with parameter of type "char *restrict"
                OLED_ShowString(0,6,"Humi :");sprintf(arr,"%s",Zhi[2]);
..\source\apps\main.c: 3 warnings, 0 errors
linking...
Program Size: Code=20948 RO-data=5492 RW-data=104 ZI-data=2552  
FromELF: creating hex file...
".\Objects\LoraNode.axf" - 0 Error(s), 3 Warning(s).

<h2>Collection of Component include folders:</h2>
  D:\2021高职物联网国赛 Lora点对点工程文件\B\project\RTE
  C:\Keil_v5\ARM\PACK\Keil\STM32L1xx_DFP\1.2.0

<h2>Collection of Component Files used:</h2>
</pre>
</body>
</html>
